Component: Arm Compiler for Embedded 6.18 Tool: armlink [5e4cc100]

==============================================================================

Section Cross References

    startup_stm32wl55xx_cm4.o(RESET) refers to startup_stm32wl55xx_cm4.o(STACK) for __initial_sp
    startup_stm32wl55xx_cm4.o(RESET) refers to startup_stm32wl55xx_cm4.o(.text) for Reset_Handler
    startup_stm32wl55xx_cm4.o(RESET) refers to stm32wlxx_it.o(.text.NMI_Handler) for NMI_Handler
    startup_stm32wl55xx_cm4.o(RESET) refers to stm32wlxx_it.o(.text.HardFault_Handler) for HardFault_Handler
    startup_stm32wl55xx_cm4.o(RESET) refers to stm32wlxx_it.o(.text.MemManage_Handler) for MemManage_Handler
    startup_stm32wl55xx_cm4.o(RESET) refers to stm32wlxx_it.o(.text.BusFault_Handler) for BusFault_Handler
    startup_stm32wl55xx_cm4.o(RESET) refers to stm32wlxx_it.o(.text.UsageFault_Handler) for UsageFault_Handler
    startup_stm32wl55xx_cm4.o(RESET) refers to stm32wlxx_it.o(.text.SVC_Handler) for SVC_Handler
    startup_stm32wl55xx_cm4.o(RESET) refers to stm32wlxx_it.o(.text.DebugMon_Handler) for DebugMon_Handler
    startup_stm32wl55xx_cm4.o(RESET) refers to stm32wlxx_it.o(.text.PendSV_Handler) for PendSV_Handler
    startup_stm32wl55xx_cm4.o(RESET) refers to stm32wlxx_it.o(.text.SysTick_Handler) for SysTick_Handler
    startup_stm32wl55xx_cm4.o(RESET) refers to stm32wlxx_it.o(.text.TAMP_STAMP_LSECSS_SSRU_IRQHandler) for TAMP_STAMP_LSECSS_SSRU_IRQHandler
    startup_stm32wl55xx_cm4.o(RESET) refers to stm32wlxx_it.o(.text.DMA1_Channel1_IRQHandler) for DMA1_Channel1_IRQHandler
    startup_stm32wl55xx_cm4.o(RESET) refers to stm32wlxx_it.o(.text.DMA1_Channel5_IRQHandler) for DMA1_Channel5_IRQHandler
    startup_stm32wl55xx_cm4.o(RESET) refers to stm32wlxx_it.o(.text.USART1_IRQHandler) for USART1_IRQHandler
    startup_stm32wl55xx_cm4.o(RESET) refers to stm32wlxx_it.o(.text.USART2_IRQHandler) for USART2_IRQHandler
    startup_stm32wl55xx_cm4.o(RESET) refers to stm32wlxx_it.o(.text.EXTI15_10_IRQHandler) for EXTI15_10_IRQHandler
    startup_stm32wl55xx_cm4.o(RESET) refers to stm32wlxx_it.o(.text.RTC_Alarm_IRQHandler) for RTC_Alarm_IRQHandler
    startup_stm32wl55xx_cm4.o(RESET) refers to stm32wlxx_it.o(.text.SUBGHZ_Radio_IRQHandler) for SUBGHZ_Radio_IRQHandler
    startup_stm32wl55xx_cm4.o(.text) refers to system_stm32wlxx.o(.text.SystemInit) for SystemInit
    startup_stm32wl55xx_cm4.o(.text) refers to entry.o(.ARM.Collect$$$$00000000) for __main
    main.o(.text.main) refers to stm32wlxx_hal.o(.text.HAL_Init) for HAL_Init
    main.o(.text.main) refers to main.o(.text.SystemClock_Config) for SystemClock_Config
    main.o(.text.main) refers to main.o(.text.LL_AHB2_GRP1_EnableClock) for LL_AHB2_GRP1_EnableClock
    main.o(.text.main) refers to app_subghz_phy.o(.text.MX_SubGHz_Phy_Init) for MX_SubGHz_Phy_Init
    main.o(.text.main) refers to app_subghz_phy.o(.text.MX_SubGHz_Phy_Process) for MX_SubGHz_Phy_Process
    main.o(.text.main) refers to printf1.o(i.__0printf$1) for __2printf
    main.o(.ARM.exidx.text.main) refers to main.o(.text.main) for [Anonymous Symbol]
    main.o(.text.SystemClock_Config) refers to memseta.o(.text) for __aeabi_memclr4
    main.o(.text.SystemClock_Config) refers to stm32wlxx_hal_pwr.o(.text.HAL_PWR_EnableBkUpAccess) for HAL_PWR_EnableBkUpAccess
    main.o(.text.SystemClock_Config) refers to stm32wlxx_hal_rcc.o(.text.HAL_RCC_OscConfig) for HAL_RCC_OscConfig
    main.o(.text.SystemClock_Config) refers to stm32wlxx_hal_rcc.o(.text.HAL_RCC_ClockConfig) for HAL_RCC_ClockConfig
    main.o(.ARM.exidx.text.SystemClock_Config) refers to main.o(.text.SystemClock_Config) for [Anonymous Symbol]
    main.o(.ARM.exidx.text.Error_Handler) refers to main.o(.text.Error_Handler) for [Anonymous Symbol]
    main.o(.text.fputc) refers to stm32wlxx_hal_uart.o(.text.HAL_UART_Transmit) for HAL_UART_Transmit
    main.o(.text.fputc) refers to usart.o(.bss.huart1) for huart1
    main.o(.ARM.exidx.text.fputc) refers to main.o(.text.fputc) for [Anonymous Symbol]
    main.o(.text.HAL_TIM_MspPostInit) refers to main.o(.text.LL_AHB2_GRP1_EnableClock) for LL_AHB2_GRP1_EnableClock
    main.o(.text.HAL_TIM_MspPostInit) refers to stm32wlxx_hal_gpio.o(.text.HAL_GPIO_Init) for HAL_GPIO_Init
    main.o(.ARM.exidx.text.HAL_TIM_MspPostInit) refers to main.o(.text.HAL_TIM_MspPostInit) for [Anonymous Symbol]
    main.o(.ARM.exidx.text.LL_AHB2_GRP1_EnableClock) refers to main.o(.text.LL_AHB2_GRP1_EnableClock) for [Anonymous Symbol]
    main.o(.text.MX_TIM2_Init) refers to stm32wlxx_hal_tim.o(.text.HAL_TIM_Base_Init) for HAL_TIM_Base_Init
    main.o(.text.MX_TIM2_Init) refers to stm32wlxx_hal_tim.o(.text.HAL_TIM_ConfigClockSource) for HAL_TIM_ConfigClockSource
    main.o(.text.MX_TIM2_Init) refers to stm32wlxx_hal_tim.o(.text.HAL_TIM_PWM_Init) for HAL_TIM_PWM_Init
    main.o(.text.MX_TIM2_Init) refers to stm32wlxx_hal_tim_ex.o(.text.HAL_TIMEx_MasterConfigSynchronization) for HAL_TIMEx_MasterConfigSynchronization
[...]
    SUBGRF_SetCrcSeed                        0x08004ee5   Thumb Code    32  radio_driver.o(.text.SUBGRF_SetCrcSeed)
    SUBGRF_SetDioIrqParams                   0x08004f05   Thumb Code    54  radio_driver.o(.text.SUBGRF_SetDioIrqParams)
    SUBGRF_SetLoRaSymbNumTimeout             0x08004f3b   Thumb Code    56  radio_driver.o(.text.SUBGRF_SetLoRaSymbNumTimeout)
    SUBGRF_SetModulationParams               0x08004f75   Thumb Code   168  radio_driver.o(.text.SUBGRF_SetModulationParams)
    SUBGRF_SetPaConfig                       0x08005025   Thumb Code    30  radio_driver.o(.text.SUBGRF_SetPaConfig)
    SUBGRF_SetPacketParams                   0x08005045   Thumb Code   168  radio_driver.o(.text.SUBGRF_SetPacketParams)
    SUBGRF_SetPacketType                     0x080050ed   Thumb Code    36  radio_driver.o(.text.SUBGRF_SetPacketType)
    SUBGRF_SetPayload                        0x08005115   Thumb Code    10  radio_driver.o(.text.SUBGRF_SetPayload)
    SUBGRF_SetRegulatorMode                  0x0800511f   Thumb Code    32  radio_driver.o(.text.SUBGRF_SetRegulatorMode)
    SUBGRF_SetRfFrequency                    0x08005141   Thumb Code    48  radio_driver.o(.text.SUBGRF_SetRfFrequency)
    SUBGRF_SetRfTxPower                      0x08005179   Thumb Code    40  radio_driver.o(.text.SUBGRF_SetRfTxPower)
    SUBGRF_SetRx                             0x080051a1   Thumb Code    24  radio_driver.o(.text.SUBGRF_SetRx)
    SUBGRF_SetRxBoosted                      0x080051b9   Thumb Code    52  radio_driver.o(.text.SUBGRF_SetRxBoosted)
    SUBGRF_SetRxDutyCycle                    0x080051ed   Thumb Code    56  radio_driver.o(.text.SUBGRF_SetRxDutyCycle)
    SUBGRF_SetSleep                          0x08005225   Thumb Code    44  radio_driver.o(.text.SUBGRF_SetSleep)
    SUBGRF_SetStandby                        0x08005251   Thumb Code    36  radio_driver.o(.text.SUBGRF_SetStandby)
    SUBGRF_SetStopRxTimerOnPreambleDetect    0x08005279   Thumb Code    18  radio_driver.o(.text.SUBGRF_SetStopRxTimerOnPreambleDetect)
    SUBGRF_SetSwitch                         0x0800528b   Thumb Code    44  radio_driver.o(.text.SUBGRF_SetSwitch)
    SUBGRF_SetSyncWord                       0x080052b7   Thumb Code    18  radio_driver.o(.text.SUBGRF_SetSyncWord)
    SUBGRF_SetTcxoMode                       0x080052c9   Thumb Code    38  radio_driver.o(.text.SUBGRF_SetTcxoMode)
    SUBGRF_SetTx                             0x080052f1   Thumb Code    24  radio_driver.o(.text.SUBGRF_SetTx)
    SUBGRF_SetTxContinuousWave               0x0800530d   Thumb Code    10  radio_driver.o(.text.SUBGRF_SetTxContinuousWave)
    SUBGRF_SetTxInfinitePreamble             0x08005317   Thumb Code    10  radio_driver.o(.text.SUBGRF_SetTxInfinitePreamble)
    SUBGRF_SetTxParams                       0x08005321   Thumb Code   128  radio_driver.o(.text.SUBGRF_SetTxParams)
    SUBGRF_SetWhiteningSeed                  0x080053a1   Thumb Code    52  radio_driver.o(.text.SUBGRF_SetWhiteningSeed)
    SUBGRF_WriteBuffer                       0x080053d9   Thumb Code    28  radio_driver.o(.text.SUBGRF_WriteBuffer)
    SUBGRF_WriteRegister                     0x08005411   Thumb Code    24  radio_driver.o(.text.SUBGRF_WriteRegister)
    SUBGRF_WriteRegisters                    0x08005429   Thumb Code    28  radio_driver.o(.text.SUBGRF_WriteRegisters)
    SVC_Handler                              0x08005449   Thumb Code     2  stm32wlxx_it.o(.text.SVC_Handler)
    SubghzApp_Init                           0x0800559d   Thumb Code   372  subghz_phy_app.o(.text.SubghzApp_Init)
    SysTick_Handler                          0x080057e5   Thumb Code     4  stm32wlxx_it.o(.text.SysTick_Handler)
    SysTimeGet                               0x080057e9   Thumb Code    64  stm32_systime.o(.text.SysTimeGet)
    SysTimeSub                               0x08005831   Thumb Code    32  stm32_systime.o(.text.SysTimeSub)
    SystemApp_Init                           0x08005851   Thumb Code    56  sys_app.o(.text.SystemApp_Init)
    SystemClock_Config                       0x08005891   Thumb Code   148  main.o(.text.SystemClock_Config)
    SystemInit                               0x0800592d   Thumb Code     2  system_stm32wlxx.o(.text.SystemInit)
    TAMP_STAMP_LSECSS_SSRU_IRQHandler        0x08005931   Thumb Code     8  stm32wlxx_it.o(.text.TAMP_STAMP_LSECSS_SSRU_IRQHandler)
    TIMER_IF_BkUp_Read_Seconds               0x08005941   Thumb Code     8  timer_if.o(.text.TIMER_IF_BkUp_Read_Seconds)
    TIMER_IF_BkUp_Read_SubSeconds            0x08005949   Thumb Code     8  timer_if.o(.text.TIMER_IF_BkUp_Read_SubSeconds)
    TIMER_IF_BkUp_Write_Seconds              0x0800595d   Thumb Code    12  timer_if.o(.text.TIMER_IF_BkUp_Write_Seconds)
    TIMER_IF_BkUp_Write_SubSeconds           0x08005969   Thumb Code    12  timer_if.o(.text.TIMER_IF_BkUp_Write_SubSeconds)
    TIMER_IF_Convert_Tick2ms                 0x08005975   Thumb Code    16  timer_if.o(.text.TIMER_IF_Convert_Tick2ms)
    TIMER_IF_Convert_ms2Tick                 0x08005985   Thumb Code     8  timer_if.o(.text.TIMER_IF_Convert_ms2Tick)
    TIMER_IF_GetMinimumTimeout               0x0800598d   Thumb Code     4  timer_if.o(.text.TIMER_IF_GetMinimumTimeout)
    TIMER_IF_GetTime                         0x08005991   Thumb Code    40  timer_if.o(.text.TIMER_IF_GetTime)
    TIMER_IF_GetTimerContext                 0x080059b9   Thumb Code     8  timer_if.o(.text.TIMER_IF_GetTimerContext)
    TIMER_IF_GetTimerElapsedTime             0x080059c1   Thumb Code    16  timer_if.o(.text.TIMER_IF_GetTimerElapsedTime)
    TIMER_IF_GetTimerValue                   0x080059d1   Thumb Code    20  timer_if.o(.text.TIMER_IF_GetTimerValue)
    TIMER_IF_Init                            0x080059e5   Thumb Code    60  timer_if.o(.text.TIMER_IF_Init)
    TIMER_IF_SetTimerContext                 0x08005a21   Thumb Code    12  timer_if.o(.text.TIMER_IF_SetTimerContext)
    TIMER_IF_StartTimer                      0x08005a31   Thumb Code    72  timer_if.o(.text.TIMER_IF_StartTimer)
    TIMER_IF_StopTimer                       0x08005a7d   Thumb Code    24  timer_if.o(.text.TIMER_IF_StopTimer)
    TIM_Base_SetConfig                       0x08005a9d   Thumb Code   104  stm32wlxx_hal_tim.o(.text.TIM_Base_SetConfig)
    TIM_CCxChannelCmd                        0x08005b05   Thumb Code    30  stm32wlxx_hal_tim.o(.text.TIM_CCxChannelCmd)
    TIM_OC2_SetConfig                        0x08005b8d   Thumb Code    92  stm32wlxx_hal_tim.o(.text.TIM_OC2_SetConfig)
    TimerExists                              0x08005f29   Thumb Code    24  stm32_timer.o(.text.TimerExists)
    TimerInsertNewHeadTimer                  0x08005f41   Thumb Code    20  stm32_timer.o(.text.TimerInsertNewHeadTimer)
    TimerInsertTimer                         0x08005f55   Thumb Code    32  stm32_timer.o(.text.TimerInsertTimer)
    TimerSetTimeout                          0x08005f79   Thumb Code    56  stm32_timer.o(.text.TimerSetTimeout)
    UART_AdvFeatureConfig                    0x08006075   Thumb Code   168  stm32wlxx_hal_uart.o(.text.UART_AdvFeatureConfig)
    UART_CheckIdleState                      0x0800611d   Thumb Code    76  stm32wlxx_hal_uart.o(.text.UART_CheckIdleState)
    UART_SetConfig                           0x0800659d   Thumb Code   424  stm32wlxx_hal_uart.o(.text.UART_SetConfig)
    UART_Start_Receive_IT                    0x0800677d   Thumb Code   224  stm32wlxx_hal_uart.o(.text.UART_Start_Receive_IT)
    UART_WaitOnFlagUntilTimeout              0x0800686d   Thumb Code   202  stm32wlxx_hal_uart.o(.text.UART_WaitOnFlagUntilTimeout)
    USART1_IRQHandler                        0x08006939   Thumb Code     8  stm32wlxx_it.o(.text.USART1_IRQHandler)
    USART2_IRQHandler                        0x08006941   Thumb Code     8  stm32wlxx_it.o(.text.USART2_IRQHandler)
    UTIL_ADV_TRACE_COND_FSend                0x0800694d   Thumb Code   160  stm32_adv_trace.o(.text.UTIL_ADV_TRACE_COND_FSend)
    UTIL_ADV_TRACE_Init                      0x080069f1   Thumb Code    36  stm32_adv_trace.o(.text.UTIL_ADV_TRACE_Init)
    UTIL_ADV_TRACE_PostSendHook              0x08006a1d   Thumb Code     8  sys_app.o(.text.UTIL_ADV_TRACE_PostSendHook)
    UTIL_ADV_TRACE_PreSendHook               0x08006a25   Thumb Code     8  sys_app.o(.text.UTIL_ADV_TRACE_PreSendHook)
    UTIL_ADV_TRACE_RegisterTimeStampFunction 0x08006a2d   Thumb Code     8  stm32_adv_trace.o(.text.UTIL_ADV_TRACE_RegisterTimeStampFunction)
    UTIL_ADV_TRACE_SetVerboseLevel           0x08006a35   Thumb Code     8  stm32_adv_trace.o(.text.UTIL_ADV_TRACE_SetVerboseLevel)
    UTIL_ADV_TRACE_StartRxProcess            0x08006a41   Thumb Code     8  stm32_adv_trace.o(.text.UTIL_ADV_TRACE_StartRxProcess)
    UTIL_LPM_EnterLowPower                   0x08006a4d   Thumb Code    64  stm32_lpm.o(.text.UTIL_LPM_EnterLowPower)
    UTIL_LPM_Init                            0x08006a91   Thumb Code    12  stm32_lpm.o(.text.UTIL_LPM_Init)
    UTIL_LPM_SetOffMode                      0x08006a9d   Thumb Code    44  stm32_lpm.o(.text.UTIL_LPM_SetOffMode)
    UTIL_LPM_SetStopMode                     0x08006ac9   Thumb Code    44  stm32_lpm.o(.text.UTIL_LPM_SetStopMode)
    UTIL_MEM_set_8                           0x08006af9   Thumb Code    14  stm32_mem.o(.text.UTIL_MEM_set_8)
    UTIL_SEQ_Idle                            0x08006b07   Thumb Code     4  sys_app.o(.text.UTIL_SEQ_Idle)
    UTIL_SEQ_PostIdle                        0x08006b0b   Thumb Code     2  stm32_seq.o(.text.UTIL_SEQ_PostIdle)
    UTIL_SEQ_PreIdle                         0x08006b0d   Thumb Code     2  stm32_seq.o(.text.UTIL_SEQ_PreIdle)
    UTIL_SEQ_RegTask                         0x08006b11   Thumb Code    32  stm32_seq.o(.text.UTIL_SEQ_RegTask)
    UTIL_SEQ_Run                             0x08006b31   Thumb Code   224  stm32_seq.o(.text.UTIL_SEQ_Run)
    UTIL_SEQ_SetTask                         0x08006c19   Thumb Code    36  stm32_seq.o(.text.UTIL_SEQ_SetTask)
    UTIL_TIMER_Create                        0x08006c41   Thumb Code    52  stm32_timer.o(.text.UTIL_TIMER_Create)
    UTIL_TIMER_GetCurrentTime                0x08006c75   Thumb Code    20  stm32_timer.o(.text.UTIL_TIMER_GetCurrentTime)
    UTIL_TIMER_GetElapsedTime                0x08006c89   Thumb Code    32  stm32_timer.o(.text.UTIL_TIMER_GetElapsedTime)
    UTIL_TIMER_IRQ_Handler                   0x08006ca9   Thumb Code   128  stm32_timer.o(.text.UTIL_TIMER_IRQ_Handler)
    UTIL_TIMER_Init                          0x08006d29   Thumb Code    12  stm32_timer.o(.text.UTIL_TIMER_Init)
    UTIL_TIMER_SetPeriod                     0x08006d35   Thumb Code    48  stm32_timer.o(.text.UTIL_TIMER_SetPeriod)
    UTIL_TIMER_Start                         0x08006d65   Thumb Code   108  stm32_timer.o(.text.UTIL_TIMER_Start)
    UTIL_TIMER_Stop                          0x08006dd1   Thumb Code    96  stm32_timer.o(.text.UTIL_TIMER_Stop)
    UsageFault_Handler                       0x08006e39   Thumb Code     2  stm32wlxx_it.o(.text.UsageFault_Handler)
    checkCmdType                             0x08006e3d   Thumb Code    24  cmd_processing.o(.text.checkCmdType)
    fputc                                    0x08006e5d   Thumb Code    24  main.o(.text.fputc)
    getIndex                                 0x08006e79   Thumb Code    12  cmd_processing.o(.text.getIndex)
    main                                     0x08006e85   Thumb Code    44  main.o(.text.main)
    proccess_cmd                             0x08006ec1   Thumb Code   244  cmd_processing.o(.text.proccess_cmd)
    tiny_vsnprintf_like                      0x08006fe1   Thumb Code   572  stm32_tiny_vsnprintf.o(.text.tiny_vsnprintf_like)
    vcom_DeInit                              0x08007271   Thumb Code    36  usart_if.o(.text.vcom_DeInit)
    vcom_Init                                0x08007299   Thumb Code    28  usart_if.o(.text.vcom_Init)
    vcom_ReceiveInit                         0x080072bd   Thumb Code    64  usart_if.o(.text.vcom_ReceiveInit)
    vcom_Resume                              0x08007301   Thumb Code    32  usart_if.o(.text.vcom_Resume)
    vcom_Trace_DMA                           0x08007325   Thumb Code    16  usart_if.o(.text.vcom_Trace_DMA)
    __0printf$1                              0x08007339   Thumb Code    22  printf1.o(i.__0printf$1)
    __1printf$1                              0x08007339   Thumb Code     0  printf1.o(i.__0printf$1)
    __2printf                                0x08007339   Thumb Code     0  printf1.o(i.__0printf$1)
    __scatterload_copy                       0x08007359   Thumb Code    14  handlers.o(i.__scatterload_copy)
    __scatterload_null                       0x08007367   Thumb Code     2  handlers.o(i.__scatterload_null)
    __scatterload_zeroinit                   0x08007369   Thumb Code    14  handlers.o(i.__scatterload_zeroinit)
    free                                     0x080074cd   Thumb Code    76  malloc.o(i.free)
    malloc                                   0x0800751d   Thumb Code    92  malloc.o(i.malloc)
    AHBPrescTable                            0x08007594   Data          64  system_stm32wlxx.o(.rodata.AHBPrescTable)
    APBPrescTable                            0x080075d4   Data          32  system_stm32wlxx.o(.rodata.APBPrescTable)
    Bandwidths                               0x080075f4   Data           3  radio.o(.rodata.Bandwidths)
    MSIRangeTable                            0x080076bc   Data          64  system_stm32wlxx.o(.rodata.MSIRangeTable)
    Radio                                    0x080076fc   Data         132  radio.o(.rodata.Radio)
    UARTPrescTable                           0x08007780   Data          24  stm32wlxx_hal_uart.o(.rodata.UARTPrescTable)
    UTIL_PowerDriver                         0x08007798   Data          24  stm32_lpm_if.o(.rodata.UTIL_PowerDriver)
    UTIL_SYSTIMDriver                        0x080077b0   Data          20  timer_if.o(.rodata.UTIL_SYSTIMDriver)
    UTIL_TimerDriver                         0x080077c4   Data          44  timer_if.o(.rodata.UTIL_TimerDriver)
    UTIL_TraceDriver                         0x080077f0   Data          16  usart_if.o(.rodata.UTIL_TraceDriver)
    Region$$Table$$Base                      0x08007858   Number         0  anon$$obj.o(Region$$Table)
    Region$$Table$$Limit                     0x08007878   Number         0  anon$$obj.o(Region$$Table)
    __stdout                                 0x20000000   Data           4  stdout.o(.data)
    __microlib_freelist                      0x20000004   Data           4  mvars.o(.data)
    __microlib_freelist_initialised          0x20000008   Data           4  mvars.o(.data)
    uwTickFreq                               0x2000000c   Data           1  stm32wlxx_hal.o(.data..L_MergedGlobals)
    uwTickPrio                               0x20000010   Data           4  stm32wlxx_hal.o(.data..L_MergedGlobals)
    SystemCoreClock                          0x20000020   Data           4  system_stm32wlxx.o(.data.SystemCoreClock)
    charRx                                   0x20000030   Data           1  usart_if.o(.bss..L_MergedGlobals)
    RssiValue                                0x20000038   Data           1  subghz_phy_app.o(.bss..L_MergedGlobals)
    SnrValue                                 0x20000039   Data           1  subghz_phy_app.o(.bss..L_MergedGlobals)
    receivedRx                               0x2000003a   Data           1  subghz_phy_app.o(.bss..L_MergedGlobals)
    RxBufferSize                             0x2000003c   Data           2  subghz_phy_app.o(.bss..L_MergedGlobals)
    uartRxIdx                                0x2000003e   Data           2  subghz_phy_app.o(.bss..L_MergedGlobals)
    lastMsgTime                              0x20000048   Data           8  subghz_phy_app.o(.bss..L_MergedGlobals)
    currentTime                              0x20000050   Data           8  subghz_phy_app.o(.bss..L_MergedGlobals)
    timeDiff                                 0x20000058   Data           8  subghz_phy_app.o(.bss..L_MergedGlobals)
    FrequencyError                           0x200000ac   Data           4  radio_driver.o(.bss..L_MergedGlobals)
    TxTimeoutTimer                           0x200000b8   Data          24  radio.o(.bss..L_MergedGlobals)
    RxTimeoutTimer                           0x200000d0   Data          24  radio.o(.bss..L_MergedGlobals)
    SubgRf                                   0x20000644   Data          88  radio.o(.bss.SubgRf)
    aRxBuffer                                0x20000724   Data         300  subghz_phy_app.o(.bss.aRxBuffer)
    hdma_tim2_ch2                            0x20000850   Data          96  main.o(.bss.hdma_tim2_ch2)
    hdma_usart1_tx                           0x200008b0   Data          96  usart.o(.bss.hdma_usart1_tx)
    hrtc                                     0x20000910   Data          56  rtc.o(.bss.hrtc)
    hsubghz                                  0x20000948   Data          12  subghz.o(.bss.hsubghz)
    htim2                                    0x20000954   Data          76  main.o(.bss.htim2)
    huart1                                   0x200009a0   Data         144  usart.o(.bss.huart1)
    queue                                    0x20000a30   Data        2564  subghz_phy_app.o(.bss.queue)
    uwTick                                   0x20001534   Data           4  stm32wlxx_hal.o(.bss.uwTick)
    __heap_base                              0x20001538   Data           0  startup_stm32wl55xx_cm4.o(HEAP)
    __heap_limit                             0x20001738   Data           0  startup_stm32wl55xx_cm4.o(HEAP)
    __initial_sp                             0x20001f38   Data           0  startup_stm32wl55xx_cm4.o(STACK)



==============================================================================

Memory Map of the image

  Image Entry point : 0x08000139

  Load Region LR_IROM1 (Base: 0x08000000, Size: 0x000078a0, Max: 0x00040000, ABSOLUTE)

    Execution Region ER_IROM1 (Exec base: 0x08000000, Load base: 0x08000000, Size: 0x00007878, Max: 0x00040000, ABSOLUTE)

    Exec Addr    Load Addr    Size         Type   Attr      Idx    E Section Name        Object

    0x08000000   0x08000000   0x00000138   Data   RO            4    RESET               startup_stm32wl55xx_cm4.o
    0x08000138   0x08000138   0x00000000   Code   RO         2758  * .ARM.Collect$$$$00000000  mc_w.l(entry.o)
    0x08000138   0x08000138   0x00000004   Code   RO         3074    .ARM.Collect$$$$00000001  mc_w.l(entry2.o)
    0x0800013c   0x0800013c   0x00000004   Code   RO         3077    .ARM.Collect$$$$00000004  mc_w.l(entry5.o)
    0x08000140   0x08000140   0x00000000   Code   RO         3079    .ARM.Collect$$$$00000008  mc_w.l(entry7b.o)
    0x08000140   0x08000140   0x00000000   Code   RO         3081    .ARM.Collect$$$$0000000A  mc_w.l(entry8b.o)
    0x08000140   0x08000140   0x00000008   Code   RO         3082    .ARM.Collect$$$$0000000B  mc_w.l(entry9a.o)
    0x08000148   0x08000148   0x00000000   Code   RO         3084    .ARM.Collect$$$$0000000D  mc_w.l(entry10a.o)
    0x08000148   0x08000148   0x00000000   Code   RO         3086    .ARM.Collect$$$$0000000F  mc_w.l(entry11a.o)
    0x08000148   0x08000148   0x00000004   Code   RO         3075    .ARM.Collect$$$$00002712  mc_w.l(entry2.o)
    0x0800014c   0x0800014c   0x00000024   Code   RO            5    .text               startup_stm32wl55xx_cm4.o
    0x08000170   0x08000170   0x00000062   Code   RO         2761    .text               mc_w.l(uldiv.o)
    0x080001d2   0x080001d2   0x00000040   Code   RO         2765    .text               mc_w.l(memmovea.o)
    0x08000212   0x08000212   0x00000024   Code   RO         2767    .text               mc_w.l(memseta.o)
    0x08000236   0x08000236   0x00000018   Code   RO         2769    .text               mc_w.l(strncpy.o)
    0x0800024e   0x0800024e   0x00000014   Code   RO         2771    .text               mc_w.l(strchr.o)
    0x08000262   0x08000262   0x0000000e   Code   RO         2773    .text               mc_w.l(strlen.o)
    0x08000270   0x08000270   0x0000001a   Code   RO         2775    .text               mc_w.l(memcmp.o)
    0x0800028a   0x0800028a   0x0000001e   Code   RO         2777    .text               mc_w.l(strncmp.o)
    0x080002a8   0x080002a8   0x0000001c   Code   RO         3072    .text               mc_w.l(calloc.o)
    0x080002c4   0x080002c4   0x0000002c   Code   RO         3098    .text               mc_w.l(uidiv.o)
    0x080002f0   0x080002f0   0x0000001e   Code   RO         3100    .text               mc_w.l(llshl.o)
    0x0800030e   0x0800030e   0x00000020   Code   RO         3102    .text               mc_w.l(llushr.o)
    0x0800032e   0x0800032e   0x00000002   PAD
    0x08000330   0x08000330   0x00000024   Code   RO         3117    .text               mc_w.l(init.o)
    0x08000354   0x08000354   0x00000040   Code   RO          412    .text.BSP_LED_Init  stm32wlxx_nucleo.o
    0x08000394   0x08000394   0x00000020   Code   RO          422    .text.BSP_LED_Toggle  stm32wlxx_nucleo.o
    0x080003b4   0x080003b4   0x00000044   Code   RO          464    .text.BSP_RADIO_ConfigRFSwitch  stm32wlxx_nucleo_radio.o
    0x080003f8   0x080003f8   0x00000004   Code   RO          466    .text.BSP_RADIO_GetTxConfig  stm32wlxx_nucleo_radio.o
    0x080003fc   0x080003fc   0x00000068   Code   RO          458    .text.BSP_RADIO_Init  stm32wlxx_nucleo_radio.o
    0x08000464   0x08000464   0x00000004   Code   RO          470    .text.BSP_RADIO_IsDCDC  stm32wlxx_nucleo_radio.o
    0x08000468   0x08000468   0x00000004   Code   RO          468    .text.BSP_RADIO_IsTCXO  stm32wlxx_nucleo_radio.o
    0x0800046c   0x0800046c   0x00000002   Code   RO          238    .text.BusFault_Handler  stm32wlxx_it.o
    0x0800046e   0x0800046e   0x00000002   PAD
    0x08000470   0x08000470   0x00000018   Code   RO          324    .text.BuzzDeInit    subghz_phy_app.o
    0x08000488   0x08000488   0x0000003c   Code   RO          322    .text.Buzz_Master   subghz_phy_app.o
    0x080004c4   0x080004c4   0x00000028   Code   RO          326    .text.Buzz_Slave    subghz_phy_app.o
    0x080004ec   0x080004ec   0x00000044   Code   RO          298    .text.CMD_GetChar   subghz_phy_app.o
    0x08000530   0x08000530   0x00000008   Code   RO          254    .text.DMA1_Channel1_IRQHandler  stm32wlxx_it.o
    0x08000538   0x08000538   0x0000001c   Code   RO          256    .text.DMA1_Channel5_IRQHandler  stm32wlxx_it.o
    0x08000554   0x08000554   0x0000004c   Code   RO          687    .text.DMA_CalcDMAMUXChannelBaseAndMask  stm32wlxx_hal_dma.o
    0x080005a0   0x080005a0   0x00000028   Code   RO          689    .text.DMA_CalcDMAMUXRequestGenBaseAndMask  stm32wlxx_hal_dma.o
    0x080005c8   0x080005c8   0x0000003a   Code   RO          695    .text.DMA_SetConfig  stm32wlxx_hal_dma.o
    0x08000602   0x08000602   0x00000002   Code   RO          244    .text.DebugMon_Handler  stm32wlxx_it.o
    0x08000604   0x08000604   0x00000038   Code   RO          381    .text.Dequeue       queue.o
    0x0800063c   0x0800063c   0x00000008   Code   RO          252    .text.EXTI15_10_IRQHandler  stm32wlxx_it.o
    0x08000644   0x08000644   0x00000046   Code   RO          379    .text.Enqueue       queue.o
    0x0800068a   0x0800068a   0x00000002   Code   RO           16    .text.Error_Handler  main.o
    0x0800068c   0x0800068c   0x00000070   Code   RO          699    .text.HAL_DMA_Abort  stm32wlxx_hal_dma.o
    0x080006fc   0x080006fc   0x0000006c   Code   RO          701    .text.HAL_DMA_Abort_IT  stm32wlxx_hal_dma.o
    0x08000768   0x08000768   0x00000020   Code   RO          715    .text.HAL_DMA_ConfigChannelAttributes  stm32wlxx_hal_dma.o
    0x08000788   0x08000788   0x000000a8   Code   RO          691    .text.HAL_DMA_DeInit  stm32wlxx_hal_dma.o
    0x08000830   0x08000830   0x000000a4   Code   RO          705    .text.HAL_DMA_IRQHandler  stm32wlxx_hal_dma.o
    0x080008d4   0x080008d4   0x000000c0   Code   RO          685    .text.HAL_DMA_Init  stm32wlxx_hal_dma.o
    0x08000994   0x08000994   0x00000082   Code   RO          697    .text.HAL_DMA_Start_IT  stm32wlxx_hal_dma.o
    0x08000a16   0x08000a16   0x00000002   PAD
    0x08000a18   0x08000a18   0x00000020   Code   RO          957    .text.HAL_Delay     stm32wlxx_hal.o
    0x08000a38   0x08000a38   0x000000ec   Code   RO          663    .text.HAL_GPIO_DeInit  stm32wlxx_hal_gpio.o
    0x08000b24   0x08000b24   0x00000002   Code   RO          675    .text.HAL_GPIO_EXTI_Callback  stm32wlxx_hal_gpio.o
    0x08000b26   0x08000b26   0x00000002   PAD
    0x08000b28   0x08000b28   0x00000014   Code   RO          673    .text.HAL_GPIO_EXTI_IRQHandler  stm32wlxx_hal_gpio.o
    0x08000b3c   0x08000b3c   0x00000188   Code   RO          661    .text.HAL_GPIO_Init  stm32wlxx_hal_gpio.o
    0x08000cc4   0x08000cc4   0x00000010   Code   RO          669    .text.HAL_GPIO_TogglePin  stm32wlxx_hal_gpio.o
    0x08000cd4   0x08000cd4   0x0000000c   Code   RO          667    .text.HAL_GPIO_WritePin  stm32wlxx_hal_gpio.o
    0x08000ce0   0x08000ce0   0x00000008   Code   RO          949    .text.HAL_GetTick   stm32wlxx_hal.o
    0x08000ce8   0x08000ce8   0x00000014   Code   RO          947    .text.HAL_IncTick   stm32wlxx_hal.o
    0x08000cfc   0x08000cfc   0x00000024   Code   RO          937    .text.HAL_Init      stm32wlxx_hal.o
    0x08000d20   0x08000d20   0x00000044   Code   RO          939    .text.HAL_InitTick  stm32wlxx_hal.o
    0x08000d64   0x08000d64   0x00000002   Code   RO          273    .text.HAL_MspInit   stm32wlxx_hal_msp.o
    0x08000d66   0x08000d66   0x00000002   PAD
    0x08000d68   0x08000d68   0x00000024   Code   RO          895    .text.HAL_NVIC_DisableIRQ  stm32wlxx_hal_cortex.o
    0x08000d8c   0x08000d8c   0x0000001c   Code   RO          893    .text.HAL_NVIC_EnableIRQ  stm32wlxx_hal_cortex.o
    0x08000da8   0x08000da8   0x0000004c   Code   RO          891    .text.HAL_NVIC_SetPriority  stm32wlxx_hal_cortex.o
    0x08000df4   0x08000df4   0x00000020   Code   RO          889    .text.HAL_NVIC_SetPriorityGrouping  stm32wlxx_hal_cortex.o
    0x08000e14   0x08000e14   0x00000040   Code   RO          855    .text.HAL_PWREx_DisableLowPowerRunMode  stm32wlxx_hal_pwr_ex.o
    0x08000e54   0x08000e54   0x00000008   Code   RO          853    .text.HAL_PWREx_EnableLowPowerRunMode  stm32wlxx_hal_pwr_ex.o
    0x08000e5c   0x08000e5c   0x00000028   Code   RO          861    .text.HAL_PWREx_EnterSTOP2Mode  stm32wlxx_hal_pwr_ex.o
    0x08000e84   0x08000e84   0x0000000c   Code   RO          787    .text.HAL_PWREx_GetVoltageRange  stm32wlxx_hal_pwr_ex.o
    0x08000e90   0x08000e90   0x00000010   Code   RO          749    .text.HAL_PWR_EnableBkUpAccess  stm32wlxx_hal_pwr.o
    0x08000ea0   0x08000ea0   0x00000044   Code   RO          763    .text.HAL_PWR_EnterSLEEPMode  stm32wlxx_hal_pwr.o
    0x08000ee4   0x08000ee4   0x0000015c   Code   RO          538    .text.HAL_RCCEx_PeriphCLKConfig  stm32wlxx_hal_rcc_ex.o
    0x08001040   0x08001040   0x000001e4   Code   RO          488    .text.HAL_RCC_ClockConfig  stm32wlxx_hal_rcc.o
    0x08001224   0x08001224   0x00000020   Code   RO          486    .text.HAL_RCC_GetHCLKFreq  stm32wlxx_hal_rcc.o
    0x08001244   0x08001244   0x00000018   Code   RO          498    .text.HAL_RCC_GetPCLK1Freq  stm32wlxx_hal_rcc.o
    0x0800125c   0x0800125c   0x00000020   Code   RO          500    .text.HAL_RCC_GetPCLK2Freq  stm32wlxx_hal_rcc.o
    0x0800127c   0x0800127c   0x000000e8   Code   RO          492    .text.HAL_RCC_GetSysClockFreq  stm32wlxx_hal_rcc.o
    0x08001364   0x08001364   0x00000544   Code   RO          482    .text.HAL_RCC_OscConfig  stm32wlxx_hal_rcc.o
    0x080018a8   0x080018a8   0x00000002   Code   RO         1199    .text.HAL_RTCEx_AlarmBEventCallback  stm32wlxx_hal_rtc_ex.o
    0x080018aa   0x080018aa   0x00000002   PAD
    0x080018ac   0x080018ac   0x00000008   Code   RO         1237    .text.HAL_RTCEx_BKUPRead  stm32wlxx_hal_rtc_ex.o
    0x080018b4   0x080018b4   0x0000000c   Code   RO         1235    .text.HAL_RTCEx_BKUPWrite  stm32wlxx_hal_rtc_ex.o
    0x080018c0   0x080018c0   0x0000002c   Code   RO         1183    .text.HAL_RTCEx_EnableBypassShadow  stm32wlxx_hal_rtc_ex.o
    0x080018ec   0x080018ec   0x00000010   Code   RO          170    .text.HAL_RTCEx_SSRUEventCallback  timer_if.o
    0x080018fc   0x080018fc   0x00000020   Code   RO         1195    .text.HAL_RTCEx_SSRUIRQHandler  stm32wlxx_hal_rtc_ex.o
    0x0800191c   0x0800191c   0x00000034   Code   RO         1191    .text.HAL_RTCEx_SetSSRU_IT  stm32wlxx_hal_rtc_ex.o
    0x08001950   0x08001950   0x00000004   Code   RO          168    .text.HAL_RTC_AlarmAEventCallback  timer_if.o
    0x08001954   0x08001954   0x00000038   Code   RO         1093    .text.HAL_RTC_AlarmIRQHandler  stm32wlxx_hal_rtc.o
    0x0800198c   0x0800198c   0x00000070   Code   RO         1089    .text.HAL_RTC_DeactivateAlarm  stm32wlxx_hal_rtc.o
    0x080019fc   0x080019fc   0x00000094   Code   RO         1051    .text.HAL_RTC_Init  stm32wlxx_hal_rtc.o
    0x08001a90   0x08001a90   0x00000078   Code   RO           53    .text.HAL_RTC_MspInit  rtc.o
    0x08001b08   0x08001b08   0x000000c4   Code   RO         1087    .text.HAL_RTC_SetAlarm_IT  stm32wlxx_hal_rtc.o
    0x08001bcc   0x08001bcc   0x00000034   Code   RO         1099    .text.HAL_RTC_WaitForSynchro  stm32wlxx_hal_rtc.o
    0x08001c00   0x08001c00   0x0000000c   Code   RO          961    .text.HAL_ResumeTick  stm32wlxx_hal.o
    0x08001c0c   0x08001c0c   0x00000018   Code   RO         2350    .text.HAL_SUBGHZ_CADStatusCallback  radio_driver.o
    0x08001c24   0x08001c24   0x00000008   Code   RO         2348    .text.HAL_SUBGHZ_CRCErrorCallback  radio_driver.o
    0x08001c2c   0x08001c2c   0x00000054   Code   RO         1305    .text.HAL_SUBGHZ_ExecGetCmd  stm32wlxx_hal_subghz.o
    0x08001c80   0x08001c80   0x00000078   Code   RO         1303    .text.HAL_SUBGHZ_ExecSetCmd  stm32wlxx_hal_subghz.o
    0x08001cf8   0x08001cf8   0x00000008   Code   RO         2354    .text.HAL_SUBGHZ_HeaderErrorCallback  radio_driver.o
    0x08001d00   0x08001d00   0x00000008   Code   RO         2360    .text.HAL_SUBGHZ_HeaderValidCallback  radio_driver.o
    0x08001d08   0x08001d08   0x0000008e   Code   RO         1311    .text.HAL_SUBGHZ_IRQHandler  stm32wlxx_hal_subghz.o
    0x08001d96   0x08001d96   0x00000002   PAD
    0x08001d98   0x08001d98   0x000000a0   Code   RO         1275    .text.HAL_SUBGHZ_Init  stm32wlxx_hal_subghz.o
    0x08001e38   0x08001e38   0x00000030   Code   RO           68    .text.HAL_SUBGHZ_MspInit  subghz.o
    0x08001e68   0x08001e68   0x00000008   Code   RO         2356    .text.HAL_SUBGHZ_PreambleDetectedCallback  radio_driver.o
    0x08001e70   0x08001e70   0x00000058   Code   RO         1309    .text.HAL_SUBGHZ_ReadBuffer  stm32wlxx_hal_subghz.o
    0x08001ec8   0x08001ec8   0x00000060   Code   RO         1295    .text.HAL_SUBGHZ_ReadRegisters  stm32wlxx_hal_subghz.o
    0x08001f28   0x08001f28   0x00000008   Code   RO         2346    .text.HAL_SUBGHZ_RxCpltCallback  radio_driver.o
    0x08001f30   0x08001f30   0x0000000c   Code   RO         2352    .text.HAL_SUBGHZ_RxTxTimeoutCallback  radio_driver.o
    0x08001f3c   0x08001f3c   0x00000008   Code   RO         2358    .text.HAL_SUBGHZ_SyncWordValidCallback  radio_driver.o
    0x08001f44   0x08001f44   0x0000000c   Code   RO         2344    .text.HAL_SUBGHZ_TxCpltCallback  radio_driver.o
    0x08001f50   0x08001f50   0x0000004c   Code   RO         1307    .text.HAL_SUBGHZ_WriteBuffer  stm32wlxx_hal_subghz.o
    0x08001f9c   0x08001f9c   0x0000006c   Code   RO         1287    .text.HAL_SUBGHZ_WriteRegisters  stm32wlxx_hal_subghz.o
    0x08002008   0x08002008   0x00000024   Code   RO          901    .text.HAL_SYSTICK_Config  stm32wlxx_hal_cortex.o
    0x0800202c   0x0800202c   0x0000000c   Code   RO          959    .text.HAL_SuspendTick  stm32wlxx_hal.o
    0x08002038   0x08002038   0x00000054   Code   RO         1827    .text.HAL_TIMEx_MasterConfigSynchronization  stm32wlxx_hal_tim_ex.o
    0x0800208c   0x0800208c   0x0000001c   Code   RO         1367    .text.HAL_TIM_Base_DeInit  stm32wlxx_hal_tim.o
    0x080020a8   0x080020a8   0x0000001e   Code   RO         1361    .text.HAL_TIM_Base_Init  stm32wlxx_hal_tim.o
    0x080020c6   0x080020c6   0x00000002   PAD
    0x080020c8   0x080020c8   0x0000001c   Code   RO          277    .text.HAL_TIM_Base_MspDeInit  stm32wlxx_hal_msp.o
    0x080020e4   0x080020e4   0x00000028   Code   RO          275    .text.HAL_TIM_Base_MspInit  stm32wlxx_hal_msp.o
    0x0800210c   0x0800210c   0x000000a8   Code   RO         1553    .text.HAL_TIM_ConfigClockSource  stm32wlxx_hal_tim.o
    0x080021b4   0x080021b4   0x00000030   Code   RO           20    .text.HAL_TIM_MspPostInit  main.o
    0x080021e4   0x080021e4   0x000000ac   Code   RO         1527    .text.HAL_TIM_PWM_ConfigChannel  stm32wlxx_hal_tim.o
    0x08002290   0x08002290   0x0000001e   Code   RO         1415    .text.HAL_TIM_PWM_Init  stm32wlxx_hal_tim.o
    0x080022ae   0x080022ae   0x00000002   Code   RO         1417    .text.HAL_TIM_PWM_MspInit  stm32wlxx_hal_tim.o
    0x080022b0   0x080022b0   0x000000b0   Code   RO         1423    .text.HAL_TIM_PWM_Start  stm32wlxx_hal_tim.o
    0x08002360   0x08002360   0x00000080   Code   RO         1425    .text.HAL_TIM_PWM_Stop  stm32wlxx_hal_tim.o
    0x080023e0   0x080023e0   0x00000044   Code   RO         2175    .text.HAL_UARTEx_EnableFifoMode  stm32wlxx_hal_uart_ex.o
    0x08002424   0x08002424   0x00000030   Code   RO         2171    .text.HAL_UARTEx_EnableStopMode  stm32wlxx_hal_uart_ex.o
    0x08002454   0x08002454   0x00000002   Code   RO         2025    .text.HAL_UARTEx_RxEventCallback  stm32wlxx_hal_uart.o
    0x08002456   0x08002456   0x00000002   Code   RO         2163    .text.HAL_UARTEx_RxFifoFullCallback  stm32wlxx_hal_uart_ex.o
    0x08002458   0x08002458   0x0000001c   Code   RO         2183    .text.HAL_UARTEx_SetRxFifoThreshold  stm32wlxx_hal_uart_ex.o
    0x08002474   0x08002474   0x0000001c   Code   RO         2181    .text.HAL_UARTEx_SetTxFifoThreshold  stm32wlxx_hal_uart_ex.o
    0x08002490   0x08002490   0x0000007c   Code   RO         2169    .text.HAL_UARTEx_StopModeWakeUpSourceConfig  stm32wlxx_hal_uart_ex.o
    0x0800250c   0x0800250c   0x00000002   Code   RO         2165    .text.HAL_UARTEx_TxFifoEmptyCallback  stm32wlxx_hal_uart_ex.o
    0x0800250e   0x0800250e   0x00000002   Code   RO         2161    .text.HAL_UARTEx_WakeupCallback  stm32wlxx_hal_uart_ex.o
    0x08002510   0x08002510   0x00000002   Code   RO         2023    .text.HAL_UART_ErrorCallback  stm32wlxx_hal_uart.o
    0x08002512   0x08002512   0x00000002   PAD
    0x08002514   0x08002514   0x000002c0   Code   RO         2019    .text.HAL_UART_IRQHandler  stm32wlxx_hal_uart.o
    0x080027d4   0x080027d4   0x0000003a   Code   RO         1931    .text.HAL_UART_Init  stm32wlxx_hal_uart.o
    0x0800280e   0x0800280e   0x00000002   PAD
    0x08002810   0x08002810   0x00000038   Code   RO          220    .text.HAL_UART_MspDeInit  usart.o
    0x08002848   0x08002848   0x000000cc   Code   RO          218    .text.HAL_UART_MspInit  usart.o
    0x08002914   0x08002914   0x00000044   Code   RO         1967    .text.HAL_UART_Receive_IT  stm32wlxx_hal_uart.o
    0x08002958   0x08002958   0x0000002c   Code   RO          203    .text.HAL_UART_RxCpltCallback  usart_if.o
    0x08002984   0x08002984   0x000000b8   Code   RO         1951    .text.HAL_UART_Transmit  stm32wlxx_hal_uart.o
    0x08002a3c   0x08002a3c   0x00000090   Code   RO         1971    .text.HAL_UART_Transmit_DMA  stm32wlxx_hal_uart.o
    0x08002acc   0x08002acc   0x0000000c   Code   RO          201    .text.HAL_UART_TxCpltCallback  usart_if.o
    0x08002ad8   0x08002ad8   0x00000002   Code   RO         2029    .text.HAL_UART_TxHalfCpltCallback  stm32wlxx_hal_uart.o
    0x08002ada   0x08002ada   0x00000002   Code   RO          234    .text.HardFault_Handler  stm32wlxx_it.o
    0x08002adc   0x08002adc   0x0000001c   Code   RO           41    .text.LL_AHB1_GRP1_EnableClock  dma.o
    0x08002af8   0x08002af8   0x0000001c   Code   RO           22    .text.LL_AHB2_GRP1_EnableClock  main.o
    0x08002b14   0x08002b14   0x00000018   Code   RO          414    .text.LL_AHB2_GRP1_EnableClock  stm32wlxx_nucleo.o
    0x08002b2c   0x08002b2c   0x00000020   Code   RO          460    .text.LL_AHB2_GRP1_EnableClock  stm32wlxx_nucleo_radio.o
    0x08002b4c   0x08002b4c   0x00000020   Code   RO          540    .text.LL_RCC_SetI2CClockSource  stm32wlxx_hal_rcc_ex.o
    0x08002b6c   0x08002b6c   0x00000022   Code   RO           39    .text.MX_DMA_Init   dma.o
    0x08002b8e   0x08002b8e   0x00000002   PAD
    0x08002b90   0x08002b90   0x00000074   Code   RO           51    .text.MX_RTC_Init   rtc.o
    0x08002c04   0x08002c04   0x0000001c   Code   RO           66    .text.MX_SUBGHZ_Init  subghz.o
    0x08002c20   0x08002c20   0x0000000e   Code   RO          287    .text.MX_SubGHz_Phy_Init  app_subghz_phy.o
    0x08002c2e   0x08002c2e   0x00000008   Code   RO          289    .text.MX_SubGHz_Phy_Process  app_subghz_phy.o
    0x08002c36   0x08002c36   0x00000002   PAD
    0x08002c38   0x08002c38   0x0000008c   Code   RO           24    .text.MX_TIM2_Init  main.o
    0x08002cc4   0x08002cc4   0x00000068   Code   RO          216    .text.MX_USART1_UART_Init  usart.o
    0x08002d2c   0x08002d2c   0x00000002   Code   RO          236    .text.MemManage_Handler  stm32wlxx_it.o
    0x08002d2e   0x08002d2e   0x00000002   Code   RO          232    .text.NMI_Handler   stm32wlxx_it.o
    0x08002d30   0x08002d30   0x00000010   Code   RO          174    .text.OUTLINED_FUNCTION_0  timer_if.o
    0x08002d40   0x08002d40   0x0000000a   Code   RO          328    .text.OUTLINED_FUNCTION_0  subghz_phy_app.o
    0x08002d4a   0x08002d4a   0x0000000a   Code   RO          363    .text.OUTLINED_FUNCTION_0  cmd_processing.o
    0x08002d54   0x08002d54   0x00000028   Code   RO          514    .text.OUTLINED_FUNCTION_0  stm32wlxx_hal_rcc.o
    0x08002d7c   0x08002d7c   0x00000014   Code   RO          568    .text.OUTLINED_FUNCTION_0  stm32wlxx_hal_rcc_ex.o
    0x08002d90   0x08002d90   0x0000000e   Code   RO          719    .text.OUTLINED_FUNCTION_0  stm32wlxx_hal_dma.o
    0x08002d9e   0x08002d9e   0x0000000a   Code   RO          869    .text.OUTLINED_FUNCTION_0  stm32wlxx_hal_pwr_ex.o
    0x08002da8   0x08002da8   0x0000000a   Code   RO         1007    .text.OUTLINED_FUNCTION_0  stm32wlxx_hal.o
    0x08002db2   0x08002db2   0x00000026   Code   RO         1103    .text.OUTLINED_FUNCTION_0  stm32wlxx_hal_rtc.o
    0x08002dd8   0x08002dd8   0x00000012   Code   RO         1239    .text.OUTLINED_FUNCTION_0  stm32wlxx_hal_rtc_ex.o
    0x08002dea   0x08002dea   0x0000000e   Code   RO         1335    .text.OUTLINED_FUNCTION_0  stm32wlxx_hal_subghz.o
    0x08002df8   0x08002df8   0x0000003a   Code   RO         1597    .text.OUTLINED_FUNCTION_0  stm32wlxx_hal_tim.o
    0x08002e32   0x08002e32   0x00000014   Code   RO         2069    .text.OUTLINED_FUNCTION_0  stm32wlxx_hal_uart.o
    0x08002e46   0x08002e46   0x0000001c   Code   RO         2191    .text.OUTLINED_FUNCTION_0  stm32wlxx_hal_uart_ex.o
    0x08002e62   0x08002e62   0x00000016   Code   RO         2366    .text.OUTLINED_FUNCTION_0  radio_driver.o
    0x08002e78   0x08002e78   0x00000006   Code   RO         2406    .text.OUTLINED_FUNCTION_0  radio_fw.o
    0x08002e7e   0x08002e7e   0x00000008   Code   RO         2483    .text.OUTLINED_FUNCTION_0  radio.o
    0x08002e86   0x08002e86   0x0000000a   Code   RO          176    .text.OUTLINED_FUNCTION_1  timer_if.o
    0x08002e90   0x08002e90   0x00000008   Code   RO          330    .text.OUTLINED_FUNCTION_1  subghz_phy_app.o
    0x08002e98   0x08002e98   0x00000006   Code   RO          516    .text.OUTLINED_FUNCTION_1  stm32wlxx_hal_rcc.o
    0x08002e9e   0x08002e9e   0x0000000e   Code   RO         1105    .text.OUTLINED_FUNCTION_1  stm32wlxx_hal_rtc.o
    0x08002eac   0x08002eac   0x00000010   Code   RO         1337    .text.OUTLINED_FUNCTION_1  stm32wlxx_hal_subghz.o
    0x08002ebc   0x08002ebc   0x00000036   Code   RO         1599    .text.OUTLINED_FUNCTION_1  stm32wlxx_hal_tim.o
    0x08002ef2   0x08002ef2   0x00000016   Code   RO         2071    .text.OUTLINED_FUNCTION_1  stm32wlxx_hal_uart.o
    0x08002f08   0x08002f08   0x00000012   Code   RO         2193    .text.OUTLINED_FUNCTION_1  stm32wlxx_hal_uart_ex.o
    0x08002f1a   0x08002f1a   0x00000006   Code   RO         2368    .text.OUTLINED_FUNCTION_1  radio_driver.o
    0x08002f20   0x08002f20   0x0000000a   Code   RO         2485    .text.OUTLINED_FUNCTION_1  radio.o
    0x08002f2a   0x08002f2a   0x00000006   Code   RO         1123    .text.OUTLINED_FUNCTION_10  stm32wlxx_hal_rtc.o
    0x08002f30   0x08002f30   0x00000014   Code   RO         2089    .text.OUTLINED_FUNCTION_10  stm32wlxx_hal_uart.o
    0x08002f44   0x08002f44   0x00000006   Code   RO         1125    .text.OUTLINED_FUNCTION_11  stm32wlxx_hal_rtc.o
    0x08002f4a   0x08002f4a   0x00000006   Code   RO         1619    .text.OUTLINED_FUNCTION_11  stm32wlxx_hal_tim.o
    0x08002f50   0x08002f50   0x0000000a   Code   RO         1127    .text.OUTLINED_FUNCTION_12  stm32wlxx_hal_rtc.o
    0x08002f5a   0x08002f5a   0x00000008   Code   RO         1621    .text.OUTLINED_FUNCTION_12  stm32wlxx_hal_tim.o
    0x08002f62   0x08002f62   0x0000000c   Code   RO         2093    .text.OUTLINED_FUNCTION_12  stm32wlxx_hal_uart.o
    0x08002f6e   0x08002f6e   0x0000000c   Code   RO         1265    .text.OUTLINED_FUNCTION_13  stm32wlxx_hal_rtc_ex.o
    0x08002f7a   0x08002f7a   0x0000000c   Code   RO         1623    .text.OUTLINED_FUNCTION_13  stm32wlxx_hal_tim.o
    0x08002f86   0x08002f86   0x00000012   Code   RO         2095    .text.OUTLINED_FUNCTION_13  stm32wlxx_hal_uart.o
    0x08002f98   0x08002f98   0x0000000a   Code   RO         2097    .text.OUTLINED_FUNCTION_14  stm32wlxx_hal_uart.o
    0x08002fa2   0x08002fa2   0x0000000a   Code   RO         1627    .text.OUTLINED_FUNCTION_15  stm32wlxx_hal_tim.o
    0x08002fac   0x08002fac   0x0000000c   Code   RO         1629    .text.OUTLINED_FUNCTION_16  stm32wlxx_hal_tim.o
    0x08002fb8   0x08002fb8   0x00000012   Code   RO         2101    .text.OUTLINED_FUNCTION_16  stm32wlxx_hal_uart.o
    0x08002fca   0x08002fca   0x00000012   Code   RO         2105    .text.OUTLINED_FUNCTION_18  stm32wlxx_hal_uart.o
    0x08002fdc   0x08002fdc   0x00000012   Code   RO         2107    .text.OUTLINED_FUNCTION_19  stm32wlxx_hal_uart.o
    0x08002fee   0x08002fee   0x0000000c   Code   RO          332    .text.OUTLINED_FUNCTION_2  subghz_phy_app.o
    0x08002ffa   0x08002ffa   0x0000000c   Code   RO          518    .text.OUTLINED_FUNCTION_2  stm32wlxx_hal_rcc.o
    0x08003006   0x08003006   0x0000000a   Code   RO         1011    .text.OUTLINED_FUNCTION_2  stm32wlxx_hal.o
    0x08003010   0x08003010   0x00000018   Code   RO         1107    .text.OUTLINED_FUNCTION_2  stm32wlxx_hal_rtc.o
    0x08003028   0x08003028   0x00000012   Code   RO         1339    .text.OUTLINED_FUNCTION_2  stm32wlxx_hal_subghz.o
    0x0800303a   0x0800303a   0x0000000a   Code   RO         1601    .text.OUTLINED_FUNCTION_2  stm32wlxx_hal_tim.o
    0x08003044   0x08003044   0x00000012   Code   RO         2073    .text.OUTLINED_FUNCTION_2  stm32wlxx_hal_uart.o
    0x08003056   0x08003056   0x00000008   Code   RO         2370    .text.OUTLINED_FUNCTION_2  radio_driver.o
    0x0800305e   0x0800305e   0x00000006   Code   RO         2487    .text.OUTLINED_FUNCTION_2  radio.o
    0x08003064   0x08003064   0x00000008   Code   RO         1637    .text.OUTLINED_FUNCTION_20  stm32wlxx_hal_tim.o
    0x0800306c   0x0800306c   0x00000012   Code   RO         2109    .text.OUTLINED_FUNCTION_20  stm32wlxx_hal_uart.o
    0x0800307e   0x0800307e   0x00000008   Code   RO         1639    .text.OUTLINED_FUNCTION_21  stm32wlxx_hal_tim.o
    0x08003086   0x08003086   0x00000012   Code   RO         2111    .text.OUTLINED_FUNCTION_21  stm32wlxx_hal_uart.o
    0x08003098   0x08003098   0x00000008   Code   RO         1641    .text.OUTLINED_FUNCTION_22  stm32wlxx_hal_tim.o
    0x080030a0   0x080030a0   0x00000010   Code   RO         2113    .text.OUTLINED_FUNCTION_22  stm32wlxx_hal_uart.o
    0x080030b0   0x080030b0   0x00000010   Code   RO         2115    .text.OUTLINED_FUNCTION_23  stm32wlxx_hal_uart.o
    0x080030c0   0x080030c0   0x0000001a   Code   RO         1645    .text.OUTLINED_FUNCTION_24  stm32wlxx_hal_tim.o
    0x080030da   0x080030da   0x0000000c   Code   RO         2117    .text.OUTLINED_FUNCTION_24  stm32wlxx_hal_uart.o
    0x080030e6   0x080030e6   0x0000000a   Code   RO         1647    .text.OUTLINED_FUNCTION_25  stm32wlxx_hal_tim.o
    0x080030f0   0x080030f0   0x00000008   Code   RO         2123    .text.OUTLINED_FUNCTION_27  stm32wlxx_hal_uart.o
    0x080030f8   0x080030f8   0x0000000e   Code   RO         2125    .text.OUTLINED_FUNCTION_28  stm32wlxx_hal_uart.o
    0x08003106   0x08003106   0x00000008   Code   RO          334    .text.OUTLINED_FUNCTION_3  subghz_phy_app.o
    0x0800310e   0x0800310e   0x00000010   Code   RO          520    .text.OUTLINED_FUNCTION_3  stm32wlxx_hal_rcc.o
    0x0800311e   0x0800311e   0x00000010   Code   RO         1109    .text.OUTLINED_FUNCTION_3  stm32wlxx_hal_rtc.o
    0x0800312e   0x0800312e   0x0000000a   Code   RO         1341    .text.OUTLINED_FUNCTION_3  stm32wlxx_hal_subghz.o
    0x08003138   0x08003138   0x0000000a   Code   RO         1603    .text.OUTLINED_FUNCTION_3  stm32wlxx_hal_tim.o
    0x08003142   0x08003142   0x00000008   Code   RO         2075    .text.OUTLINED_FUNCTION_3  stm32wlxx_hal_uart.o
    0x0800314a   0x0800314a   0x0000000a   Code   RO         2197    .text.OUTLINED_FUNCTION_3  stm32wlxx_hal_uart_ex.o
    0x08003154   0x08003154   0x00000010   Code   RO         2489    .text.OUTLINED_FUNCTION_3  radio.o
    0x08003164   0x08003164   0x00000008   Code   RO         1657    .text.OUTLINED_FUNCTION_30  stm32wlxx_hal_tim.o
    0x0800316c   0x0800316c   0x0000000e   Code   RO         2129    .text.OUTLINED_FUNCTION_30  stm32wlxx_hal_uart.o
    0x0800317a   0x0800317a   0x0000000a   Code   RO         2133    .text.OUTLINED_FUNCTION_32  stm32wlxx_hal_uart.o
    0x08003184   0x08003184   0x0000000a   Code   RO         2135    .text.OUTLINED_FUNCTION_33  stm32wlxx_hal_uart.o
    0x0800318e   0x0800318e   0x0000000e   Code   RO         2137    .text.OUTLINED_FUNCTION_34  stm32wlxx_hal_uart.o
    0x0800319c   0x0800319c   0x00000008   Code   RO         1669    .text.OUTLINED_FUNCTION_36  stm32wlxx_hal_tim.o
    0x080031a4   0x080031a4   0x00000012   Code   RO         2141    .text.OUTLINED_FUNCTION_36  stm32wlxx_hal_uart.o
    0x080031b6   0x080031b6   0x00000008   Code   RO         1671    .text.OUTLINED_FUNCTION_37  stm32wlxx_hal_tim.o
    0x080031be   0x080031be   0x0000000e   Code   RO         2143    .text.OUTLINED_FUNCTION_37  stm32wlxx_hal_uart.o
    0x080031cc   0x080031cc   0x0000000a   Code   RO         2145    .text.OUTLINED_FUNCTION_38  stm32wlxx_hal_uart.o
    0x080031d6   0x080031d6   0x00000008   Code   RO         1675    .text.OUTLINED_FUNCTION_39  stm32wlxx_hal_tim.o
    0x080031de   0x080031de   0x00000006   Code   RO         2147    .text.OUTLINED_FUNCTION_39  stm32wlxx_hal_uart.o
    0x080031e4   0x080031e4   0x00000008   Code   RO          522    .text.OUTLINED_FUNCTION_4  stm32wlxx_hal_rcc.o
    0x080031ec   0x080031ec   0x0000000e   Code   RO          576    .text.OUTLINED_FUNCTION_4  stm32wlxx_hal_rcc_ex.o
    0x080031fa   0x080031fa   0x0000000a   Code   RO          877    .text.OUTLINED_FUNCTION_4  stm32wlxx_hal_pwr_ex.o
    0x08003204   0x08003204   0x00000012   Code   RO         1343    .text.OUTLINED_FUNCTION_4  stm32wlxx_hal_subghz.o
    0x08003216   0x08003216   0x00000014   Code   RO         1605    .text.OUTLINED_FUNCTION_4  stm32wlxx_hal_tim.o
    0x0800322a   0x0800322a   0x00000014   Code   RO         2077    .text.OUTLINED_FUNCTION_4  stm32wlxx_hal_uart.o
    0x0800323e   0x0800323e   0x0000000a   Code   RO         2199    .text.OUTLINED_FUNCTION_4  stm32wlxx_hal_uart_ex.o
    0x08003248   0x08003248   0x00000008   Code   RO         2491    .text.OUTLINED_FUNCTION_4  radio.o
    0x08003250   0x08003250   0x00000008   Code   RO         1677    .text.OUTLINED_FUNCTION_40  stm32wlxx_hal_tim.o
    0x08003258   0x08003258   0x00000008   Code   RO         1679    .text.OUTLINED_FUNCTION_41  stm32wlxx_hal_tim.o
    0x08003260   0x08003260   0x00000008   Code   RO         1681    .text.OUTLINED_FUNCTION_42  stm32wlxx_hal_tim.o
    0x08003268   0x08003268   0x0000000c   Code   RO         1691    .text.OUTLINED_FUNCTION_47  stm32wlxx_hal_tim.o
    0x08003274   0x08003274   0x00000008   Code   RO         1695    .text.OUTLINED_FUNCTION_49  stm32wlxx_hal_tim.o
    0x0800327c   0x0800327c   0x00000006   Code   RO          524    .text.OUTLINED_FUNCTION_5  stm32wlxx_hal_rcc.o
    0x08003282   0x08003282   0x00000012   Code   RO         1113    .text.OUTLINED_FUNCTION_5  stm32wlxx_hal_rtc.o
    0x08003294   0x08003294   0x0000000c   Code   RO         1345    .text.OUTLINED_FUNCTION_5  stm32wlxx_hal_subghz.o
    0x080032a0   0x080032a0   0x0000000a   Code   RO         1607    .text.OUTLINED_FUNCTION_5  stm32wlxx_hal_tim.o
    0x080032aa   0x080032aa   0x00000008   Code   RO         2079    .text.OUTLINED_FUNCTION_5  stm32wlxx_hal_uart.o
    0x080032b2   0x080032b2   0x00000008   Code   RO         2493    .text.OUTLINED_FUNCTION_5  radio.o
    0x080032ba   0x080032ba   0x00000008   Code   RO         1699    .text.OUTLINED_FUNCTION_51  stm32wlxx_hal_tim.o
    0x080032c2   0x080032c2   0x0000000a   Code   RO         1703    .text.OUTLINED_FUNCTION_53  stm32wlxx_hal_tim.o
    0x080032cc   0x080032cc   0x00000008   Code   RO         1705    .text.OUTLINED_FUNCTION_54  stm32wlxx_hal_tim.o
    0x080032d4   0x080032d4   0x00000010   Code   RO         1707    .text.OUTLINED_FUNCTION_55  stm32wlxx_hal_tim.o
    0x080032e4   0x080032e4   0x00000008   Code   RO         1713    .text.OUTLINED_FUNCTION_58  stm32wlxx_hal_tim.o
    0x080032ec   0x080032ec   0x00000008   Code   RO          526    .text.OUTLINED_FUNCTION_6  stm32wlxx_hal_rcc.o
    0x080032f4   0x080032f4   0x00000012   Code   RO         1115    .text.OUTLINED_FUNCTION_6  stm32wlxx_hal_rtc.o
    0x08003306   0x08003306   0x00000008   Code   RO         1347    .text.OUTLINED_FUNCTION_6  stm32wlxx_hal_subghz.o
    0x0800330e   0x0800330e   0x0000000c   Code   RO         2495    .text.OUTLINED_FUNCTION_6  radio.o
    0x0800331a   0x0800331a   0x0000000e   Code   RO         1727    .text.OUTLINED_FUNCTION_65  stm32wlxx_hal_tim.o
    0x08003328   0x08003328   0x0000000a   Code   RO         1729    .text.OUTLINED_FUNCTION_66  stm32wlxx_hal_tim.o
    0x08003332   0x08003332   0x0000000e   Code   RO         1735    .text.OUTLINED_FUNCTION_69  stm32wlxx_hal_tim.o
    0x08003340   0x08003340   0x00000010   Code   RO         1117    .text.OUTLINED_FUNCTION_7  stm32wlxx_hal_rtc.o
    0x08003350   0x08003350   0x00000008   Code   RO         1349    .text.OUTLINED_FUNCTION_7  stm32wlxx_hal_subghz.o
    0x08003358   0x08003358   0x00000014   Code   RO         2083    .text.OUTLINED_FUNCTION_7  stm32wlxx_hal_uart.o
    0x0800336c   0x0800336c   0x0000000e   Code   RO         2497    .text.OUTLINED_FUNCTION_7  radio.o
    0x0800337a   0x0800337a   0x0000000e   Code   RO         1747    .text.OUTLINED_FUNCTION_75  stm32wlxx_hal_tim.o
    0x08003388   0x08003388   0x0000000a   Code   RO         1749    .text.OUTLINED_FUNCTION_76  stm32wlxx_hal_tim.o
    0x08003392   0x08003392   0x00000010   Code   RO         1119    .text.OUTLINED_FUNCTION_8  stm32wlxx_hal_rtc.o
    0x080033a2   0x080033a2   0x0000000a   Code   RO         1351    .text.OUTLINED_FUNCTION_8  stm32wlxx_hal_subghz.o
    0x080033ac   0x080033ac   0x0000000e   Code   RO         1613    .text.OUTLINED_FUNCTION_8  stm32wlxx_hal_tim.o
    0x080033ba   0x080033ba   0x00000014   Code   RO         2085    .text.OUTLINED_FUNCTION_8  stm32wlxx_hal_uart.o
    0x080033ce   0x080033ce   0x00000006   Code   RO         2499    .text.OUTLINED_FUNCTION_8  radio.o
    0x080033d4   0x080033d4   0x00000010   Code   RO         1121    .text.OUTLINED_FUNCTION_9  stm32wlxx_hal_rtc.o
    0x080033e4   0x080033e4   0x0000000c   Code   RO         1615    .text.OUTLINED_FUNCTION_9  stm32wlxx_hal_tim.o
    0x080033f0   0x080033f0   0x0000000c   Code   RO         2087    .text.OUTLINED_FUNCTION_9  stm32wlxx_hal_uart.o
    0x080033fc   0x080033fc   0x0000000a   Code   RO         2501    .text.OUTLINED_FUNCTION_9  radio.o
    0x08003406   0x08003406   0x00000002   PAD
    0x08003408   0x08003408   0x000000b0   Code   RO          310    .text.OnRxDone      subghz_phy_app.o
    0x080034b8   0x080034b8   0x00000010   Code   RO          316    .text.OnRxError     subghz_phy_app.o
    0x080034c8   0x080034c8   0x00000030   Code   RO          314    .text.OnRxTimeout   subghz_phy_app.o
    0x080034f8   0x080034f8   0x00000034   Code   RO          308    .text.OnTxDone      subghz_phy_app.o
    0x0800352c   0x0800352c   0x0000002c   Code   RO          312    .text.OnTxTimeout   subghz_phy_app.o
    0x08003558   0x08003558   0x0000004c   Code   RO          304    .text.OnUART_RxPollingTimer  subghz_phy_app.o
    0x080035a4   0x080035a4   0x00000020   Code   RO          302    .text.OnledEvent    subghz_phy_app.o
    0x080035c4   0x080035c4   0x00000002   Code   RO           89    .text.PWR_EnterOffMode  stm32_lpm_if.o
    0x080035c6   0x080035c6   0x00000012   Code   RO           81    .text.PWR_EnterSleepMode  stm32_lpm_if.o
    0x080035d8   0x080035d8   0x0000001c   Code   RO           85    .text.PWR_EnterStopMode  stm32_lpm_if.o
    0x080035f4   0x080035f4   0x00000002   Code   RO           91    .text.PWR_ExitOffMode  stm32_lpm_if.o
    0x080035f6   0x080035f6   0x00000004   Code   RO           83    .text.PWR_ExitSleepMode  stm32_lpm_if.o
    0x080035fa   0x080035fa   0x0000000e   Code   RO           87    .text.PWR_ExitStopMode  stm32_lpm_if.o
    0x08003608   0x08003608   0x00000002   Code   RO          246    .text.PendSV_Handler  stm32wlxx_it.o
    0x0800360a   0x0800360a   0x00000002   PAD
    0x0800360c   0x0800360c   0x000000b0   Code   RO          320    .text.ProccessCmd   subghz_phy_app.o
    0x080036bc   0x080036bc   0x0000000a   Code   RO          375    .text.QueueEmpty    queue.o
    0x080036c6   0x080036c6   0x0000000c   Code   RO          377    .text.QueueFull     queue.o
    0x080036d2   0x080036d2   0x00000004   Code   RO          395    .text.RBI_ConfigRFSwitch  radio_board_if.o
    0x080036d6   0x080036d6   0x00000004   Code   RO          397    .text.RBI_GetTxConfig  radio_board_if.o
    0x080036da   0x080036da   0x00000004   Code   RO          391    .text.RBI_Init      radio_board_if.o
    0x080036de   0x080036de   0x00000004   Code   RO          401    .text.RBI_IsDCDC    radio_board_if.o
    0x080036e2   0x080036e2   0x00000004   Code   RO          399    .text.RBI_IsTCXO    radio_board_if.o
    0x080036e6   0x080036e6   0x00000002   PAD
    0x080036e8   0x080036e8   0x000000ac   Code   RO          484    .text.RCC_SetFlashLatencyFromMSIRange  stm32wlxx_hal_rcc.o
    0x08003794   0x08003794   0x00000002   Code   RO         2388    .text.RFW_DeInit    radio_fw.o
    0x08003796   0x08003796   0x00000002   Code   RO         2400    .text.RFW_DeInit_TxLongPacket  radio_fw.o
    0x08003798   0x08003798   0x00000004   Code   RO         2386    .text.RFW_Init      radio_fw.o
    0x0800379c   0x0800379c   0x00000004   Code   RO         2390    .text.RFW_Is_Init   radio_fw.o
    0x080037a0   0x080037a0   0x00000004   Code   RO         2392    .text.RFW_Is_LongPacketModeEnabled  radio_fw.o
    0x080037a4   0x080037a4   0x00000004   Code   RO         2398    .text.RFW_ReceiveInit  radio_fw.o
    0x080037a8   0x080037a8   0x00000004   Code   RO         2384    .text.RFW_ReceiveLongPacket  radio_fw.o
    0x080037ac   0x080037ac   0x00000002   Code   RO         2402    .text.RFW_ReceivePayload  radio_fw.o
    0x080037ae   0x080037ae   0x00000002   Code   RO         2394    .text.RFW_SetAntSwitch  radio_fw.o
    0x080037b0   0x080037b0   0x00000002   Code   RO         2404    .text.RFW_SetRadioModem  radio_fw.o
    0x080037b2   0x080037b2   0x00000004   Code   RO         2396    .text.RFW_TransmitInit  radio_fw.o
    0x080037b6   0x080037b6   0x00000004   Code   RO         2382    .text.RFW_TransmitLongPacket  radio_fw.o
    0x080037ba   0x080037ba   0x00000002   PAD
    0x080037bc   0x080037bc   0x0000000c   Code   RO          262    .text.RTC_Alarm_IRQHandler  stm32wlxx_it.o
    0x080037c8   0x080037c8   0x00000024   Code   RO         1065    .text.RTC_ByteToBcd2  stm32wlxx_hal_rtc.o
    0x080037ec   0x080037ec   0x00000050   Code   RO         1055    .text.RTC_EnterInitMode  stm32wlxx_hal_rtc.o
    0x0800383c   0x0800383c   0x00000050   Code   RO         1057    .text.RTC_ExitInitMode  stm32wlxx_hal_rtc.o
    0x0800388c   0x0800388c   0x00000004   Code   RO         2431    .text.RadioCheckRfFrequency  radio.o
    0x08003890   0x08003890   0x00000020   Code   RO         2417    .text.RadioGetStatus  radio.o
    0x080038b0   0x080038b0   0x0000000a   Code   RO         2461    .text.RadioGetWakeupTime  radio.o
    0x080038ba   0x080038ba   0x00000002   PAD
    0x080038bc   0x080038bc   0x00000084   Code   RO         2415    .text.RadioInit     radio.o
    0x08003940   0x08003940   0x00000240   Code   RO         2463    .text.RadioIrqProcess  radio.o
    0x08003b80   0x08003b80   0x00000082   Code   RO         2423    .text.RadioIsChannelFree  radio.o
    0x08003c02   0x08003c02   0x00000002   PAD
    0x08003c04   0x08003c04   0x0000000c   Code   RO         2477    .text.RadioOnDioIrq  radio.o
    0x08003c10   0x08003c10   0x00000010   Code   RO         2481    .text.RadioOnRxTimeoutIrq  radio.o
    0x08003c20   0x08003c20   0x00000010   Code   RO         2479    .text.RadioOnTxTimeoutIrq  radio.o
    0x08003c30   0x08003c30   0x00000016   Code   RO         2425    .text.RadioRandom   radio.o
    0x08003c46   0x08003c46   0x00000004   Code   RO         2451    .text.RadioRead     radio.o
    0x08003c4a   0x08003c4a   0x00000004   Code   RO         2455    .text.RadioReadRegisters  radio.o
    0x08003c4e   0x08003c4e   0x00000008   Code   RO         2447    .text.RadioRssi     radio.o
    0x08003c56   0x08003c56   0x00000002   PAD
    0x08003c58   0x08003c58   0x00000050   Code   RO         2441    .text.RadioRx       radio.o
    0x08003ca8   0x08003ca8   0x00000048   Code   RO         2465    .text.RadioRxBoosted  radio.o
    0x08003cf0   0x08003cf0   0x000001d4   Code   RO         2435    .text.RadioSend     radio.o
    0x08003ec4   0x08003ec4   0x00000004   Code   RO         2421    .text.RadioSetChannel  radio.o
    0x08003ec8   0x08003ec8   0x00000024   Code   RO         2457    .text.RadioSetMaxPayloadLength  radio.o
    0x08003eec   0x08003eec   0x00000050   Code   RO         2419    .text.RadioSetModem  radio.o
    0x08003f3c   0x08003f3c   0x00000038   Code   RO         2459    .text.RadioSetPublicNetwork  radio.o
    0x08003f74   0x08003f74   0x00000284   Code   RO         2427    .text.RadioSetRxConfig  radio.o
    0x080041f8   0x080041f8   0x00000020   Code   RO         2467    .text.RadioSetRxDutyCycle  radio.o
    0x08004218   0x08004218   0x00000210   Code   RO         2473    .text.RadioSetRxGenericConfig  radio.o
    0x08004428   0x08004428   0x00000184   Code   RO         2429    .text.RadioSetTxConfig  radio.o
    0x080045ac   0x080045ac   0x0000003c   Code   RO         2445    .text.RadioSetTxContinuousWave  radio.o
    0x080045e8   0x080045e8   0x000001c4   Code   RO         2475    .text.RadioSetTxGenericConfig  radio.o
    0x080047ac   0x080047ac   0x00000012   Code   RO         2437    .text.RadioSleep    radio.o
    0x080047be   0x080047be   0x00000006   Code   RO         2439    .text.RadioStandby  radio.o
    0x080047c4   0x080047c4   0x00000024   Code   RO         2443    .text.RadioStartCad  radio.o
    0x080047e8   0x080047e8   0x00000124   Code   RO         2433    .text.RadioTimeOnAir  radio.o
    0x0800490c   0x0800490c   0x00000014   Code   RO         2471    .text.RadioTxCw     radio.o
    0x08004920   0x08004920   0x0000002c   Code   RO         2469    .text.RadioTxPrbs   radio.o
    0x0800494c   0x0800494c   0x00000004   Code   RO         2449    .text.RadioWrite    radio.o
    0x08004950   0x08004950   0x00000004   Code   RO         2453    .text.RadioWriteRegisters  radio.o
    0x08004954   0x08004954   0x0000002a   Code   RO         2232    .text.Radio_SMPS_Set  radio_driver.o
    0x0800497e   0x0800497e   0x00000002   PAD
    0x08004980   0x08004980   0x0000003c   Code   RO         2651    .text.SEQ_BitPosition  stm32_seq.o
    0x080049bc   0x080049bc   0x00000024   Code   RO         1279    .text.SUBGHZSPI_Init  stm32wlxx_hal_subghz.o
    0x080049e0   0x080049e0   0x0000005c   Code   RO         1297    .text.SUBGHZSPI_Receive  stm32wlxx_hal_subghz.o
    0x08004a3c   0x08004a3c   0x0000005c   Code   RO         1291    .text.SUBGHZSPI_Transmit  stm32wlxx_hal_subghz.o
    0x08004a98   0x08004a98   0x00000040   Code   RO         1289    .text.SUBGHZ_CheckDeviceReady  stm32wlxx_hal_subghz.o
    0x08004ad8   0x08004ad8   0x00000008   Code   RO          264    .text.SUBGHZ_Radio_IRQHandler  stm32wlxx_it.o
    0x08004ae0   0x08004ae0   0x00000044   Code   RO         1293    .text.SUBGHZ_WaitOnBusy  stm32wlxx_hal_subghz.o
    0x08004b24   0x08004b24   0x00000018   Code   RO         2240    .text.SUBGRF_Calibrate  radio_driver.o
    0x08004b3c   0x08004b3c   0x00000078   Code   RO         2300    .text.SUBGRF_CalibrateImage  radio_driver.o
    0x08004bb4   0x08004bb4   0x0000007c   Code   RO         2364    .text.SUBGRF_GetCFO  radio_driver.o
    0x08004c30   0x08004c30   0x00000024   Code   RO         2362    .text.SUBGRF_GetFskBandwidthRegValue  radio_driver.o
    0x08004c54   0x08004c54   0x00000008   Code   RO         2242    .text.SUBGRF_GetOperatingMode  radio_driver.o
    0x08004c5c   0x08004c5c   0x00000070   Code   RO         2330    .text.SUBGRF_GetPacketStatus  radio_driver.o
    0x08004ccc   0x08004ccc   0x00000030   Code   RO         2248    .text.SUBGRF_GetPayload  radio_driver.o
    0x08004cfc   0x08004cfc   0x00000004   Code   RO         2342    .text.SUBGRF_GetRadioWakeUpTime  radio_driver.o
    0x08004d00   0x08004d00   0x00000064   Code   RO         2272    .text.SUBGRF_GetRandom  radio_driver.o
    0x08004d64   0x08004d64   0x00000018   Code   RO         2328    .text.SUBGRF_GetRssiInst  radio_driver.o
    0x08004d7c   0x08004d7c   0x00000038   Code   RO         2250    .text.SUBGRF_GetRxBufferStatus  radio_driver.o
    0x08004db4   0x08004db4   0x00000060   Code   RO         2230    .text.SUBGRF_Init   radio_driver.o
    0x08004e14   0x08004e14   0x0000001c   Code   RO         2252    .text.SUBGRF_ReadBuffer  radio_driver.o
    0x08004e30   0x08004e30   0x0000001c   Code   RO         2310    .text.SUBGRF_ReadCommand  radio_driver.o
    0x08004e4c   0x08004e4c   0x00000018   Code   RO         2270    .text.SUBGRF_ReadRegister  radio_driver.o
    0x08004e64   0x08004e64   0x00000020   Code   RO         2276    .text.SUBGRF_ReadRegisters  radio_driver.o
    0x08004e84   0x08004e84   0x00000012   Code   RO         2254    .text.SUBGRF_SendPayload  radio_driver.o
    0x08004e96   0x08004e96   0x00000018   Code   RO         2324    .text.SUBGRF_SetBufferBaseAddress  radio_driver.o
    0x08004eae   0x08004eae   0x00000002   PAD
    0x08004eb0   0x08004eb0   0x00000014   Code   RO         2288    .text.SUBGRF_SetCad  radio_driver.o
    0x08004ec4   0x08004ec4   0x00000020   Code   RO         2266    .text.SUBGRF_SetCrcPolynomial  radio_driver.o
    0x08004ee4   0x08004ee4   0x00000020   Code   RO         2262    .text.SUBGRF_SetCrcSeed  radio_driver.o
    0x08004f04   0x08004f04   0x00000036   Code   RO         2306    .text.SUBGRF_SetDioIrqParams  radio_driver.o
    0x08004f3a   0x08004f3a   0x00000038   Code   RO         2296    .text.SUBGRF_SetLoRaSymbNumTimeout  radio_driver.o
    0x08004f72   0x08004f72   0x00000002   PAD
    0x08004f74   0x08004f74   0x000000b0   Code   RO         2318    .text.SUBGRF_SetModulationParams  radio_driver.o
    0x08005024   0x08005024   0x0000001e   Code   RO         2302    .text.SUBGRF_SetPaConfig  radio_driver.o
    0x08005042   0x08005042   0x00000002   PAD
    0x08005044   0x08005044   0x000000a8   Code   RO         2320    .text.SUBGRF_SetPacketParams  radio_driver.o
    0x080050ec   0x080050ec   0x00000028   Code   RO         2314    .text.SUBGRF_SetPacketType  radio_driver.o
    0x08005114   0x08005114   0x0000000a   Code   RO         2244    .text.SUBGRF_SetPayload  radio_driver.o
    0x0800511e   0x0800511e   0x00000020   Code   RO         2298    .text.SUBGRF_SetRegulatorMode  radio_driver.o
    0x0800513e   0x0800513e   0x00000002   PAD
    0x08005140   0x08005140   0x00000038   Code   RO         2312    .text.SUBGRF_SetRfFrequency  radio_driver.o
    0x08005178   0x08005178   0x00000028   Code   RO         2340    .text.SUBGRF_SetRfTxPower  radio_driver.o
    0x080051a0   0x080051a0   0x00000018   Code   RO         2274    .text.SUBGRF_SetRx  radio_driver.o
    0x080051b8   0x080051b8   0x00000034   Code   RO         2284    .text.SUBGRF_SetRxBoosted  radio_driver.o
    0x080051ec   0x080051ec   0x00000038   Code   RO         2286    .text.SUBGRF_SetRxDutyCycle  radio_driver.o
    0x08005224   0x08005224   0x0000002c   Code   RO         2278    .text.SUBGRF_SetSleep  radio_driver.o
    0x08005250   0x08005250   0x00000028   Code   RO         2234    .text.SUBGRF_SetStandby  radio_driver.o
    0x08005278   0x08005278   0x00000012   Code   RO         2294    .text.SUBGRF_SetStopRxTimerOnPreambleDetect  radio_driver.o
    0x0800528a   0x0800528a   0x0000002c   Code   RO         2338    .text.SUBGRF_SetSwitch  radio_driver.o
    0x080052b6   0x080052b6   0x00000012   Code   RO         2258    .text.SUBGRF_SetSyncWord  radio_driver.o
    0x080052c8   0x080052c8   0x00000026   Code   RO         2236    .text.SUBGRF_SetTcxoMode  radio_driver.o
    0x080052ee   0x080052ee   0x00000002   PAD
    0x080052f0   0x080052f0   0x0000001c   Code   RO         2256    .text.SUBGRF_SetTx  radio_driver.o
    0x0800530c   0x0800530c   0x0000000a   Code   RO         2290    .text.SUBGRF_SetTxContinuousWave  radio_driver.o
    0x08005316   0x08005316   0x0000000a   Code   RO         2292    .text.SUBGRF_SetTxInfinitePreamble  radio_driver.o
    0x08005320   0x08005320   0x00000080   Code   RO         2316    .text.SUBGRF_SetTxParams  radio_driver.o
    0x080053a0   0x080053a0   0x00000038   Code   RO         2268    .text.SUBGRF_SetWhiteningSeed  radio_driver.o
    0x080053d8   0x080053d8   0x0000001c   Code   RO         2246    .text.SUBGRF_WriteBuffer  radio_driver.o
    0x080053f4   0x080053f4   0x0000001c   Code   RO         2280    .text.SUBGRF_WriteCommand  radio_driver.o
    0x08005410   0x08005410   0x00000018   Code   RO         2238    .text.SUBGRF_WriteRegister  radio_driver.o
    0x08005428   0x08005428   0x00000020   Code   RO         2260    .text.SUBGRF_WriteRegisters  radio_driver.o
    0x08005448   0x08005448   0x00000002   Code   RO          242    .text.SVC_Handler   stm32wlxx_it.o
    0x0800544a   0x0800544a   0x00000002   PAD
    0x0800544c   0x0800544c   0x00000150   Code   RO          318    .text.StateMachineProccess  subghz_phy_app.o
    0x0800559c   0x0800559c   0x00000248   Code   RO          300    .text.SubghzApp_Init  subghz_phy_app.o
    0x080057e4   0x080057e4   0x00000004   Code   RO          248    .text.SysTick_Handler  stm32wlxx_it.o
    0x080057e8   0x080057e8   0x00000048   Code   RO         2598    .text.SysTimeGet    stm32_systime.o
    0x08005830   0x08005830   0x00000020   Code   RO         2594    .text.SysTimeSub    stm32_systime.o
    0x08005850   0x08005850   0x00000040   Code   RO          101    .text.SystemApp_Init  sys_app.o
    0x08005890   0x08005890   0x0000009c   Code   RO           14    .text.SystemClock_Config  main.o
    0x0800592c   0x0800592c   0x00000002   Code   RO         2214    .text.SystemInit    system_stm32wlxx.o
    0x0800592e   0x0800592e   0x00000002   PAD
    0x08005930   0x08005930   0x00000008   Code   RO          250    .text.TAMP_STAMP_LSECSS_SSRU_IRQHandler  stm32wlxx_it.o
    0x08005938   0x08005938   0x00000008   Code   RO          172    .text.TIMER_IF_BkUp_Read_MSBticks  timer_if.o
    0x08005940   0x08005940   0x00000008   Code   RO          156    .text.TIMER_IF_BkUp_Read_Seconds  timer_if.o
    0x08005948   0x08005948   0x00000008   Code   RO          160    .text.TIMER_IF_BkUp_Read_SubSeconds  timer_if.o
    0x08005950   0x08005950   0x0000000c   Code   RO          164    .text.TIMER_IF_BkUp_Write_MSBticks  timer_if.o
    0x0800595c   0x0800595c   0x0000000c   Code   RO          154    .text.TIMER_IF_BkUp_Write_Seconds  timer_if.o
    0x08005968   0x08005968   0x0000000c   Code   RO          158    .text.TIMER_IF_BkUp_Write_SubSeconds  timer_if.o
    0x08005974   0x08005974   0x00000010   Code   RO          152    .text.TIMER_IF_Convert_Tick2ms  timer_if.o
    0x08005984   0x08005984   0x00000008   Code   RO          150    .text.TIMER_IF_Convert_ms2Tick  timer_if.o
    0x0800598c   0x0800598c   0x00000004   Code   RO          148    .text.TIMER_IF_GetMinimumTimeout  timer_if.o
    0x08005990   0x08005990   0x00000028   Code   RO          162    .text.TIMER_IF_GetTime  timer_if.o
    0x080059b8   0x080059b8   0x00000008   Code   RO          142    .text.TIMER_IF_GetTimerContext  timer_if.o
    0x080059c0   0x080059c0   0x00000010   Code   RO          144    .text.TIMER_IF_GetTimerElapsedTime  timer_if.o
    0x080059d0   0x080059d0   0x00000014   Code   RO          146    .text.TIMER_IF_GetTimerValue  timer_if.o
    0x080059e4   0x080059e4   0x0000003c   Code   RO          134    .text.TIMER_IF_Init  timer_if.o
    0x08005a20   0x08005a20   0x00000010   Code   RO          140    .text.TIMER_IF_SetTimerContext  timer_if.o
    0x08005a30   0x08005a30   0x0000004c   Code   RO          136    .text.TIMER_IF_StartTimer  timer_if.o
    0x08005a7c   0x08005a7c   0x00000020   Code   RO          138    .text.TIMER_IF_StopTimer  timer_if.o
    0x08005a9c   0x08005a9c   0x00000068   Code   RO         1365    .text.TIM_Base_SetConfig  stm32wlxx_hal_tim.o
    0x08005b04   0x08005b04   0x0000001e   Code   RO         1399    .text.TIM_CCxChannelCmd  stm32wlxx_hal_tim.o
    0x08005b22   0x08005b22   0x00000002   PAD
    0x08005b24   0x08005b24   0x00000068   Code   RO         1509    .text.TIM_OC1_SetConfig  stm32wlxx_hal_tim.o
    0x08005b8c   0x08005b8c   0x0000005c   Code   RO         1511    .text.TIM_OC2_SetConfig  stm32wlxx_hal_tim.o
    0x08005be8   0x08005be8   0x00000060   Code   RO         1513    .text.TIM_OC3_SetConfig  stm32wlxx_hal_tim.o
    0x08005c48   0x08005c48   0x00000050   Code   RO         1515    .text.TIM_OC4_SetConfig  stm32wlxx_hal_tim.o
    0x08005c98   0x08005c98   0x00000044   Code   RO         1517    .text.TIM_OC5_SetConfig  stm32wlxx_hal_tim.o
    0x08005cdc   0x08005cdc   0x00000054   Code   RO         1519    .text.TIM_OC6_SetConfig  stm32wlxx_hal_tim.o
    0x08005d30   0x08005d30   0x00000022   Code   RO         1555    .text.TIM_TI1_ConfigInputStage  stm32wlxx_hal_tim.o
    0x08005d52   0x08005d52   0x00000022   Code   RO         1557    .text.TIM_TI2_ConfigInputStage  stm32wlxx_hal_tim.o
    0x08005d74   0x08005d74   0x0000007c   Code   RO         2531    .text.TRACE_AllocateBufer  stm32_adv_trace.o
    0x08005df0   0x08005df0   0x00000018   Code   RO         2529    .text.TRACE_Lock    stm32_adv_trace.o
    0x08005e08   0x08005e08   0x00000078   Code   RO         2535    .text.TRACE_Send    stm32_adv_trace.o
    0x08005e80   0x08005e80   0x0000008c   Code   RO         2519    .text.TRACE_TxCpltCallback  stm32_adv_trace.o
    0x08005f0c   0x08005f0c   0x0000001c   Code   RO         2533    .text.TRACE_UnLock  stm32_adv_trace.o
    0x08005f28   0x08005f28   0x00000018   Code   RO         2701    .text.TimerExists   stm32_timer.o
    0x08005f40   0x08005f40   0x00000014   Code   RO         2703    .text.TimerInsertNewHeadTimer  stm32_timer.o
    0x08005f54   0x08005f54   0x00000024   Code   RO         2705    .text.TimerInsertTimer  stm32_timer.o
    0x08005f78   0x08005f78   0x00000038   Code   RO         2711    .text.TimerSetTimeout  stm32_timer.o
    0x08005fb0   0x08005fb0   0x00000024   Code   RO          103    .text.TimestampNow  sys_app.o
    0x08005fd4   0x08005fd4   0x0000005c   Code   RO          306    .text.TxPollingTimer  subghz_phy_app.o
    0x08006030   0x08006030   0x00000044   Code   RO         2177    .text.UARTEx_SetNbDataToProcess  stm32wlxx_hal_uart_ex.o
    0x08006074   0x08006074   0x000000a8   Code   RO         1937    .text.UART_AdvFeatureConfig  stm32wlxx_hal_uart.o
    0x0800611c   0x0800611c   0x0000004c   Code   RO         1939    .text.UART_CheckIdleState  stm32wlxx_hal_uart.o
    0x08006168   0x08006168   0x00000010   Code   RO         2021    .text.UART_DMAAbortOnError  stm32wlxx_hal_uart.o
    0x08006178   0x08006178   0x00000052   Code   RO         1977    .text.UART_DMAError  stm32wlxx_hal_uart.o
    0x080061ca   0x080061ca   0x00000038   Code   RO         1973    .text.UART_DMATransmitCplt  stm32wlxx_hal_uart.o
    0x08006202   0x08006202   0x00000006   Code   RO         1975    .text.UART_DMATxHalfCplt  stm32wlxx_hal_uart.o
    0x08006208   0x08006208   0x00000038   Code   RO         1991    .text.UART_EndRxTransfer  stm32wlxx_hal_uart.o
    0x08006240   0x08006240   0x0000002a   Code   RO         1989    .text.UART_EndTxTransfer  stm32wlxx_hal_uart.o
    0x0800626a   0x0800626a   0x00000082   Code   RO         2061    .text.UART_RxISR_16BIT  stm32wlxx_hal_uart.o
    0x080062ec   0x080062ec   0x00000114   Code   RO         2057    .text.UART_RxISR_16BIT_FIFOEN  stm32wlxx_hal_uart.o
    0x08006400   0x08006400   0x00000084   Code   RO         2063    .text.UART_RxISR_8BIT  stm32wlxx_hal_uart.o
    0x08006484   0x08006484   0x00000118   Code   RO         2059    .text.UART_RxISR_8BIT_FIFOEN  stm32wlxx_hal_uart.o
    0x0800659c   0x0800659c   0x000001e0   Code   RO         1935    .text.UART_SetConfig  stm32wlxx_hal_uart.o
    0x0800677c   0x0800677c   0x000000f0   Code   RO         1969    .text.UART_Start_Receive_IT  stm32wlxx_hal_uart.o
    0x0800686c   0x0800686c   0x000000ca   Code   RO         1953    .text.UART_WaitOnFlagUntilTimeout  stm32wlxx_hal_uart.o
    0x08006936   0x08006936   0x00000002   PAD
    0x08006938   0x08006938   0x00000008   Code   RO          258    .text.USART1_IRQHandler  stm32wlxx_it.o
    0x08006940   0x08006940   0x0000000c   Code   RO          260    .text.USART2_IRQHandler  stm32wlxx_it.o
    0x0800694c   0x0800694c   0x000000a4   Code   RO         2527    .text.UTIL_ADV_TRACE_COND_FSend  stm32_adv_trace.o
    0x080069f0   0x080069f0   0x0000002c   Code   RO         2517    .text.UTIL_ADV_TRACE_Init  stm32_adv_trace.o
    0x08006a1c   0x08006a1c   0x00000008   Code   RO          109    .text.UTIL_ADV_TRACE_PostSendHook  sys_app.o
    0x08006a24   0x08006a24   0x00000008   Code   RO          107    .text.UTIL_ADV_TRACE_PreSendHook  sys_app.o
    0x08006a2c   0x08006a2c   0x00000008   Code   RO         2551    .text.UTIL_ADV_TRACE_RegisterTimeStampFunction  stm32_adv_trace.o
    0x08006a34   0x08006a34   0x0000000c   Code   RO         2553    .text.UTIL_ADV_TRACE_SetVerboseLevel  stm32_adv_trace.o
    0x08006a40   0x08006a40   0x0000000c   Code   RO         2525    .text.UTIL_ADV_TRACE_StartRxProcess  stm32_adv_trace.o
    0x08006a4c   0x08006a4c   0x00000044   Code   RO         2748    .text.UTIL_LPM_EnterLowPower  stm32_lpm.o
    0x08006a90   0x08006a90   0x0000000c   Code   RO         2738    .text.UTIL_LPM_Init  stm32_lpm.o
    0x08006a9c   0x08006a9c   0x0000002c   Code   RO         2744    .text.UTIL_LPM_SetOffMode  stm32_lpm.o
    0x08006ac8   0x08006ac8   0x00000030   Code   RO         2742    .text.UTIL_LPM_SetStopMode  stm32_lpm.o
    0x08006af8   0x08006af8   0x0000000e   Code   RO         2582    .text.UTIL_MEM_set_8  stm32_mem.o
    0x08006b06   0x08006b06   0x00000004   Code   RO          105    .text.UTIL_SEQ_Idle  sys_app.o
    0x08006b0a   0x08006b0a   0x00000002   Code   RO         2657    .text.UTIL_SEQ_PostIdle  stm32_seq.o
    0x08006b0c   0x08006b0c   0x00000002   Code   RO         2653    .text.UTIL_SEQ_PreIdle  stm32_seq.o
    0x08006b0e   0x08006b0e   0x00000002   PAD
    0x08006b10   0x08006b10   0x00000020   Code   RO         2659    .text.UTIL_SEQ_RegTask  stm32_seq.o
    0x08006b30   0x08006b30   0x000000e8   Code   RO         2649    .text.UTIL_SEQ_Run  stm32_seq.o
    0x08006c18   0x08006c18   0x00000028   Code   RO         2661    .text.UTIL_SEQ_SetTask  stm32_seq.o
    0x08006c40   0x08006c40   0x00000034   Code   RO         2697    .text.UTIL_TIMER_Create  stm32_timer.o
    0x08006c74   0x08006c74   0x00000014   Code   RO         2725    .text.UTIL_TIMER_GetCurrentTime  stm32_timer.o
    0x08006c88   0x08006c88   0x00000020   Code   RO         2727    .text.UTIL_TIMER_GetElapsedTime  stm32_timer.o
    0x08006ca8   0x08006ca8   0x00000080   Code   RO         2723    .text.UTIL_TIMER_IRQ_Handler  stm32_timer.o
    0x08006d28   0x08006d28   0x0000000c   Code   RO         2693    .text.UTIL_TIMER_Init  stm32_timer.o
    0x08006d34   0x08006d34   0x00000030   Code   RO         2713    .text.UTIL_TIMER_SetPeriod  stm32_timer.o
    0x08006d64   0x08006d64   0x0000006c   Code   RO         2699    .text.UTIL_TIMER_Start  stm32_timer.o
    0x08006dd0   0x08006dd0   0x00000068   Code   RO         2709    .text.UTIL_TIMER_Stop  stm32_timer.o
    0x08006e38   0x08006e38   0x00000002   Code   RO          240    .text.UsageFault_Handler  stm32wlxx_it.o
    0x08006e3a   0x08006e3a   0x00000002   PAD
    0x08006e3c   0x08006e3c   0x00000020   Code   RO          359    .text.checkCmdType  cmd_processing.o
    0x08006e5c   0x08006e5c   0x0000001c   Code   RO           18    .text.fputc         main.o
    0x08006e78   0x08006e78   0x0000000c   Code   RO          357    .text.getIndex      cmd_processing.o
    0x08006e84   0x08006e84   0x0000003c   Code   RO           12    .text.main          main.o
    0x08006ec0   0x08006ec0   0x000000f8   Code   RO          361    .text.proccess_cmd  cmd_processing.o
    0x08006fb8   0x08006fb8   0x00000028   Code   RO          111    .text.tiny_snprintf_like  sys_app.o
    0x08006fe0   0x08006fe0   0x00000290   Code   RO         2634    .text.tiny_vsnprintf_like  stm32_tiny_vsnprintf.o
    0x08007270   0x08007270   0x00000028   Code   RO          191    .text.vcom_DeInit   usart_if.o
    0x08007298   0x08007298   0x00000024   Code   RO          189    .text.vcom_Init     usart_if.o
    0x080072bc   0x080072bc   0x00000044   Code   RO          193    .text.vcom_ReceiveInit  usart_if.o
    0x08007300   0x08007300   0x00000024   Code   RO          199    .text.vcom_Resume   usart_if.o
    0x08007324   0x08007324   0x00000014   Code   RO          195    .text.vcom_Trace_DMA  usart_if.o
    0x08007338   0x08007338   0x00000020   Code   RO         2828    i.__0printf$1       mc_w.l(printf1.o)
    0x08007358   0x08007358   0x0000000e   Code   RO         3125    i.__scatterload_copy  mc_w.l(handlers.o)
    0x08007366   0x08007366   0x00000002   Code   RO         3126    i.__scatterload_null  mc_w.l(handlers.o)
    0x08007368   0x08007368   0x0000000e   Code   RO         3127    i.__scatterload_zeroinit  mc_w.l(handlers.o)
    0x08007376   0x08007376   0x00000002   PAD
    0x08007378   0x08007378   0x00000154   Code   RO         2835    i._printf_core      mc_w.l(printf1.o)
    0x080074cc   0x080074cc   0x00000050   Code   RO         3044    i.free              mc_w.l(malloc.o)
    0x0800751c   0x0800751c   0x0000006c   Code   RO         3045    i.malloc            mc_w.l(malloc.o)
    0x08007588   0x08007588   0x00000006   Data   RO          528    .rodata..L__const.RCC_SetFlashLatency.FLASH_CLK_SRC_RANGE_VOS1  stm32wlxx_hal_rcc.o
    0x0800758e   0x0800758e   0x00000006   Data   RO          529    .rodata..L__const.RCC_SetFlashLatency.FLASH_CLK_SRC_RANGE_VOS2  stm32wlxx_hal_rcc.o
    0x08007594   0x08007594   0x00000040   Data   RO         2219    .rodata.AHBPrescTable  system_stm32wlxx.o
    0x080075d4   0x080075d4   0x00000020   Data   RO         2220    .rodata.APBPrescTable  system_stm32wlxx.o
    0x080075f4   0x080075f4   0x00000003   Data   RO         2504    .rodata.Bandwidths  radio.o
    0x080075f7   0x080075f7   0x00000001   PAD
    0x080075f8   0x080075f8   0x000000b0   Data   RO         2372    .rodata.FskBandwidths  radio_driver.o
    0x080076a8   0x080076a8   0x00000006   Data   RO          444    .rodata.LED_PIN     stm32wlxx_nucleo.o
    0x080076ae   0x080076ae   0x00000002   PAD
    0x080076b0   0x080076b0   0x0000000c   Data   RO          445    .rodata.LED_PORT    stm32wlxx_nucleo.o
    0x080076bc   0x080076bc   0x00000040   Data   RO         2221    .rodata.MSIRangeTable  system_stm32wlxx.o
    0x080076fc   0x080076fc   0x00000084   Data   RO         2503    .rodata.Radio       radio.o
    0x08007780   0x08007780   0x00000018   Data   RO         2149    .rodata.UARTPrescTable  stm32wlxx_hal_uart.o
    0x08007798   0x08007798   0x00000018   Data   RO           93    .rodata.UTIL_PowerDriver  stm32_lpm_if.o
    0x080077b0   0x080077b0   0x00000014   Data   RO          179    .rodata.UTIL_SYSTIMDriver  timer_if.o
    0x080077c4   0x080077c4   0x0000002c   Data   RO          178    .rodata.UTIL_TimerDriver  timer_if.o
    0x080077f0   0x080077f0   0x00000010   Data   RO          205    .rodata.UTIL_TraceDriver  usart_if.o
    0x08007800   0x08007800   0x00000010   Data   RO         2150    .rodata.cst16       stm32wlxx_hal_uart.o
    0x08007810   0x08007810   0x00000010   Data   RO         2682    .rodata.cst16       stm32_seq.o
    0x08007820   0x08007820   0x00000010   Data   RO         2203    .rodata.cst8        stm32wlxx_hal_uart_ex.o
    0x08007830   0x08007830   0x0000001e   Data   RO          343    .rodata.str1.1      subghz_phy_app.o
    0x0800784e   0x0800784e   0x00000007   Data   RO         2636    .rodata.str1.1      stm32_tiny_vsnprintf.o
    0x08007855   0x08007855   0x00000003   PAD
    0x08007858   0x08007858   0x00000020   Data   RO         3124    Region$$Table       anon$$obj.o


    Execution Region RW_IRAM1 (Exec base: 0x20000000, Load base: 0x08007878, Size: 0x00001f38, Max: 0x00008000, ABSOLUTE)

    Exec Addr    Load Addr    Size         Type   Attr      Idx    E Section Name        Object

    0x20000000   0x08007878   0x00000004   Data   RW         3088    .data               mc_w.l(stdout.o)
    0x20000004   0x0800787c   0x00000004   Data   RW         3104    .data               mc_w.l(mvars.o)
    0x20000008   0x08007880   0x00000004   Data   RW         3105    .data               mc_w.l(mvars.o)
    0x2000000c   0x08007884   0x00000008   Data   RW         1016    .data..L_MergedGlobals  stm32wlxx_hal.o
    0x20000014   0x0800788c   0x00000008   Data   RW         2683    .data..L_MergedGlobals  stm32_seq.o
    0x2000001c   0x08007894   0x00000001   Data   RW         2506    .data.MaxPayloadLength  radio.o
    0x2000001d   0x08007895   0x00000003   PAD
    0x20000020   0x08007898   0x00000004   Data   RW         2218    .data.SystemCoreClock  system_stm32wlxx.o
    0x20000024   0x0800789c   0x00000004   PAD
    0x20000028        -       0x00000008   Zero   RW          180    .bss..L_MergedGlobals  timer_if.o
    0x20000030        -       0x00000008   Zero   RW          207    .bss..L_MergedGlobals  usart_if.o
    0x20000038        -       0x00000070   Zero   RW          344    .bss..L_MergedGlobals  subghz_phy_app.o
    0x200000a8        -       0x0000000c   Zero   RW         2373    .bss..L_MergedGlobals  radio_driver.o
    0x200000b4        -       0x00000034   Zero   RW         2508    .bss..L_MergedGlobals  radio.o
    0x200000e8        -       0x00000008   Zero   RW         2750    .bss..L_MergedGlobals  stm32_lpm.o
    0x200000f0        -       0x00000020   Zero   RW         2684    .bss..L_MergedGlobals.2  stm32_seq.o
    0x20000110        -       0x00000200   Zero   RW         2568    .bss.ADV_TRACE_Buffer  stm32_adv_trace.o
    0x20000310        -       0x00000018   Zero   RW         2567    .bss.ADV_TRACE_Ctx  stm32_adv_trace.o
    0x20000328        -       0x000000ff   Zero   RW          342    .bss.BufferRx       subghz_phy_app.o
    0x20000427   0x0800789c   0x00000001   PAD
    0x20000428        -       0x000000ff   Zero   RW          339    .bss.BufferTx       subghz_phy_app.o
    0x20000527        -       0x000000ff   Zero   RW         2507    .bss.RadioBuffer    radio.o
    0x20000626   0x0800789c   0x00000002   PAD
    0x20000628        -       0x0000001c   Zero   RW          338    .bss.RadioEvents    subghz_phy_app.o
    0x20000644        -       0x00000058   Zero   RW         2505    .bss.SubgRf         radio.o
    0x2000069c        -       0x00000080   Zero   RW         2681    .bss.TaskCb         stm32_seq.o
    0x2000071c        -       0x00000004   Zero   RW         2729    .bss.TimerListHead  stm32_timer.o
    0x20000720        -       0x00000004   Zero   RW          206    .bss.TxCpltCallback  usart_if.o
    0x20000724        -       0x0000012c   Zero   RW          337    .bss.aRxBuffer      subghz_phy_app.o
    0x20000850        -       0x00000060   Zero   RW           29    .bss.hdma_tim2_ch2  main.o
    0x200008b0        -       0x00000060   Zero   RW          223    .bss.hdma_usart1_tx  usart.o
    0x20000910        -       0x00000038   Zero   RW           57    .bss.hrtc           rtc.o
    0x20000948        -       0x0000000c   Zero   RW           72    .bss.hsubghz        subghz.o
    0x20000954        -       0x0000004c   Zero   RW           28    .bss.htim2          main.o
    0x200009a0        -       0x00000090   Zero   RW          222    .bss.huart1         usart.o
    0x20000a30        -       0x00000a04   Zero   RW          341    .bss.queue          subghz_phy_app.o
    0x20001434        -       0x00000100   Zero   RW         2569    .bss.sztmp          stm32_adv_trace.o
    0x20001534        -       0x00000004   Zero   RW         1015    .bss.uwTick         stm32wlxx_hal.o
    0x20001538        -       0x00000200   Zero   RW            3    HEAP                startup_stm32wl55xx_cm4.o
    0x20001738        -       0x00000800   Zero   RW            2    STACK               startup_stm32wl55xx_cm4.o


    Execution Region RW_IRAM2 (Exec base: 0x20008000, Load base: 0x080078a0, Size: 0x00008000, Max: 0x00008000, ABSOLUTE)

    Exec Addr    Load Addr    Size         Type   Attr      Idx    E Section Name        Object

    0x20008000        -       0x00008000   Zero   RW            1    RW_IRAM2.bss        anon$$obj.o


==============================================================================

Image component sizes


      Code (inc. data)   RO Data    RW Data    ZI Data      Debug   Object Name

        22          0          0          0          0        897   app_subghz_phy.o
       302         12          0          0          0       3273   cmd_processing.o
        62          4          0          0          0       4045   dma.o
       462         36          0          0        172      10093   main.o
       148          0          0          0          0       2134   queue.o
      4388        256        135          1        395      28402   radio.o
        20          0          0          0          0       1737   radio_board_if.o
      2504         96        176          0         12      27180   radio_driver.o
        44          0          0          0          0       4110   radio_fw.o
       236         16          0          0         56       7272   rtc.o
        36          8        312          0       2560        848   startup_stm32wl55xx_cm4.o
       676         32          0          0        792      10499   stm32_adv_trace.o
       172          8          0          0          8       2699   stm32_lpm.o
        68          4         24          0          0       2627   stm32_lpm_if.o
        14          0          0          0          0       1424   stm32_mem.o
       368         16         16          8        160       6312   stm32_seq.o
       104          8          0          0          0       6959   stm32_systime.o
       640         12          0          0          4       7557   stm32_timer.o
       656         84          7          0          0       3587   stm32_tiny_vsnprintf.o
       208         16          0          8          4      12369   stm32wlxx_hal.o
       208         24          0          0          0       9952   stm32wlxx_hal_cortex.o
      1094         32          0          0          0       9349   stm32wlxx_hal_dma.o
       678         20          0          0          0       4889   stm32wlxx_hal_gpio.o
        70          4          0          0          0       6438   stm32wlxx_hal_msp.o
        84         12          0          0          0       5624   stm32wlxx_hal_pwr.o
       144          8          0          0          0      11147   stm32wlxx_hal_pwr_ex.o
      2420         96         12          0          0      16855   stm32wlxx_hal_rcc.o
       414          8          0          0          0      13470   stm32wlxx_hal_rcc_ex.o
       958         32          0          0          0      14265   stm32wlxx_hal_rtc.o
       180          4          0          0          0      17758   stm32wlxx_hal_rtc_ex.o
      1340         44          0          0          0      14967   stm32wlxx_hal_subghz.o
      1944         72          0          0          0      50017   stm32wlxx_hal_tim.o
        84          0          0          0          0      22791   stm32wlxx_hal_tim_ex.o
      3866        142         40          0          0      35139   stm32wlxx_hal_uart.o
       436          8         16          0          0      10466   stm32wlxx_hal_uart_ex.o
       112         16          0          0          0       7346   stm32wlxx_it.o
       120          8         18          0          0       8140   stm32wlxx_nucleo.o
       216         24          0          0          0       3993   stm32wlxx_nucleo_radio.o
        76          8          0          0         12       5239   subghz.o
      1862        578         30          0       3514       9126   subghz_phy_app.o
       160         20          0          0          0       4607   sys_app.o
         2          0        160          4          0       2939   system_stm32wlxx.o
       402         16         64          0          8       8785   timer_if.o
       364         28          0          0        240       9040   usart.o
       256         32         16          0         12      10164   usart_if.o

    ----------------------------------------------------------------------
     28680       1844       1064         24      40724     456530   Object Totals
         0          0         32          0      32768          0   (incl. Generated)
        60          0          6          3          7          0   (incl. Padding)

    ----------------------------------------------------------------------

      Code (inc. data)   RO Data    RW Data    ZI Data      Debug   Library Member Name

        28          0          0          0          0         76   calloc.o
         0          0          0          0          0          0   entry.o
         0          0          0          0          0          0   entry10a.o
         0          0          0          0          0          0   entry11a.o
         8          4          0          0          0          0   entry2.o
         4          0          0          0          0          0   entry5.o
         0          0          0          0          0          0   entry7b.o
         0          0          0          0          0          0   entry8b.o
         8          4          0          0          0          0   entry9a.o
        30          0          0          0          0          0   handlers.o
        36          8          0          0          0         68   init.o
        30          0          0          0          0         68   llshl.o
        32          0          0          0          0         68   llushr.o
       188         20          0          0          0        160   malloc.o
        26          0          0          0          0         80   memcmp.o
        64          0          0          0          0         76   memmovea.o
        36          0          0          0          0        108   memseta.o
         0          0          0          8          0          0   mvars.o
       372         14          0          0          0        184   printf1.o
         0          0          0          4          0          0   stdout.o
        20          0          0          0          0         68   strchr.o
        14          0          0          0          0         68   strlen.o
        30          0          0          0          0         80   strncmp.o
        24          0          0          0          0         76   strncpy.o
        44          0          0          0          0         80   uidiv.o
        98          0          0          0          0         92   uldiv.o

    ----------------------------------------------------------------------
      1096         50          0         12          0       1352   Library Totals
         4          0          0          0          0          0   (incl. Padding)

    ----------------------------------------------------------------------

      Code (inc. data)   RO Data    RW Data    ZI Data      Debug   Library Name

      1092         50          0         12          0       1352   mc_w.l

    ----------------------------------------------------------------------
      1096         50          0         12          0       1352   Library Totals

    ----------------------------------------------------------------------

==============================================================================


      Code (inc. data)   RO Data    RW Data    ZI Data      Debug   

     29776       1894       1064         36      40724     456498   Grand Totals
     29776       1894       1064         36      40724     456498   ELF Image Totals
     29776       1894       1064         36          0          0   ROM Totals

==============================================================================

    Total RO  Size (Code + RO Data)                30840 (  30.12kB)
    Total RW  Size (RW Data + ZI Data)             40760 (  39.80kB)
    Total ROM Size (Code + RO Data + RW Data)      30876 (  30.15kB)

==============================================================================

