Component: Arm Compiler for Embedded 6.18 Tool: armlink [5e4cc100]

==============================================================================

Section Cross References

    startup_stm32wl55xx_cm4.o(RESET) refers to startup_stm32wl55xx_cm4.o(STACK) for __initial_sp
    startup_stm32wl55xx_cm4.o(RESET) refers to startup_stm32wl55xx_cm4.o(.text) for Reset_Handler
    startup_stm32wl55xx_cm4.o(RESET) refers to stm32wlxx_it.o(.text.NMI_Handler) for NMI_Handler
    startup_stm32wl55xx_cm4.o(RESET) refers to stm32wlxx_it.o(.text.HardFault_Handler) for HardFault_Handler
    startup_stm32wl55xx_cm4.o(RESET) refers to stm32wlxx_it.o(.text.MemManage_Handler) for MemManage_Handler
    startup_stm32wl55xx_cm4.o(RESET) refers to stm32wlxx_it.o(.text.BusFault_Handler) for BusFault_Handler
    startup_stm32wl55xx_cm4.o(RESET) refers to stm32wlxx_it.o(.text.UsageFault_Handler) for UsageFault_Handler
    startup_stm32wl55xx_cm4.o(RESET) refers to stm32wlxx_it.o(.text.SVC_Handler) for SVC_Handler
    startup_stm32wl55xx_cm4.o(RESET) refers to stm32wlxx_it.o(.text.DebugMon_Handler) for DebugMon_Handler
    startup_stm32wl55xx_cm4.o(RESET) refers to stm32wlxx_it.o(.text.PendSV_Handler) for PendSV_Handler
    startup_stm32wl55xx_cm4.o(RESET) refers to stm32wlxx_it.o(.text.SysTick_Handler) for SysTick_Handler
    startup_stm32wl55xx_cm4.o(RESET) refers to stm32wlxx_it.o(.text.TAMP_STAMP_LSECSS_SSRU_IRQHandler) for TAMP_STAMP_LSECSS_SSRU_IRQHandler
    startup_stm32wl55xx_cm4.o(RESET) refers to stm32wlxx_it.o(.text.DMA1_Channel1_IRQHandler) for DMA1_Channel1_IRQHandler
    startup_stm32wl55xx_cm4.o(RESET) refers to stm32wlxx_it.o(.text.DMA1_Channel5_IRQHandler) for DMA1_Channel5_IRQHandler
    startup_stm32wl55xx_cm4.o(RESET) refers to stm32wlxx_it.o(.text.USART1_IRQHandler) for USART1_IRQHandler
    startup_stm32wl55xx_cm4.o(RESET) refers to stm32wlxx_it.o(.text.USART2_IRQHandler) for USART2_IRQHandler
    startup_stm32wl55xx_cm4.o(RESET) refers to stm32wlxx_it.o(.text.EXTI15_10_IRQHandler) for EXTI15_10_IRQHandler
    startup_stm32wl55xx_cm4.o(RESET) refers to stm32wlxx_it.o(.text.RTC_Alarm_IRQHandler) for RTC_Alarm_IRQHandler
    startup_stm32wl55xx_cm4.o(RESET) refers to stm32wlxx_it.o(.text.SUBGHZ_Radio_IRQHandler) for SUBGHZ_Radio_IRQHandler
    startup_stm32wl55xx_cm4.o(.text) refers to system_stm32wlxx.o(.text.SystemInit) for SystemInit
    startup_stm32wl55xx_cm4.o(.text) refers to entry.o(.ARM.Collect$$$$00000000) for __main
    main.o(.text.main) refers to stm32wlxx_hal.o(.text.HAL_Init) for HAL_Init
    main.o(.text.main) refers to main.o(.text.SystemClock_Config) for SystemClock_Config
    main.o(.text.main) refers to main.o(.text.LL_AHB2_GRP1_EnableClock) for LL_AHB2_GRP1_EnableClock
    main.o(.text.main) refers to app_subghz_phy.o(.text.MX_SubGHz_Phy_Init) for MX_SubGHz_Phy_Init
    main.o(.text.main) refers to app_subghz_phy.o(.text.MX_SubGHz_Phy_Process) for MX_SubGHz_Phy_Process
    main.o(.ARM.exidx.text.main) refers to main.o(.text.main) for [Anonymous Symbol]
    main.o(.text.SystemClock_Config) refers to memseta.o(.text) for __aeabi_memclr4
    main.o(.text.SystemClock_Config) refers to stm32wlxx_hal_pwr.o(.text.HAL_PWR_EnableBkUpAccess) for HAL_PWR_EnableBkUpAccess
    main.o(.text.SystemClock_Config) refers to stm32wlxx_hal_rcc.o(.text.HAL_RCC_OscConfig) for HAL_RCC_OscConfig
    main.o(.text.SystemClock_Config) refers to stm32wlxx_hal_rcc.o(.text.HAL_RCC_ClockConfig) for HAL_RCC_ClockConfig
    main.o(.ARM.exidx.text.SystemClock_Config) refers to main.o(.text.SystemClock_Config) for [Anonymous Symbol]
    main.o(.ARM.exidx.text.Error_Handler) refers to main.o(.text.Error_Handler) for [Anonymous Symbol]
    main.o(.text.fputc) refers to stm32wlxx_hal_uart.o(.text.HAL_UART_Transmit) for HAL_UART_Transmit
    main.o(.text.fputc) refers to usart.o(.bss.huart1) for huart1
    main.o(.ARM.exidx.text.fputc) refers to main.o(.text.fputc) for [Anonymous Symbol]
    main.o(.text.HAL_TIM_MspPostInit) refers to main.o(.text.LL_AHB2_GRP1_EnableClock) for LL_AHB2_GRP1_EnableClock
    main.o(.text.HAL_TIM_MspPostInit) refers to stm32wlxx_hal_gpio.o(.text.HAL_GPIO_Init) for HAL_GPIO_Init
    main.o(.ARM.exidx.text.HAL_TIM_MspPostInit) refers to main.o(.text.HAL_TIM_MspPostInit) for [Anonymous Symbol]
    main.o(.ARM.exidx.text.LL_AHB2_GRP1_EnableClock) refers to main.o(.text.LL_AHB2_GRP1_EnableClock) for [Anonymous Symbol]
    main.o(.text.MX_TIM2_Init) refers to stm32wlxx_hal_tim.o(.text.HAL_TIM_Base_Init) for HAL_TIM_Base_Init
    main.o(.text.MX_TIM2_Init) refers to stm32wlxx_hal_tim.o(.text.HAL_TIM_ConfigClockSource) for HAL_TIM_ConfigClockSource
    main.o(.text.MX_TIM2_Init) refers to stm32wlxx_hal_tim.o(.text.HAL_TIM_PWM_Init) for HAL_TIM_PWM_Init
    main.o(.text.MX_TIM2_Init) refers to stm32wlxx_hal_tim_ex.o(.text.HAL_TIMEx_MasterConfigSynchronization) for HAL_TIMEx_MasterConfigSynchronization
[...]
    HAL_UARTEx_RxFifoFullCallback            0x08001fdf   Thumb Code     2  stm32wlxx_hal_uart_ex.o(.text.HAL_UARTEx_RxFifoFullCallback)
    HAL_UARTEx_SetRxFifoThreshold            0x08001fe1   Thumb Code    28  stm32wlxx_hal_uart_ex.o(.text.HAL_UARTEx_SetRxFifoThreshold)
    HAL_UARTEx_SetTxFifoThreshold            0x08001ffd   Thumb Code    28  stm32wlxx_hal_uart_ex.o(.text.HAL_UARTEx_SetTxFifoThreshold)
    HAL_UARTEx_StopModeWakeUpSourceConfig    0x08002019   Thumb Code   124  stm32wlxx_hal_uart_ex.o(.text.HAL_UARTEx_StopModeWakeUpSourceConfig)
    HAL_UARTEx_TxFifoEmptyCallback           0x08002095   Thumb Code     2  stm32wlxx_hal_uart_ex.o(.text.HAL_UARTEx_TxFifoEmptyCallback)
    HAL_UARTEx_WakeupCallback                0x08002097   Thumb Code     2  stm32wlxx_hal_uart_ex.o(.text.HAL_UARTEx_WakeupCallback)
    HAL_UART_ErrorCallback                   0x08002099   Thumb Code     2  stm32wlxx_hal_uart.o(.text.HAL_UART_ErrorCallback)
    HAL_UART_IRQHandler                      0x0800209d   Thumb Code   688  stm32wlxx_hal_uart.o(.text.HAL_UART_IRQHandler)
    HAL_UART_Init                            0x0800235d   Thumb Code    58  stm32wlxx_hal_uart.o(.text.HAL_UART_Init)
    HAL_UART_MspDeInit                       0x08002399   Thumb Code    52  usart.o(.text.HAL_UART_MspDeInit)
    HAL_UART_MspInit                         0x080023d1   Thumb Code   188  usart.o(.text.HAL_UART_MspInit)
    HAL_UART_Receive_IT                      0x08002499   Thumb Code    64  stm32wlxx_hal_uart.o(.text.HAL_UART_Receive_IT)
    HAL_UART_RxCpltCallback                  0x080024dd   Thumb Code    40  usart_if.o(.text.HAL_UART_RxCpltCallback)
    HAL_UART_Transmit_DMA                    0x08002509   Thumb Code   132  stm32wlxx_hal_uart.o(.text.HAL_UART_Transmit_DMA)
    HAL_UART_TxCpltCallback                  0x08002599   Thumb Code     8  usart_if.o(.text.HAL_UART_TxCpltCallback)
    HAL_UART_TxHalfCpltCallback              0x080025a5   Thumb Code     2  stm32wlxx_hal_uart.o(.text.HAL_UART_TxHalfCpltCallback)
    HardFault_Handler                        0x080025a7   Thumb Code     2  stm32wlxx_it.o(.text.HardFault_Handler)
    MX_DMA_Init                              0x08002639   Thumb Code    34  dma.o(.text.MX_DMA_Init)
    MX_RTC_Init                              0x0800265d   Thumb Code   108  rtc.o(.text.MX_RTC_Init)
    MX_SUBGHZ_Init                           0x080026d1   Thumb Code    24  subghz.o(.text.MX_SUBGHZ_Init)
    MX_SubGHz_Phy_Init                       0x080026ed   Thumb Code    14  app_subghz_phy.o(.text.MX_SubGHz_Phy_Init)
    MX_SubGHz_Phy_Process                    0x080026fb   Thumb Code     8  app_subghz_phy.o(.text.MX_SubGHz_Phy_Process)
    MX_USART1_UART_Init                      0x08002705   Thumb Code    96  usart.o(.text.MX_USART1_UART_Init)
    MemManage_Handler                        0x0800276d   Thumb Code     2  stm32wlxx_it.o(.text.MemManage_Handler)
    NMI_Handler                              0x0800276f   Thumb Code     2  stm32wlxx_it.o(.text.NMI_Handler)
    PWR_EnterOffMode                         0x08002d99   Thumb Code     2  stm32_lpm_if.o(.text.PWR_EnterOffMode)
    PWR_EnterSleepMode                       0x08002d9b   Thumb Code    18  stm32_lpm_if.o(.text.PWR_EnterSleepMode)
    PWR_EnterStopMode                        0x08002dad   Thumb Code    24  stm32_lpm_if.o(.text.PWR_EnterStopMode)
    PWR_ExitOffMode                          0x08002dc9   Thumb Code     2  stm32_lpm_if.o(.text.PWR_ExitOffMode)
    PWR_ExitSleepMode                        0x08002dcb   Thumb Code     4  stm32_lpm_if.o(.text.PWR_ExitSleepMode)
    PWR_ExitStopMode                         0x08002dcf   Thumb Code    14  stm32_lpm_if.o(.text.PWR_ExitStopMode)
    PendSV_Handler                           0x08002ddd   Thumb Code     2  stm32wlxx_it.o(.text.PendSV_Handler)
    QueueEmpty                               0x08002f05   Thumb Code    10  queue.o(.text.QueueEmpty)
    QueueFull                                0x08002f0f   Thumb Code    12  queue.o(.text.QueueFull)
    RBI_ConfigRFSwitch                       0x08002f1b   Thumb Code     4  radio_board_if.o(.text.RBI_ConfigRFSwitch)
    RBI_GetTxConfig                          0x08002f1f   Thumb Code     4  radio_board_if.o(.text.RBI_GetTxConfig)
    RBI_Init                                 0x08002f23   Thumb Code     4  radio_board_if.o(.text.RBI_Init)
    RBI_IsDCDC                               0x08002f27   Thumb Code     4  radio_board_if.o(.text.RBI_IsDCDC)
    RBI_IsTCXO                               0x08002f2b   Thumb Code     4  radio_board_if.o(.text.RBI_IsTCXO)
    RFW_DeInit                               0x08002fdd   Thumb Code     2  radio_fw.o(.text.RFW_DeInit)
    RFW_DeInit_TxLongPacket                  0x08002fdf   Thumb Code     2  radio_fw.o(.text.RFW_DeInit_TxLongPacket)
    RFW_Init                                 0x08002fe1   Thumb Code     4  radio_fw.o(.text.RFW_Init)
    RFW_Is_Init                              0x08002fe5   Thumb Code     4  radio_fw.o(.text.RFW_Is_Init)
    RFW_Is_LongPacketModeEnabled             0x08002fe9   Thumb Code     4  radio_fw.o(.text.RFW_Is_LongPacketModeEnabled)
    RFW_ReceiveInit                          0x08002fed   Thumb Code     4  radio_fw.o(.text.RFW_ReceiveInit)
    RFW_ReceiveLongPacket                    0x08002ff1   Thumb Code     4  radio_fw.o(.text.RFW_ReceiveLongPacket)
    RFW_ReceivePayload                       0x08002ff5   Thumb Code     2  radio_fw.o(.text.RFW_ReceivePayload)
    RFW_SetAntSwitch                         0x08002ff7   Thumb Code     2  radio_fw.o(.text.RFW_SetAntSwitch)
    RFW_SetRadioModem                        0x08002ff9   Thumb Code     2  radio_fw.o(.text.RFW_SetRadioModem)
    RFW_TransmitInit                         0x08002ffb   Thumb Code     4  radio_fw.o(.text.RFW_TransmitInit)
    RFW_TransmitLongPacket                   0x08002fff   Thumb Code     4  radio_fw.o(.text.RFW_TransmitLongPacket)
    RTC_Alarm_IRQHandler                     0x08003005   Thumb Code     8  stm32wlxx_it.o(.text.RTC_Alarm_IRQHandler)
    RTC_ByteToBcd2                           0x08003011   Thumb Code    36  stm32wlxx_hal_rtc.o(.text.RTC_ByteToBcd2)
    RTC_EnterInitMode                        0x08003035   Thumb Code    76  stm32wlxx_hal_rtc.o(.text.RTC_EnterInitMode)
    RTC_ExitInitMode                         0x08003085   Thumb Code    76  stm32wlxx_hal_rtc.o(.text.RTC_ExitInitMode)
    SEQ_BitPosition                          0x080041c9   Thumb Code    56  stm32_seq.o(.text.SEQ_BitPosition)
    SUBGHZSPI_Init                           0x08004205   Thumb Code    32  stm32wlxx_hal_subghz.o(.text.SUBGHZSPI_Init)
    SUBGHZSPI_Receive                        0x08004229   Thumb Code    92  stm32wlxx_hal_subghz.o(.text.SUBGHZSPI_Receive)
    SUBGHZSPI_Transmit                       0x08004285   Thumb Code    88  stm32wlxx_hal_subghz.o(.text.SUBGHZSPI_Transmit)
    SUBGHZ_CheckDeviceReady                  0x080042e1   Thumb Code    60  stm32wlxx_hal_subghz.o(.text.SUBGHZ_CheckDeviceReady)
    SUBGHZ_Radio_IRQHandler                  0x08004321   Thumb Code     8  stm32wlxx_it.o(.text.SUBGHZ_Radio_IRQHandler)
    SUBGHZ_WaitOnBusy                        0x08004329   Thumb Code    60  stm32wlxx_hal_subghz.o(.text.SUBGHZ_WaitOnBusy)
    SUBGRF_Calibrate                         0x0800436d   Thumb Code    24  radio_driver.o(.text.SUBGRF_Calibrate)
    SUBGRF_CalibrateImage                    0x08004385   Thumb Code   100  radio_driver.o(.text.SUBGRF_CalibrateImage)
    SUBGRF_GetCFO                            0x080043fd   Thumb Code   108  radio_driver.o(.text.SUBGRF_GetCFO)
    SUBGRF_GetFskBandwidthRegValue           0x08004479   Thumb Code    32  radio_driver.o(.text.SUBGRF_GetFskBandwidthRegValue)
    SUBGRF_GetOperatingMode                  0x0800449d   Thumb Code     8  radio_driver.o(.text.SUBGRF_GetOperatingMode)
    SUBGRF_GetPacketStatus                   0x080044a5   Thumb Code   112  radio_driver.o(.text.SUBGRF_GetPacketStatus)
    SUBGRF_GetPayload                        0x08004515   Thumb Code    48  radio_driver.o(.text.SUBGRF_GetPayload)
    SUBGRF_GetRadioWakeUpTime                0x08004545   Thumb Code     4  radio_driver.o(.text.SUBGRF_GetRadioWakeUpTime)
    SUBGRF_GetRandom                         0x08004549   Thumb Code    96  radio_driver.o(.text.SUBGRF_GetRandom)
    SUBGRF_GetRssiInst                       0x080045ad   Thumb Code    24  radio_driver.o(.text.SUBGRF_GetRssiInst)
    SUBGRF_GetRxBufferStatus                 0x080045c5   Thumb Code    56  radio_driver.o(.text.SUBGRF_GetRxBufferStatus)
    SUBGRF_Init                              0x080045fd   Thumb Code    96  radio_driver.o(.text.SUBGRF_Init)
    SUBGRF_ReadBuffer                        0x0800465d   Thumb Code    28  radio_driver.o(.text.SUBGRF_ReadBuffer)
    SUBGRF_ReadRegister                      0x08004695   Thumb Code    24  radio_driver.o(.text.SUBGRF_ReadRegister)
    SUBGRF_ReadRegisters                     0x080046ad   Thumb Code    28  radio_driver.o(.text.SUBGRF_ReadRegisters)
    SUBGRF_SendPayload                       0x080046cd   Thumb Code    18  radio_driver.o(.text.SUBGRF_SendPayload)
    SUBGRF_SetBufferBaseAddress              0x080046df   Thumb Code    24  radio_driver.o(.text.SUBGRF_SetBufferBaseAddress)
    SUBGRF_SetCad                            0x080046f9   Thumb Code    20  radio_driver.o(.text.SUBGRF_SetCad)
    SUBGRF_SetCrcPolynomial                  0x0800470d   Thumb Code    32  radio_driver.o(.text.SUBGRF_SetCrcPolynomial)
    SUBGRF_SetCrcSeed                        0x0800472d   Thumb Code    32  radio_driver.o(.text.SUBGRF_SetCrcSeed)
    SUBGRF_SetDioIrqParams                   0x0800474d   Thumb Code    54  radio_driver.o(.text.SUBGRF_SetDioIrqParams)
    SUBGRF_SetLoRaSymbNumTimeout             0x08004783   Thumb Code    56  radio_driver.o(.text.SUBGRF_SetLoRaSymbNumTimeout)
    SUBGRF_SetModulationParams               0x080047bd   Thumb Code   168  radio_driver.o(.text.SUBGRF_SetModulationParams)
    SUBGRF_SetPaConfig                       0x0800486d   Thumb Code    30  radio_driver.o(.text.SUBGRF_SetPaConfig)
    SUBGRF_SetPacketParams                   0x0800488d   Thumb Code   168  radio_driver.o(.text.SUBGRF_SetPacketParams)
    SUBGRF_SetPacketType                     0x08004935   Thumb Code    36  radio_driver.o(.text.SUBGRF_SetPacketType)
    SUBGRF_SetPayload                        0x0800495d   Thumb Code    10  radio_driver.o(.text.SUBGRF_SetPayload)
    SUBGRF_SetRegulatorMode                  0x08004967   Thumb Code    32  radio_driver.o(.text.SUBGRF_SetRegulatorMode)
    SUBGRF_SetRfFrequency                    0x08004989   Thumb Code    48  radio_driver.o(.text.SUBGRF_SetRfFrequency)
    SUBGRF_SetRfTxPower                      0x080049c1   Thumb Code    40  radio_driver.o(.text.SUBGRF_SetRfTxPower)
    SUBGRF_SetRx                             0x080049e9   Thumb Code    24  radio_driver.o(.text.SUBGRF_SetRx)
    SUBGRF_SetRxBoosted                      0x08004a01   Thumb Code    52  radio_driver.o(.text.SUBGRF_SetRxBoosted)
    SUBGRF_SetRxDutyCycle                    0x08004a35   Thumb Code    56  radio_driver.o(.text.SUBGRF_SetRxDutyCycle)
    SUBGRF_SetSleep                          0x08004a6d   Thumb Code    44  radio_driver.o(.text.SUBGRF_SetSleep)
    SUBGRF_SetStandby                        0x08004a99   Thumb Code    36  radio_driver.o(.text.SUBGRF_SetStandby)
    SUBGRF_SetStopRxTimerOnPreambleDetect    0x08004ac1   Thumb Code    18  radio_driver.o(.text.SUBGRF_SetStopRxTimerOnPreambleDetect)
    SUBGRF_SetSwitch                         0x08004ad3   Thumb Code    44  radio_driver.o(.text.SUBGRF_SetSwitch)
    SUBGRF_SetSyncWord                       0x08004aff   Thumb Code    18  radio_driver.o(.text.SUBGRF_SetSyncWord)
    SUBGRF_SetTcxoMode                       0x08004b11   Thumb Code    38  radio_driver.o(.text.SUBGRF_SetTcxoMode)
    SUBGRF_SetTx                             0x08004b39   Thumb Code    24  radio_driver.o(.text.SUBGRF_SetTx)
    SUBGRF_SetTxContinuousWave               0x08004b55   Thumb Code    10  radio_driver.o(.text.SUBGRF_SetTxContinuousWave)
    SUBGRF_SetTxInfinitePreamble             0x08004b5f   Thumb Code    10  radio_driver.o(.text.SUBGRF_SetTxInfinitePreamble)
    SUBGRF_SetTxParams                       0x08004b69   Thumb Code   128  radio_driver.o(.text.SUBGRF_SetTxParams)
    SUBGRF_SetWhiteningSeed                  0x08004be9   Thumb Code    52  radio_driver.o(.text.SUBGRF_SetWhiteningSeed)
    SUBGRF_WriteBuffer                       0x08004c21   Thumb Code    28  radio_driver.o(.text.SUBGRF_WriteBuffer)
    SUBGRF_WriteRegister                     0x08004c59   Thumb Code    24  radio_driver.o(.text.SUBGRF_WriteRegister)
    SUBGRF_WriteRegisters                    0x08004c71   Thumb Code    28  radio_driver.o(.text.SUBGRF_WriteRegisters)
    SVC_Handler                              0x08004c91   Thumb Code     2  stm32wlxx_it.o(.text.SVC_Handler)
    SubghzApp_Init                           0x08004e81   Thumb Code   444  subghz_phy_app.o(.text.SubghzApp_Init)
    SysTick_Handler                          0x08005105   Thumb Code     4  stm32wlxx_it.o(.text.SysTick_Handler)
    SysTimeGet                               0x08005109   Thumb Code    64  stm32_systime.o(.text.SysTimeGet)
    SysTimeSub                               0x08005151   Thumb Code    32  stm32_systime.o(.text.SysTimeSub)
    SystemApp_Init                           0x08005171   Thumb Code    56  sys_app.o(.text.SystemApp_Init)
    SystemClock_Config                       0x080051b1   Thumb Code   148  main.o(.text.SystemClock_Config)
    SystemInit                               0x0800524d   Thumb Code     2  system_stm32wlxx.o(.text.SystemInit)
    TAMP_STAMP_LSECSS_SSRU_IRQHandler        0x08005251   Thumb Code     8  stm32wlxx_it.o(.text.TAMP_STAMP_LSECSS_SSRU_IRQHandler)
    TIMER_IF_BkUp_Read_Seconds               0x08005261   Thumb Code     8  timer_if.o(.text.TIMER_IF_BkUp_Read_Seconds)
    TIMER_IF_BkUp_Read_SubSeconds            0x08005269   Thumb Code     8  timer_if.o(.text.TIMER_IF_BkUp_Read_SubSeconds)
    TIMER_IF_BkUp_Write_Seconds              0x0800527d   Thumb Code    12  timer_if.o(.text.TIMER_IF_BkUp_Write_Seconds)
    TIMER_IF_BkUp_Write_SubSeconds           0x08005289   Thumb Code    12  timer_if.o(.text.TIMER_IF_BkUp_Write_SubSeconds)
    TIMER_IF_Convert_Tick2ms                 0x08005295   Thumb Code    16  timer_if.o(.text.TIMER_IF_Convert_Tick2ms)
    TIMER_IF_Convert_ms2Tick                 0x080052a5   Thumb Code     8  timer_if.o(.text.TIMER_IF_Convert_ms2Tick)
    TIMER_IF_GetMinimumTimeout               0x080052ad   Thumb Code     4  timer_if.o(.text.TIMER_IF_GetMinimumTimeout)
    TIMER_IF_GetTime                         0x080052b1   Thumb Code    40  timer_if.o(.text.TIMER_IF_GetTime)
    TIMER_IF_GetTimerContext                 0x080052d9   Thumb Code     8  timer_if.o(.text.TIMER_IF_GetTimerContext)
    TIMER_IF_GetTimerElapsedTime             0x080052e1   Thumb Code    16  timer_if.o(.text.TIMER_IF_GetTimerElapsedTime)
    TIMER_IF_GetTimerValue                   0x080052f1   Thumb Code    20  timer_if.o(.text.TIMER_IF_GetTimerValue)
    TIMER_IF_Init                            0x08005305   Thumb Code    60  timer_if.o(.text.TIMER_IF_Init)
    TIMER_IF_SetTimerContext                 0x08005341   Thumb Code    12  timer_if.o(.text.TIMER_IF_SetTimerContext)
    TIMER_IF_StartTimer                      0x08005351   Thumb Code    72  timer_if.o(.text.TIMER_IF_StartTimer)
    TIMER_IF_StopTimer                       0x0800539d   Thumb Code    24  timer_if.o(.text.TIMER_IF_StopTimer)
    TimerExists                              0x08005571   Thumb Code    24  stm32_timer.o(.text.TimerExists)
    TimerInsertNewHeadTimer                  0x08005589   Thumb Code    20  stm32_timer.o(.text.TimerInsertNewHeadTimer)
    TimerInsertTimer                         0x0800559d   Thumb Code    32  stm32_timer.o(.text.TimerInsertTimer)
    TimerSetTimeout                          0x080055c1   Thumb Code    56  stm32_timer.o(.text.TimerSetTimeout)
    UART_AdvFeatureConfig                    0x080056cd   Thumb Code   168  stm32wlxx_hal_uart.o(.text.UART_AdvFeatureConfig)
    UART_CheckIdleState                      0x08005775   Thumb Code    76  stm32wlxx_hal_uart.o(.text.UART_CheckIdleState)
    UART_SetConfig                           0x08005bf5   Thumb Code   424  stm32wlxx_hal_uart.o(.text.UART_SetConfig)
    UART_Start_Receive_IT                    0x08005dd5   Thumb Code   224  stm32wlxx_hal_uart.o(.text.UART_Start_Receive_IT)
    UART_WaitOnFlagUntilTimeout              0x08005ec5   Thumb Code   202  stm32wlxx_hal_uart.o(.text.UART_WaitOnFlagUntilTimeout)
    USART1_IRQHandler                        0x08005f91   Thumb Code     8  stm32wlxx_it.o(.text.USART1_IRQHandler)
    USART2_IRQHandler                        0x08005f99   Thumb Code     8  stm32wlxx_it.o(.text.USART2_IRQHandler)
    UTIL_ADV_TRACE_COND_FSend                0x08005fa5   Thumb Code   160  stm32_adv_trace.o(.text.UTIL_ADV_TRACE_COND_FSend)
    UTIL_ADV_TRACE_Init                      0x08006049   Thumb Code    36  stm32_adv_trace.o(.text.UTIL_ADV_TRACE_Init)
    UTIL_ADV_TRACE_PostSendHook              0x08006075   Thumb Code     8  sys_app.o(.text.UTIL_ADV_TRACE_PostSendHook)
    UTIL_ADV_TRACE_PreSendHook               0x0800607d   Thumb Code     8  sys_app.o(.text.UTIL_ADV_TRACE_PreSendHook)
    UTIL_ADV_TRACE_RegisterTimeStampFunction 0x08006085   Thumb Code     8  stm32_adv_trace.o(.text.UTIL_ADV_TRACE_RegisterTimeStampFunction)
    UTIL_ADV_TRACE_SetVerboseLevel           0x0800608d   Thumb Code     8  stm32_adv_trace.o(.text.UTIL_ADV_TRACE_SetVerboseLevel)
    UTIL_ADV_TRACE_StartRxProcess            0x08006099   Thumb Code     8  stm32_adv_trace.o(.text.UTIL_ADV_TRACE_StartRxProcess)
    UTIL_LPM_EnterLowPower                   0x080060a5   Thumb Code    64  stm32_lpm.o(.text.UTIL_LPM_EnterLowPower)
    UTIL_LPM_Init                            0x080060e9   Thumb Code    12  stm32_lpm.o(.text.UTIL_LPM_Init)
    UTIL_LPM_SetOffMode                      0x080060f5   Thumb Code    44  stm32_lpm.o(.text.UTIL_LPM_SetOffMode)
    UTIL_LPM_SetStopMode                     0x08006121   Thumb Code    44  stm32_lpm.o(.text.UTIL_LPM_SetStopMode)
    UTIL_MEM_set_8                           0x08006151   Thumb Code    14  stm32_mem.o(.text.UTIL_MEM_set_8)
    UTIL_SEQ_Idle                            0x0800615f   Thumb Code     4  sys_app.o(.text.UTIL_SEQ_Idle)
    UTIL_SEQ_PostIdle                        0x08006163   Thumb Code     2  stm32_seq.o(.text.UTIL_SEQ_PostIdle)
    UTIL_SEQ_PreIdle                         0x08006165   Thumb Code     2  stm32_seq.o(.text.UTIL_SEQ_PreIdle)
    UTIL_SEQ_RegTask                         0x08006169   Thumb Code    32  stm32_seq.o(.text.UTIL_SEQ_RegTask)
    UTIL_SEQ_Run                             0x08006189   Thumb Code   224  stm32_seq.o(.text.UTIL_SEQ_Run)
    UTIL_SEQ_SetTask                         0x08006271   Thumb Code    36  stm32_seq.o(.text.UTIL_SEQ_SetTask)
    UTIL_TIMER_Create                        0x08006299   Thumb Code    52  stm32_timer.o(.text.UTIL_TIMER_Create)
    UTIL_TIMER_GetCurrentTime                0x080062cd   Thumb Code    20  stm32_timer.o(.text.UTIL_TIMER_GetCurrentTime)
    UTIL_TIMER_GetElapsedTime                0x080062e1   Thumb Code    32  stm32_timer.o(.text.UTIL_TIMER_GetElapsedTime)
    UTIL_TIMER_IRQ_Handler                   0x08006301   Thumb Code   128  stm32_timer.o(.text.UTIL_TIMER_IRQ_Handler)
    UTIL_TIMER_Init                          0x08006381   Thumb Code    12  stm32_timer.o(.text.UTIL_TIMER_Init)
    UTIL_TIMER_SetPeriod                     0x0800638d   Thumb Code    48  stm32_timer.o(.text.UTIL_TIMER_SetPeriod)
    UTIL_TIMER_Start                         0x080063bd   Thumb Code   108  stm32_timer.o(.text.UTIL_TIMER_Start)
    UTIL_TIMER_Stop                          0x08006429   Thumb Code    96  stm32_timer.o(.text.UTIL_TIMER_Stop)
    UsageFault_Handler                       0x08006491   Thumb Code     2  stm32wlxx_it.o(.text.UsageFault_Handler)
    checkCmdType                             0x08006495   Thumb Code    76  cmd_processing.o(.text.checkCmdType)
    getIndex                                 0x08006505   Thumb Code    12  cmd_processing.o(.text.getIndex)
    main                                     0x08006511   Thumb Code    22  main.o(.text.main)
    proccess_cmd                             0x08006529   Thumb Code   180  cmd_processing.o(.text.proccess_cmd)
    proccess_send                            0x080065e1   Thumb Code   100  cmd_processing.o(.text.proccess_send)
    proccess_setID                           0x08006645   Thumb Code   108  cmd_processing.o(.text.proccess_setID)
    tiny_vsnprintf_like                      0x080066d9   Thumb Code   572  stm32_tiny_vsnprintf.o(.text.tiny_vsnprintf_like)
    vcom_DeInit                              0x08006969   Thumb Code    36  usart_if.o(.text.vcom_DeInit)
    vcom_Init                                0x08006991   Thumb Code    28  usart_if.o(.text.vcom_Init)
    vcom_ReceiveInit                         0x080069b5   Thumb Code    64  usart_if.o(.text.vcom_ReceiveInit)
    vcom_Resume                              0x080069f9   Thumb Code    32  usart_if.o(.text.vcom_Resume)
    vcom_Trace_DMA                           0x08006a1d   Thumb Code    16  usart_if.o(.text.vcom_Trace_DMA)
    __scatterload_copy                       0x08006a31   Thumb Code    14  handlers.o(i.__scatterload_copy)
    __scatterload_null                       0x08006a3f   Thumb Code     2  handlers.o(i.__scatterload_null)
    __scatterload_zeroinit                   0x08006a41   Thumb Code    14  handlers.o(i.__scatterload_zeroinit)
    free                                     0x08006a51   Thumb Code    76  malloc.o(i.free)
    malloc                                   0x08006aa1   Thumb Code    92  malloc.o(i.malloc)
    AHBPrescTable                            0x08006b18   Data          64  system_stm32wlxx.o(.rodata.AHBPrescTable)
    APBPrescTable                            0x08006b58   Data          32  system_stm32wlxx.o(.rodata.APBPrescTable)
    Bandwidths                               0x08006b78   Data           3  radio.o(.rodata.Bandwidths)
    MSIRangeTable                            0x08006c40   Data          64  system_stm32wlxx.o(.rodata.MSIRangeTable)
    Radio                                    0x08006c80   Data         132  radio.o(.rodata.Radio)
    UARTPrescTable                           0x08006d04   Data          24  stm32wlxx_hal_uart.o(.rodata.UARTPrescTable)
    UTIL_PowerDriver                         0x08006d1c   Data          24  stm32_lpm_if.o(.rodata.UTIL_PowerDriver)
    UTIL_SYSTIMDriver                        0x08006d34   Data          20  timer_if.o(.rodata.UTIL_SYSTIMDriver)
    UTIL_TimerDriver                         0x08006d48   Data          44  timer_if.o(.rodata.UTIL_TimerDriver)
    UTIL_TraceDriver                         0x08006d74   Data          16  usart_if.o(.rodata.UTIL_TraceDriver)
    Region$$Table$$Base                      0x08006dd0   Number         0  anon$$obj.o(Region$$Table)
    Region$$Table$$Limit                     0x08006df0   Number         0  anon$$obj.o(Region$$Table)
    __microlib_freelist                      0x20000000   Data           4  mvars.o(.data)
    __microlib_freelist_initialised          0x20000004   Data           4  mvars.o(.data)
    uwTickFreq                               0x20000008   Data           1  stm32wlxx_hal.o(.data..L_MergedGlobals)
    uwTickPrio                               0x2000000c   Data           4  stm32wlxx_hal.o(.data..L_MergedGlobals)
    SystemCoreClock                          0x2000001c   Data           4  system_stm32wlxx.o(.data.SystemCoreClock)
    charRx                                   0x20000028   Data           1  usart_if.o(.bss..L_MergedGlobals)
    RssiValue                                0x20000030   Data           1  subghz_phy_app.o(.bss..L_MergedGlobals)
    SnrValue                                 0x20000031   Data           1  subghz_phy_app.o(.bss..L_MergedGlobals)
    receivedRx                               0x20000032   Data           1  subghz_phy_app.o(.bss..L_MergedGlobals)
    DeviceID                                 0x20000033   Data           1  subghz_phy_app.o(.bss..L_MergedGlobals)
    RxBufferSize                             0x20000034   Data           2  subghz_phy_app.o(.bss..L_MergedGlobals)
    uartRxIdx                                0x20000036   Data           2  subghz_phy_app.o(.bss..L_MergedGlobals)
    lastMsgTime                              0x20000038   Data           8  subghz_phy_app.o(.bss..L_MergedGlobals)
    AddressTable                             0x20000040   Data           8  subghz_phy_app.o(.bss..L_MergedGlobals)
    currentTime                              0x20000048   Data           8  subghz_phy_app.o(.bss..L_MergedGlobals)
    timeDiff                                 0x20000050   Data           8  subghz_phy_app.o(.bss..L_MergedGlobals)
    FrequencyError                           0x200000a8   Data           4  radio_driver.o(.bss..L_MergedGlobals)
    TxTimeoutTimer                           0x200000b4   Data          24  radio.o(.bss..L_MergedGlobals)
    RxTimeoutTimer                           0x200000cc   Data          24  radio.o(.bss..L_MergedGlobals)
    SubgRf                                   0x20000624   Data          88  radio.o(.bss.SubgRf)
    aRxBuffer                                0x20000704   Data         300  subghz_phy_app.o(.bss.aRxBuffer)
    hdma_tim2_ch2                            0x20000830   Data          96  main.o(.bss.hdma_tim2_ch2)
    hdma_usart1_tx                           0x20000890   Data          96  usart.o(.bss.hdma_usart1_tx)
    hrtc                                     0x200008f0   Data          56  rtc.o(.bss.hrtc)
    hsubghz                                  0x20000928   Data          12  subghz.o(.bss.hsubghz)
    huart1                                   0x20000934   Data         144  usart.o(.bss.huart1)
    queue                                    0x200009c4   Data        2564  subghz_phy_app.o(.bss.queue)
    uwTick                                   0x200014c8   Data           4  stm32wlxx_hal.o(.bss.uwTick)
    __heap_base                              0x200014d0   Data           0  startup_stm32wl55xx_cm4.o(HEAP)
    __heap_limit                             0x200016d0   Data           0  startup_stm32wl55xx_cm4.o(HEAP)
    __initial_sp                             0x20001ed0   Data           0  startup_stm32wl55xx_cm4.o(STACK)



==============================================================================

Memory Map of the image

  Image Entry point : 0x08000139

  Load Region LR_IROM1 (Base: 0x08000000, Size: 0x00006e10, Max: 0x00040000, ABSOLUTE)

    Execution Region ER_IROM1 (Exec base: 0x08000000, Load base: 0x08000000, Size: 0x00006df0, Max: 0x00040000, ABSOLUTE)

    Exec Addr    Load Addr    Size         Type   Attr      Idx    E Section Name        Object

    0x08000000   0x08000000   0x00000138   Data   RO            4    RESET               startup_stm32wl55xx_cm4.o
    0x08000138   0x08000138   0x00000000   Code   RO         2756  * .ARM.Collect$$$$00000000  mc_w.l(entry.o)
    0x08000138   0x08000138   0x00000004   Code   RO         2811    .ARM.Collect$$$$00000001  mc_w.l(entry2.o)
    0x0800013c   0x0800013c   0x00000004   Code   RO         2814    .ARM.Collect$$$$00000004  mc_w.l(entry5.o)
    0x08000140   0x08000140   0x00000000   Code   RO         2816    .ARM.Collect$$$$00000008  mc_w.l(entry7b.o)
    0x08000140   0x08000140   0x00000000   Code   RO         2818    .ARM.Collect$$$$0000000A  mc_w.l(entry8b.o)
    0x08000140   0x08000140   0x00000008   Code   RO         2819    .ARM.Collect$$$$0000000B  mc_w.l(entry9a.o)
    0x08000148   0x08000148   0x00000000   Code   RO         2821    .ARM.Collect$$$$0000000D  mc_w.l(entry10a.o)
    0x08000148   0x08000148   0x00000000   Code   RO         2823    .ARM.Collect$$$$0000000F  mc_w.l(entry11a.o)
    0x08000148   0x08000148   0x00000004   Code   RO         2812    .ARM.Collect$$$$00002712  mc_w.l(entry2.o)
    0x0800014c   0x0800014c   0x00000024   Code   RO            5    .text               startup_stm32wl55xx_cm4.o
    0x08000170   0x08000170   0x00000062   Code   RO         2759    .text               mc_w.l(uldiv.o)
    0x080001d2   0x080001d2   0x00000040   Code   RO         2763    .text               mc_w.l(memmovea.o)
    0x08000212   0x08000212   0x00000024   Code   RO         2765    .text               mc_w.l(memseta.o)
    0x08000236   0x08000236   0x00000018   Code   RO         2767    .text               mc_w.l(strncpy.o)
    0x0800024e   0x0800024e   0x00000014   Code   RO         2769    .text               mc_w.l(strchr.o)
    0x08000262   0x08000262   0x0000000e   Code   RO         2771    .text               mc_w.l(strlen.o)
    0x08000270   0x08000270   0x0000001a   Code   RO         2773    .text               mc_w.l(memcmp.o)
    0x0800028a   0x0800028a   0x0000001e   Code   RO         2775    .text               mc_w.l(strncmp.o)
    0x080002a8   0x080002a8   0x0000001c   Code   RO         2809    .text               mc_w.l(calloc.o)
    0x080002c4   0x080002c4   0x0000001e   Code   RO         2825    .text               mc_w.l(llshl.o)
    0x080002e2   0x080002e2   0x00000020   Code   RO         2827    .text               mc_w.l(llushr.o)
    0x08000302   0x08000302   0x00000002   PAD
    0x08000304   0x08000304   0x00000024   Code   RO         2831    .text               mc_w.l(init.o)
    0x08000328   0x08000328   0x00000048   Code   RO          410    .text.BSP_LED_Init  stm32wlxx_nucleo.o
    0x08000370   0x08000370   0x00000044   Code   RO          462    .text.BSP_RADIO_ConfigRFSwitch  stm32wlxx_nucleo_radio.o
    0x080003b4   0x080003b4   0x00000004   Code   RO          464    .text.BSP_RADIO_GetTxConfig  stm32wlxx_nucleo_radio.o
    0x080003b8   0x080003b8   0x00000068   Code   RO          456    .text.BSP_RADIO_Init  stm32wlxx_nucleo_radio.o
    0x08000420   0x08000420   0x00000004   Code   RO          468    .text.BSP_RADIO_IsDCDC  stm32wlxx_nucleo_radio.o
    0x08000424   0x08000424   0x00000004   Code   RO          466    .text.BSP_RADIO_IsTCXO  stm32wlxx_nucleo_radio.o
    0x08000428   0x08000428   0x00000002   Code   RO          238    .text.BusFault_Handler  stm32wlxx_it.o
    0x0800042a   0x0800042a   0x00000002   PAD
    0x0800042c   0x0800042c   0x00000044   Code   RO          298    .text.CMD_GetChar   subghz_phy_app.o
    0x08000470   0x08000470   0x00000008   Code   RO          254    .text.DMA1_Channel1_IRQHandler  stm32wlxx_it.o
    0x08000478   0x08000478   0x0000001c   Code   RO          256    .text.DMA1_Channel5_IRQHandler  stm32wlxx_it.o
    0x08000494   0x08000494   0x0000004c   Code   RO          685    .text.DMA_CalcDMAMUXChannelBaseAndMask  stm32wlxx_hal_dma.o
    0x080004e0   0x080004e0   0x00000028   Code   RO          687    .text.DMA_CalcDMAMUXRequestGenBaseAndMask  stm32wlxx_hal_dma.o
    0x08000508   0x08000508   0x0000003a   Code   RO          693    .text.DMA_SetConfig  stm32wlxx_hal_dma.o
    0x08000542   0x08000542   0x00000002   Code   RO          244    .text.DebugMon_Handler  stm32wlxx_it.o
    0x08000544   0x08000544   0x00000038   Code   RO          379    .text.Dequeue       queue.o
    0x0800057c   0x0800057c   0x00000008   Code   RO          252    .text.EXTI15_10_IRQHandler  stm32wlxx_it.o
    0x08000584   0x08000584   0x00000046   Code   RO          377    .text.Enqueue       queue.o
    0x080005ca   0x080005ca   0x00000002   Code   RO           16    .text.Error_Handler  main.o
    0x080005cc   0x080005cc   0x00000070   Code   RO          697    .text.HAL_DMA_Abort  stm32wlxx_hal_dma.o
    0x0800063c   0x0800063c   0x0000006c   Code   RO          699    .text.HAL_DMA_Abort_IT  stm32wlxx_hal_dma.o
    0x080006a8   0x080006a8   0x00000020   Code   RO          713    .text.HAL_DMA_ConfigChannelAttributes  stm32wlxx_hal_dma.o
    0x080006c8   0x080006c8   0x000000a8   Code   RO          689    .text.HAL_DMA_DeInit  stm32wlxx_hal_dma.o
    0x08000770   0x08000770   0x000000a4   Code   RO          703    .text.HAL_DMA_IRQHandler  stm32wlxx_hal_dma.o
    0x08000814   0x08000814   0x000000c0   Code   RO          683    .text.HAL_DMA_Init  stm32wlxx_hal_dma.o
    0x080008d4   0x080008d4   0x00000082   Code   RO          695    .text.HAL_DMA_Start_IT  stm32wlxx_hal_dma.o
    0x08000956   0x08000956   0x00000002   PAD
    0x08000958   0x08000958   0x00000020   Code   RO          955    .text.HAL_Delay     stm32wlxx_hal.o
    0x08000978   0x08000978   0x000000ec   Code   RO          661    .text.HAL_GPIO_DeInit  stm32wlxx_hal_gpio.o
    0x08000a64   0x08000a64   0x00000002   Code   RO          673    .text.HAL_GPIO_EXTI_Callback  stm32wlxx_hal_gpio.o
    0x08000a66   0x08000a66   0x00000002   PAD
    0x08000a68   0x08000a68   0x00000014   Code   RO          671    .text.HAL_GPIO_EXTI_IRQHandler  stm32wlxx_hal_gpio.o
    0x08000a7c   0x08000a7c   0x00000188   Code   RO          659    .text.HAL_GPIO_Init  stm32wlxx_hal_gpio.o
    0x08000c04   0x08000c04   0x0000000c   Code   RO          665    .text.HAL_GPIO_WritePin  stm32wlxx_hal_gpio.o
    0x08000c10   0x08000c10   0x00000008   Code   RO          947    .text.HAL_GetTick   stm32wlxx_hal.o
    0x08000c18   0x08000c18   0x00000014   Code   RO          945    .text.HAL_IncTick   stm32wlxx_hal.o
    0x08000c2c   0x08000c2c   0x00000024   Code   RO          935    .text.HAL_Init      stm32wlxx_hal.o
    0x08000c50   0x08000c50   0x00000044   Code   RO          937    .text.HAL_InitTick  stm32wlxx_hal.o
    0x08000c94   0x08000c94   0x00000002   Code   RO          273    .text.HAL_MspInit   stm32wlxx_hal_msp.o
    0x08000c96   0x08000c96   0x00000002   PAD
    0x08000c98   0x08000c98   0x00000024   Code   RO          893    .text.HAL_NVIC_DisableIRQ  stm32wlxx_hal_cortex.o
    0x08000cbc   0x08000cbc   0x0000001c   Code   RO          891    .text.HAL_NVIC_EnableIRQ  stm32wlxx_hal_cortex.o
    0x08000cd8   0x08000cd8   0x0000004c   Code   RO          889    .text.HAL_NVIC_SetPriority  stm32wlxx_hal_cortex.o
    0x08000d24   0x08000d24   0x00000020   Code   RO          887    .text.HAL_NVIC_SetPriorityGrouping  stm32wlxx_hal_cortex.o
    0x08000d44   0x08000d44   0x00000040   Code   RO          853    .text.HAL_PWREx_DisableLowPowerRunMode  stm32wlxx_hal_pwr_ex.o
    0x08000d84   0x08000d84   0x00000008   Code   RO          851    .text.HAL_PWREx_EnableLowPowerRunMode  stm32wlxx_hal_pwr_ex.o
    0x08000d8c   0x08000d8c   0x00000028   Code   RO          859    .text.HAL_PWREx_EnterSTOP2Mode  stm32wlxx_hal_pwr_ex.o
    0x08000db4   0x08000db4   0x0000000c   Code   RO          785    .text.HAL_PWREx_GetVoltageRange  stm32wlxx_hal_pwr_ex.o
    0x08000dc0   0x08000dc0   0x00000010   Code   RO          747    .text.HAL_PWR_EnableBkUpAccess  stm32wlxx_hal_pwr.o
    0x08000dd0   0x08000dd0   0x00000044   Code   RO          761    .text.HAL_PWR_EnterSLEEPMode  stm32wlxx_hal_pwr.o
    0x08000e14   0x08000e14   0x0000015c   Code   RO          536    .text.HAL_RCCEx_PeriphCLKConfig  stm32wlxx_hal_rcc_ex.o
    0x08000f70   0x08000f70   0x000001e4   Code   RO          486    .text.HAL_RCC_ClockConfig  stm32wlxx_hal_rcc.o
    0x08001154   0x08001154   0x00000020   Code   RO          484    .text.HAL_RCC_GetHCLKFreq  stm32wlxx_hal_rcc.o
    0x08001174   0x08001174   0x00000018   Code   RO          496    .text.HAL_RCC_GetPCLK1Freq  stm32wlxx_hal_rcc.o
    0x0800118c   0x0800118c   0x00000020   Code   RO          498    .text.HAL_RCC_GetPCLK2Freq  stm32wlxx_hal_rcc.o
    0x080011ac   0x080011ac   0x000000e8   Code   RO          490    .text.HAL_RCC_GetSysClockFreq  stm32wlxx_hal_rcc.o
    0x08001294   0x08001294   0x00000544   Code   RO          480    .text.HAL_RCC_OscConfig  stm32wlxx_hal_rcc.o
    0x080017d8   0x080017d8   0x00000002   Code   RO         1197    .text.HAL_RTCEx_AlarmBEventCallback  stm32wlxx_hal_rtc_ex.o
    0x080017da   0x080017da   0x00000002   PAD
    0x080017dc   0x080017dc   0x00000008   Code   RO         1235    .text.HAL_RTCEx_BKUPRead  stm32wlxx_hal_rtc_ex.o
    0x080017e4   0x080017e4   0x0000000c   Code   RO         1233    .text.HAL_RTCEx_BKUPWrite  stm32wlxx_hal_rtc_ex.o
    0x080017f0   0x080017f0   0x0000002c   Code   RO         1181    .text.HAL_RTCEx_EnableBypassShadow  stm32wlxx_hal_rtc_ex.o
    0x0800181c   0x0800181c   0x00000010   Code   RO          170    .text.HAL_RTCEx_SSRUEventCallback  timer_if.o
    0x0800182c   0x0800182c   0x00000020   Code   RO         1193    .text.HAL_RTCEx_SSRUIRQHandler  stm32wlxx_hal_rtc_ex.o
    0x0800184c   0x0800184c   0x00000034   Code   RO         1189    .text.HAL_RTCEx_SetSSRU_IT  stm32wlxx_hal_rtc_ex.o
    0x08001880   0x08001880   0x00000004   Code   RO          168    .text.HAL_RTC_AlarmAEventCallback  timer_if.o
    0x08001884   0x08001884   0x00000038   Code   RO         1091    .text.HAL_RTC_AlarmIRQHandler  stm32wlxx_hal_rtc.o
    0x080018bc   0x080018bc   0x00000070   Code   RO         1087    .text.HAL_RTC_DeactivateAlarm  stm32wlxx_hal_rtc.o
    0x0800192c   0x0800192c   0x00000094   Code   RO         1049    .text.HAL_RTC_Init  stm32wlxx_hal_rtc.o
    0x080019c0   0x080019c0   0x00000078   Code   RO           53    .text.HAL_RTC_MspInit  rtc.o
    0x08001a38   0x08001a38   0x000000c4   Code   RO         1085    .text.HAL_RTC_SetAlarm_IT  stm32wlxx_hal_rtc.o
    0x08001afc   0x08001afc   0x00000034   Code   RO         1097    .text.HAL_RTC_WaitForSynchro  stm32wlxx_hal_rtc.o
    0x08001b30   0x08001b30   0x0000000c   Code   RO          959    .text.HAL_ResumeTick  stm32wlxx_hal.o
    0x08001b3c   0x08001b3c   0x00000018   Code   RO         2348    .text.HAL_SUBGHZ_CADStatusCallback  radio_driver.o
    0x08001b54   0x08001b54   0x00000008   Code   RO         2346    .text.HAL_SUBGHZ_CRCErrorCallback  radio_driver.o
    0x08001b5c   0x08001b5c   0x00000054   Code   RO         1303    .text.HAL_SUBGHZ_ExecGetCmd  stm32wlxx_hal_subghz.o
    0x08001bb0   0x08001bb0   0x00000078   Code   RO         1301    .text.HAL_SUBGHZ_ExecSetCmd  stm32wlxx_hal_subghz.o
    0x08001c28   0x08001c28   0x00000008   Code   RO         2352    .text.HAL_SUBGHZ_HeaderErrorCallback  radio_driver.o
    0x08001c30   0x08001c30   0x00000008   Code   RO         2358    .text.HAL_SUBGHZ_HeaderValidCallback  radio_driver.o
    0x08001c38   0x08001c38   0x0000008e   Code   RO         1309    .text.HAL_SUBGHZ_IRQHandler  stm32wlxx_hal_subghz.o
    0x08001cc6   0x08001cc6   0x00000002   PAD
    0x08001cc8   0x08001cc8   0x000000a0   Code   RO         1273    .text.HAL_SUBGHZ_Init  stm32wlxx_hal_subghz.o
    0x08001d68   0x08001d68   0x00000030   Code   RO           68    .text.HAL_SUBGHZ_MspInit  subghz.o
    0x08001d98   0x08001d98   0x00000008   Code   RO         2354    .text.HAL_SUBGHZ_PreambleDetectedCallback  radio_driver.o
    0x08001da0   0x08001da0   0x00000058   Code   RO         1307    .text.HAL_SUBGHZ_ReadBuffer  stm32wlxx_hal_subghz.o
    0x08001df8   0x08001df8   0x00000060   Code   RO         1293    .text.HAL_SUBGHZ_ReadRegisters  stm32wlxx_hal_subghz.o
    0x08001e58   0x08001e58   0x00000008   Code   RO         2344    .text.HAL_SUBGHZ_RxCpltCallback  radio_driver.o
    0x08001e60   0x08001e60   0x0000000c   Code   RO         2350    .text.HAL_SUBGHZ_RxTxTimeoutCallback  radio_driver.o
    0x08001e6c   0x08001e6c   0x00000008   Code   RO         2356    .text.HAL_SUBGHZ_SyncWordValidCallback  radio_driver.o
    0x08001e74   0x08001e74   0x0000000c   Code   RO         2342    .text.HAL_SUBGHZ_TxCpltCallback  radio_driver.o
    0x08001e80   0x08001e80   0x0000004c   Code   RO         1305    .text.HAL_SUBGHZ_WriteBuffer  stm32wlxx_hal_subghz.o
    0x08001ecc   0x08001ecc   0x0000006c   Code   RO         1285    .text.HAL_SUBGHZ_WriteRegisters  stm32wlxx_hal_subghz.o
    0x08001f38   0x08001f38   0x00000024   Code   RO          899    .text.HAL_SYSTICK_Config  stm32wlxx_hal_cortex.o
    0x08001f5c   0x08001f5c   0x0000000c   Code   RO          957    .text.HAL_SuspendTick  stm32wlxx_hal.o
    0x08001f68   0x08001f68   0x00000044   Code   RO         2173    .text.HAL_UARTEx_EnableFifoMode  stm32wlxx_hal_uart_ex.o
    0x08001fac   0x08001fac   0x00000030   Code   RO         2169    .text.HAL_UARTEx_EnableStopMode  stm32wlxx_hal_uart_ex.o
    0x08001fdc   0x08001fdc   0x00000002   Code   RO         2023    .text.HAL_UARTEx_RxEventCallback  stm32wlxx_hal_uart.o
    0x08001fde   0x08001fde   0x00000002   Code   RO         2161    .text.HAL_UARTEx_RxFifoFullCallback  stm32wlxx_hal_uart_ex.o
    0x08001fe0   0x08001fe0   0x0000001c   Code   RO         2181    .text.HAL_UARTEx_SetRxFifoThreshold  stm32wlxx_hal_uart_ex.o
    0x08001ffc   0x08001ffc   0x0000001c   Code   RO         2179    .text.HAL_UARTEx_SetTxFifoThreshold  stm32wlxx_hal_uart_ex.o
    0x08002018   0x08002018   0x0000007c   Code   RO         2167    .text.HAL_UARTEx_StopModeWakeUpSourceConfig  stm32wlxx_hal_uart_ex.o
    0x08002094   0x08002094   0x00000002   Code   RO         2163    .text.HAL_UARTEx_TxFifoEmptyCallback  stm32wlxx_hal_uart_ex.o
    0x08002096   0x08002096   0x00000002   Code   RO         2159    .text.HAL_UARTEx_WakeupCallback  stm32wlxx_hal_uart_ex.o
    0x08002098   0x08002098   0x00000002   Code   RO         2021    .text.HAL_UART_ErrorCallback  stm32wlxx_hal_uart.o
    0x0800209a   0x0800209a   0x00000002   PAD
    0x0800209c   0x0800209c   0x000002c0   Code   RO         2017    .text.HAL_UART_IRQHandler  stm32wlxx_hal_uart.o
    0x0800235c   0x0800235c   0x0000003a   Code   RO         1929    .text.HAL_UART_Init  stm32wlxx_hal_uart.o
    0x08002396   0x08002396   0x00000002   PAD
    0x08002398   0x08002398   0x00000038   Code   RO          220    .text.HAL_UART_MspDeInit  usart.o
    0x080023d0   0x080023d0   0x000000c8   Code   RO          218    .text.HAL_UART_MspInit  usart.o
    0x08002498   0x08002498   0x00000044   Code   RO         1965    .text.HAL_UART_Receive_IT  stm32wlxx_hal_uart.o
    0x080024dc   0x080024dc   0x0000002c   Code   RO          203    .text.HAL_UART_RxCpltCallback  usart_if.o
    0x08002508   0x08002508   0x00000090   Code   RO         1969    .text.HAL_UART_Transmit_DMA  stm32wlxx_hal_uart.o
    0x08002598   0x08002598   0x0000000c   Code   RO          201    .text.HAL_UART_TxCpltCallback  usart_if.o
    0x080025a4   0x080025a4   0x00000002   Code   RO         2027    .text.HAL_UART_TxHalfCpltCallback  stm32wlxx_hal_uart.o
    0x080025a6   0x080025a6   0x00000002   Code   RO          234    .text.HardFault_Handler  stm32wlxx_it.o
    0x080025a8   0x080025a8   0x0000001c   Code   RO           41    .text.LL_AHB1_GRP1_EnableClock  dma.o
    0x080025c4   0x080025c4   0x0000001c   Code   RO           22    .text.LL_AHB2_GRP1_EnableClock  main.o
    0x080025e0   0x080025e0   0x00000018   Code   RO          412    .text.LL_AHB2_GRP1_EnableClock  stm32wlxx_nucleo.o
    0x080025f8   0x080025f8   0x00000020   Code   RO          458    .text.LL_AHB2_GRP1_EnableClock  stm32wlxx_nucleo_radio.o
    0x08002618   0x08002618   0x00000020   Code   RO          538    .text.LL_RCC_SetI2CClockSource  stm32wlxx_hal_rcc_ex.o
    0x08002638   0x08002638   0x00000022   Code   RO           39    .text.MX_DMA_Init   dma.o
    0x0800265a   0x0800265a   0x00000002   PAD
    0x0800265c   0x0800265c   0x00000074   Code   RO           51    .text.MX_RTC_Init   rtc.o
    0x080026d0   0x080026d0   0x0000001c   Code   RO           66    .text.MX_SUBGHZ_Init  subghz.o
    0x080026ec   0x080026ec   0x0000000e   Code   RO          287    .text.MX_SubGHz_Phy_Init  app_subghz_phy.o
    0x080026fa   0x080026fa   0x00000008   Code   RO          289    .text.MX_SubGHz_Phy_Process  app_subghz_phy.o
    0x08002702   0x08002702   0x00000002   PAD
    0x08002704   0x08002704   0x00000068   Code   RO          216    .text.MX_USART1_UART_Init  usart.o
    0x0800276c   0x0800276c   0x00000002   Code   RO          236    .text.MemManage_Handler  stm32wlxx_it.o
    0x0800276e   0x0800276e   0x00000002   Code   RO          232    .text.NMI_Handler   stm32wlxx_it.o
    0x08002770   0x08002770   0x00000010   Code   RO          174    .text.OUTLINED_FUNCTION_0  timer_if.o
    0x08002780   0x08002780   0x0000000a   Code   RO          326    .text.OUTLINED_FUNCTION_0  subghz_phy_app.o
    0x0800278a   0x0800278a   0x0000000a   Code   RO          359    .text.OUTLINED_FUNCTION_0  cmd_processing.o
    0x08002794   0x08002794   0x00000028   Code   RO          512    .text.OUTLINED_FUNCTION_0  stm32wlxx_hal_rcc.o
    0x080027bc   0x080027bc   0x00000014   Code   RO          566    .text.OUTLINED_FUNCTION_0  stm32wlxx_hal_rcc_ex.o
    0x080027d0   0x080027d0   0x0000000e   Code   RO          717    .text.OUTLINED_FUNCTION_0  stm32wlxx_hal_dma.o
    0x080027de   0x080027de   0x0000000a   Code   RO          867    .text.OUTLINED_FUNCTION_0  stm32wlxx_hal_pwr_ex.o
    0x080027e8   0x080027e8   0x0000000a   Code   RO         1005    .text.OUTLINED_FUNCTION_0  stm32wlxx_hal.o
    0x080027f2   0x080027f2   0x00000026   Code   RO         1101    .text.OUTLINED_FUNCTION_0  stm32wlxx_hal_rtc.o
    0x08002818   0x08002818   0x00000012   Code   RO         1237    .text.OUTLINED_FUNCTION_0  stm32wlxx_hal_rtc_ex.o
    0x0800282a   0x0800282a   0x0000000e   Code   RO         1333    .text.OUTLINED_FUNCTION_0  stm32wlxx_hal_subghz.o
    0x08002838   0x08002838   0x00000014   Code   RO         2067    .text.OUTLINED_FUNCTION_0  stm32wlxx_hal_uart.o
    0x0800284c   0x0800284c   0x0000001c   Code   RO         2189    .text.OUTLINED_FUNCTION_0  stm32wlxx_hal_uart_ex.o
    0x08002868   0x08002868   0x00000016   Code   RO         2364    .text.OUTLINED_FUNCTION_0  radio_driver.o
    0x0800287e   0x0800287e   0x00000006   Code   RO         2404    .text.OUTLINED_FUNCTION_0  radio_fw.o
    0x08002884   0x08002884   0x00000008   Code   RO         2481    .text.OUTLINED_FUNCTION_0  radio.o
    0x0800288c   0x0800288c   0x0000000a   Code   RO          176    .text.OUTLINED_FUNCTION_1  timer_if.o
    0x08002896   0x08002896   0x0000000a   Code   RO          361    .text.OUTLINED_FUNCTION_1  cmd_processing.o
    0x080028a0   0x080028a0   0x00000006   Code   RO          514    .text.OUTLINED_FUNCTION_1  stm32wlxx_hal_rcc.o
    0x080028a6   0x080028a6   0x0000000e   Code   RO         1103    .text.OUTLINED_FUNCTION_1  stm32wlxx_hal_rtc.o
    0x080028b4   0x080028b4   0x00000010   Code   RO         1335    .text.OUTLINED_FUNCTION_1  stm32wlxx_hal_subghz.o
    0x080028c4   0x080028c4   0x00000016   Code   RO         2069    .text.OUTLINED_FUNCTION_1  stm32wlxx_hal_uart.o
    0x080028da   0x080028da   0x00000012   Code   RO         2191    .text.OUTLINED_FUNCTION_1  stm32wlxx_hal_uart_ex.o
    0x080028ec   0x080028ec   0x00000006   Code   RO         2366    .text.OUTLINED_FUNCTION_1  radio_driver.o
    0x080028f2   0x080028f2   0x0000000a   Code   RO         2483    .text.OUTLINED_FUNCTION_1  radio.o
    0x080028fc   0x080028fc   0x00000006   Code   RO         1121    .text.OUTLINED_FUNCTION_10  stm32wlxx_hal_rtc.o
    0x08002902   0x08002902   0x00000014   Code   RO         2087    .text.OUTLINED_FUNCTION_10  stm32wlxx_hal_uart.o
    0x08002916   0x08002916   0x00000006   Code   RO         1123    .text.OUTLINED_FUNCTION_11  stm32wlxx_hal_rtc.o
    0x0800291c   0x0800291c   0x0000000a   Code   RO         1125    .text.OUTLINED_FUNCTION_12  stm32wlxx_hal_rtc.o
    0x08002926   0x08002926   0x0000000c   Code   RO         2091    .text.OUTLINED_FUNCTION_12  stm32wlxx_hal_uart.o
    0x08002932   0x08002932   0x0000000c   Code   RO         1263    .text.OUTLINED_FUNCTION_13  stm32wlxx_hal_rtc_ex.o
    0x0800293e   0x0800293e   0x00000012   Code   RO         2093    .text.OUTLINED_FUNCTION_13  stm32wlxx_hal_uart.o
    0x08002950   0x08002950   0x0000000a   Code   RO         2095    .text.OUTLINED_FUNCTION_14  stm32wlxx_hal_uart.o
    0x0800295a   0x0800295a   0x00000012   Code   RO         2099    .text.OUTLINED_FUNCTION_16  stm32wlxx_hal_uart.o
    0x0800296c   0x0800296c   0x00000012   Code   RO         2103    .text.OUTLINED_FUNCTION_18  stm32wlxx_hal_uart.o
    0x0800297e   0x0800297e   0x00000012   Code   RO         2105    .text.OUTLINED_FUNCTION_19  stm32wlxx_hal_uart.o
    0x08002990   0x08002990   0x0000000c   Code   RO          516    .text.OUTLINED_FUNCTION_2  stm32wlxx_hal_rcc.o
    0x0800299c   0x0800299c   0x0000000a   Code   RO         1009    .text.OUTLINED_FUNCTION_2  stm32wlxx_hal.o
    0x080029a6   0x080029a6   0x00000018   Code   RO         1105    .text.OUTLINED_FUNCTION_2  stm32wlxx_hal_rtc.o
    0x080029be   0x080029be   0x00000012   Code   RO         1337    .text.OUTLINED_FUNCTION_2  stm32wlxx_hal_subghz.o
    0x080029d0   0x080029d0   0x00000012   Code   RO         2071    .text.OUTLINED_FUNCTION_2  stm32wlxx_hal_uart.o
    0x080029e2   0x080029e2   0x00000008   Code   RO         2368    .text.OUTLINED_FUNCTION_2  radio_driver.o
    0x080029ea   0x080029ea   0x00000006   Code   RO         2485    .text.OUTLINED_FUNCTION_2  radio.o
    0x080029f0   0x080029f0   0x00000012   Code   RO         2107    .text.OUTLINED_FUNCTION_20  stm32wlxx_hal_uart.o
    0x08002a02   0x08002a02   0x00000012   Code   RO         2109    .text.OUTLINED_FUNCTION_21  stm32wlxx_hal_uart.o
    0x08002a14   0x08002a14   0x00000010   Code   RO         2111    .text.OUTLINED_FUNCTION_22  stm32wlxx_hal_uart.o
    0x08002a24   0x08002a24   0x00000010   Code   RO         2113    .text.OUTLINED_FUNCTION_23  stm32wlxx_hal_uart.o
    0x08002a34   0x08002a34   0x0000000c   Code   RO         2115    .text.OUTLINED_FUNCTION_24  stm32wlxx_hal_uart.o
    0x08002a40   0x08002a40   0x00000008   Code   RO         2121    .text.OUTLINED_FUNCTION_27  stm32wlxx_hal_uart.o
    0x08002a48   0x08002a48   0x0000000e   Code   RO         2123    .text.OUTLINED_FUNCTION_28  stm32wlxx_hal_uart.o
    0x08002a56   0x08002a56   0x00000010   Code   RO          518    .text.OUTLINED_FUNCTION_3  stm32wlxx_hal_rcc.o
    0x08002a66   0x08002a66   0x00000010   Code   RO         1107    .text.OUTLINED_FUNCTION_3  stm32wlxx_hal_rtc.o
    0x08002a76   0x08002a76   0x0000000a   Code   RO         1339    .text.OUTLINED_FUNCTION_3  stm32wlxx_hal_subghz.o
    0x08002a80   0x08002a80   0x00000008   Code   RO         2073    .text.OUTLINED_FUNCTION_3  stm32wlxx_hal_uart.o
    0x08002a88   0x08002a88   0x0000000a   Code   RO         2195    .text.OUTLINED_FUNCTION_3  stm32wlxx_hal_uart_ex.o
    0x08002a92   0x08002a92   0x00000010   Code   RO         2487    .text.OUTLINED_FUNCTION_3  radio.o
    0x08002aa2   0x08002aa2   0x0000000e   Code   RO         2127    .text.OUTLINED_FUNCTION_30  stm32wlxx_hal_uart.o
    0x08002ab0   0x08002ab0   0x0000000a   Code   RO         2131    .text.OUTLINED_FUNCTION_32  stm32wlxx_hal_uart.o
    0x08002aba   0x08002aba   0x0000000e   Code   RO         2135    .text.OUTLINED_FUNCTION_34  stm32wlxx_hal_uart.o
    0x08002ac8   0x08002ac8   0x00000012   Code   RO         2139    .text.OUTLINED_FUNCTION_36  stm32wlxx_hal_uart.o
    0x08002ada   0x08002ada   0x0000000e   Code   RO         2141    .text.OUTLINED_FUNCTION_37  stm32wlxx_hal_uart.o
    0x08002ae8   0x08002ae8   0x0000000a   Code   RO         2143    .text.OUTLINED_FUNCTION_38  stm32wlxx_hal_uart.o
    0x08002af2   0x08002af2   0x00000006   Code   RO         2145    .text.OUTLINED_FUNCTION_39  stm32wlxx_hal_uart.o
    0x08002af8   0x08002af8   0x00000008   Code   RO          520    .text.OUTLINED_FUNCTION_4  stm32wlxx_hal_rcc.o
    0x08002b00   0x08002b00   0x0000000e   Code   RO          574    .text.OUTLINED_FUNCTION_4  stm32wlxx_hal_rcc_ex.o
    0x08002b0e   0x08002b0e   0x0000000a   Code   RO          875    .text.OUTLINED_FUNCTION_4  stm32wlxx_hal_pwr_ex.o
    0x08002b18   0x08002b18   0x00000012   Code   RO         1341    .text.OUTLINED_FUNCTION_4  stm32wlxx_hal_subghz.o
    0x08002b2a   0x08002b2a   0x00000014   Code   RO         2075    .text.OUTLINED_FUNCTION_4  stm32wlxx_hal_uart.o
    0x08002b3e   0x08002b3e   0x0000000a   Code   RO         2197    .text.OUTLINED_FUNCTION_4  stm32wlxx_hal_uart_ex.o
    0x08002b48   0x08002b48   0x00000008   Code   RO         2489    .text.OUTLINED_FUNCTION_4  radio.o
    0x08002b50   0x08002b50   0x00000006   Code   RO          522    .text.OUTLINED_FUNCTION_5  stm32wlxx_hal_rcc.o
    0x08002b56   0x08002b56   0x00000012   Code   RO         1111    .text.OUTLINED_FUNCTION_5  stm32wlxx_hal_rtc.o
    0x08002b68   0x08002b68   0x0000000c   Code   RO         1343    .text.OUTLINED_FUNCTION_5  stm32wlxx_hal_subghz.o
    0x08002b74   0x08002b74   0x00000008   Code   RO         2077    .text.OUTLINED_FUNCTION_5  stm32wlxx_hal_uart.o
    0x08002b7c   0x08002b7c   0x00000008   Code   RO         2491    .text.OUTLINED_FUNCTION_5  radio.o
    0x08002b84   0x08002b84   0x00000008   Code   RO          524    .text.OUTLINED_FUNCTION_6  stm32wlxx_hal_rcc.o
    0x08002b8c   0x08002b8c   0x00000012   Code   RO         1113    .text.OUTLINED_FUNCTION_6  stm32wlxx_hal_rtc.o
    0x08002b9e   0x08002b9e   0x00000008   Code   RO         1345    .text.OUTLINED_FUNCTION_6  stm32wlxx_hal_subghz.o
    0x08002ba6   0x08002ba6   0x0000000c   Code   RO         2493    .text.OUTLINED_FUNCTION_6  radio.o
    0x08002bb2   0x08002bb2   0x00000010   Code   RO         1115    .text.OUTLINED_FUNCTION_7  stm32wlxx_hal_rtc.o
    0x08002bc2   0x08002bc2   0x00000008   Code   RO         1347    .text.OUTLINED_FUNCTION_7  stm32wlxx_hal_subghz.o
    0x08002bca   0x08002bca   0x00000014   Code   RO         2081    .text.OUTLINED_FUNCTION_7  stm32wlxx_hal_uart.o
    0x08002bde   0x08002bde   0x0000000e   Code   RO         2495    .text.OUTLINED_FUNCTION_7  radio.o
    0x08002bec   0x08002bec   0x00000010   Code   RO         1117    .text.OUTLINED_FUNCTION_8  stm32wlxx_hal_rtc.o
    0x08002bfc   0x08002bfc   0x0000000a   Code   RO         1349    .text.OUTLINED_FUNCTION_8  stm32wlxx_hal_subghz.o
    0x08002c06   0x08002c06   0x00000014   Code   RO         2083    .text.OUTLINED_FUNCTION_8  stm32wlxx_hal_uart.o
    0x08002c1a   0x08002c1a   0x00000006   Code   RO         2497    .text.OUTLINED_FUNCTION_8  radio.o
    0x08002c20   0x08002c20   0x00000010   Code   RO         1119    .text.OUTLINED_FUNCTION_9  stm32wlxx_hal_rtc.o
    0x08002c30   0x08002c30   0x0000000c   Code   RO         2085    .text.OUTLINED_FUNCTION_9  stm32wlxx_hal_uart.o
    0x08002c3c   0x08002c3c   0x0000000a   Code   RO         2499    .text.OUTLINED_FUNCTION_9  radio.o
    0x08002c46   0x08002c46   0x00000002   PAD
    0x08002c48   0x08002c48   0x00000080   Code   RO          308    .text.OnRxDone      subghz_phy_app.o
    0x08002cc8   0x08002cc8   0x00000008   Code   RO          314    .text.OnRxError     subghz_phy_app.o
    0x08002cd0   0x08002cd0   0x00000024   Code   RO          312    .text.OnRxTimeout   subghz_phy_app.o
    0x08002cf4   0x08002cf4   0x00000028   Code   RO          306    .text.OnTxDone      subghz_phy_app.o
    0x08002d1c   0x08002d1c   0x00000030   Code   RO          310    .text.OnTxTimeout   subghz_phy_app.o
    0x08002d4c   0x08002d4c   0x0000004c   Code   RO          302    .text.OnUART_RxPollingTimer  subghz_phy_app.o
    0x08002d98   0x08002d98   0x00000002   Code   RO           89    .text.PWR_EnterOffMode  stm32_lpm_if.o
    0x08002d9a   0x08002d9a   0x00000012   Code   RO           81    .text.PWR_EnterSleepMode  stm32_lpm_if.o
    0x08002dac   0x08002dac   0x0000001c   Code   RO           85    .text.PWR_EnterStopMode  stm32_lpm_if.o
    0x08002dc8   0x08002dc8   0x00000002   Code   RO           91    .text.PWR_ExitOffMode  stm32_lpm_if.o
    0x08002dca   0x08002dca   0x00000004   Code   RO           83    .text.PWR_ExitSleepMode  stm32_lpm_if.o
    0x08002dce   0x08002dce   0x0000000e   Code   RO           87    .text.PWR_ExitStopMode  stm32_lpm_if.o
    0x08002ddc   0x08002ddc   0x00000002   Code   RO          246    .text.PendSV_Handler  stm32wlxx_it.o
    0x08002dde   0x08002dde   0x00000002   PAD
    0x08002de0   0x08002de0   0x00000124   Code   RO          318    .text.ProccessCmd   subghz_phy_app.o
    0x08002f04   0x08002f04   0x0000000a   Code   RO          373    .text.QueueEmpty    queue.o
    0x08002f0e   0x08002f0e   0x0000000c   Code   RO          375    .text.QueueFull     queue.o
    0x08002f1a   0x08002f1a   0x00000004   Code   RO          393    .text.RBI_ConfigRFSwitch  radio_board_if.o
    0x08002f1e   0x08002f1e   0x00000004   Code   RO          395    .text.RBI_GetTxConfig  radio_board_if.o
    0x08002f22   0x08002f22   0x00000004   Code   RO          389    .text.RBI_Init      radio_board_if.o
    0x08002f26   0x08002f26   0x00000004   Code   RO          399    .text.RBI_IsDCDC    radio_board_if.o
    0x08002f2a   0x08002f2a   0x00000004   Code   RO          397    .text.RBI_IsTCXO    radio_board_if.o
    0x08002f2e   0x08002f2e   0x00000002   PAD
    0x08002f30   0x08002f30   0x000000ac   Code   RO          482    .text.RCC_SetFlashLatencyFromMSIRange  stm32wlxx_hal_rcc.o
    0x08002fdc   0x08002fdc   0x00000002   Code   RO         2386    .text.RFW_DeInit    radio_fw.o
    0x08002fde   0x08002fde   0x00000002   Code   RO         2398    .text.RFW_DeInit_TxLongPacket  radio_fw.o
    0x08002fe0   0x08002fe0   0x00000004   Code   RO         2384    .text.RFW_Init      radio_fw.o
    0x08002fe4   0x08002fe4   0x00000004   Code   RO         2388    .text.RFW_Is_Init   radio_fw.o
    0x08002fe8   0x08002fe8   0x00000004   Code   RO         2390    .text.RFW_Is_LongPacketModeEnabled  radio_fw.o
    0x08002fec   0x08002fec   0x00000004   Code   RO         2396    .text.RFW_ReceiveInit  radio_fw.o
    0x08002ff0   0x08002ff0   0x00000004   Code   RO         2382    .text.RFW_ReceiveLongPacket  radio_fw.o
    0x08002ff4   0x08002ff4   0x00000002   Code   RO         2400    .text.RFW_ReceivePayload  radio_fw.o
    0x08002ff6   0x08002ff6   0x00000002   Code   RO         2392    .text.RFW_SetAntSwitch  radio_fw.o
    0x08002ff8   0x08002ff8   0x00000002   Code   RO         2402    .text.RFW_SetRadioModem  radio_fw.o
    0x08002ffa   0x08002ffa   0x00000004   Code   RO         2394    .text.RFW_TransmitInit  radio_fw.o
    0x08002ffe   0x08002ffe   0x00000004   Code   RO         2380    .text.RFW_TransmitLongPacket  radio_fw.o
    0x08003002   0x08003002   0x00000002   PAD
    0x08003004   0x08003004   0x0000000c   Code   RO          262    .text.RTC_Alarm_IRQHandler  stm32wlxx_it.o
    0x08003010   0x08003010   0x00000024   Code   RO         1063    .text.RTC_ByteToBcd2  stm32wlxx_hal_rtc.o
    0x08003034   0x08003034   0x00000050   Code   RO         1053    .text.RTC_EnterInitMode  stm32wlxx_hal_rtc.o
    0x08003084   0x08003084   0x00000050   Code   RO         1055    .text.RTC_ExitInitMode  stm32wlxx_hal_rtc.o
    0x080030d4   0x080030d4   0x00000004   Code   RO         2429    .text.RadioCheckRfFrequency  radio.o
    0x080030d8   0x080030d8   0x00000020   Code   RO         2415    .text.RadioGetStatus  radio.o
    0x080030f8   0x080030f8   0x0000000a   Code   RO         2459    .text.RadioGetWakeupTime  radio.o
    0x08003102   0x08003102   0x00000002   PAD
    0x08003104   0x08003104   0x00000084   Code   RO         2413    .text.RadioInit     radio.o
    0x08003188   0x08003188   0x00000240   Code   RO         2461    .text.RadioIrqProcess  radio.o
    0x080033c8   0x080033c8   0x00000082   Code   RO         2421    .text.RadioIsChannelFree  radio.o
    0x0800344a   0x0800344a   0x00000002   PAD
    0x0800344c   0x0800344c   0x0000000c   Code   RO         2475    .text.RadioOnDioIrq  radio.o
    0x08003458   0x08003458   0x00000010   Code   RO         2479    .text.RadioOnRxTimeoutIrq  radio.o
    0x08003468   0x08003468   0x00000010   Code   RO         2477    .text.RadioOnTxTimeoutIrq  radio.o
    0x08003478   0x08003478   0x00000016   Code   RO         2423    .text.RadioRandom   radio.o
    0x0800348e   0x0800348e   0x00000004   Code   RO         2449    .text.RadioRead     radio.o
    0x08003492   0x08003492   0x00000004   Code   RO         2453    .text.RadioReadRegisters  radio.o
    0x08003496   0x08003496   0x00000008   Code   RO         2445    .text.RadioRssi     radio.o
    0x0800349e   0x0800349e   0x00000002   PAD
    0x080034a0   0x080034a0   0x00000050   Code   RO         2439    .text.RadioRx       radio.o
    0x080034f0   0x080034f0   0x00000048   Code   RO         2463    .text.RadioRxBoosted  radio.o
    0x08003538   0x08003538   0x000001d4   Code   RO         2433    .text.RadioSend     radio.o
    0x0800370c   0x0800370c   0x00000004   Code   RO         2419    .text.RadioSetChannel  radio.o
    0x08003710   0x08003710   0x00000024   Code   RO         2455    .text.RadioSetMaxPayloadLength  radio.o
    0x08003734   0x08003734   0x00000050   Code   RO         2417    .text.RadioSetModem  radio.o
    0x08003784   0x08003784   0x00000038   Code   RO         2457    .text.RadioSetPublicNetwork  radio.o
    0x080037bc   0x080037bc   0x00000284   Code   RO         2425    .text.RadioSetRxConfig  radio.o
    0x08003a40   0x08003a40   0x00000020   Code   RO         2465    .text.RadioSetRxDutyCycle  radio.o
    0x08003a60   0x08003a60   0x00000210   Code   RO         2471    .text.RadioSetRxGenericConfig  radio.o
    0x08003c70   0x08003c70   0x00000184   Code   RO         2427    .text.RadioSetTxConfig  radio.o
    0x08003df4   0x08003df4   0x0000003c   Code   RO         2443    .text.RadioSetTxContinuousWave  radio.o
    0x08003e30   0x08003e30   0x000001c4   Code   RO         2473    .text.RadioSetTxGenericConfig  radio.o
    0x08003ff4   0x08003ff4   0x00000012   Code   RO         2435    .text.RadioSleep    radio.o
    0x08004006   0x08004006   0x00000006   Code   RO         2437    .text.RadioStandby  radio.o
    0x0800400c   0x0800400c   0x00000024   Code   RO         2441    .text.RadioStartCad  radio.o
    0x08004030   0x08004030   0x00000124   Code   RO         2431    .text.RadioTimeOnAir  radio.o
    0x08004154   0x08004154   0x00000014   Code   RO         2469    .text.RadioTxCw     radio.o
    0x08004168   0x08004168   0x0000002c   Code   RO         2467    .text.RadioTxPrbs   radio.o
    0x08004194   0x08004194   0x00000004   Code   RO         2447    .text.RadioWrite    radio.o
    0x08004198   0x08004198   0x00000004   Code   RO         2451    .text.RadioWriteRegisters  radio.o
    0x0800419c   0x0800419c   0x0000002a   Code   RO         2230    .text.Radio_SMPS_Set  radio_driver.o
    0x080041c6   0x080041c6   0x00000002   PAD
    0x080041c8   0x080041c8   0x0000003c   Code   RO         2649    .text.SEQ_BitPosition  stm32_seq.o
    0x08004204   0x08004204   0x00000024   Code   RO         1277    .text.SUBGHZSPI_Init  stm32wlxx_hal_subghz.o
    0x08004228   0x08004228   0x0000005c   Code   RO         1295    .text.SUBGHZSPI_Receive  stm32wlxx_hal_subghz.o
    0x08004284   0x08004284   0x0000005c   Code   RO         1289    .text.SUBGHZSPI_Transmit  stm32wlxx_hal_subghz.o
    0x080042e0   0x080042e0   0x00000040   Code   RO         1287    .text.SUBGHZ_CheckDeviceReady  stm32wlxx_hal_subghz.o
    0x08004320   0x08004320   0x00000008   Code   RO          264    .text.SUBGHZ_Radio_IRQHandler  stm32wlxx_it.o
    0x08004328   0x08004328   0x00000044   Code   RO         1291    .text.SUBGHZ_WaitOnBusy  stm32wlxx_hal_subghz.o
    0x0800436c   0x0800436c   0x00000018   Code   RO         2238    .text.SUBGRF_Calibrate  radio_driver.o
    0x08004384   0x08004384   0x00000078   Code   RO         2298    .text.SUBGRF_CalibrateImage  radio_driver.o
    0x080043fc   0x080043fc   0x0000007c   Code   RO         2362    .text.SUBGRF_GetCFO  radio_driver.o
    0x08004478   0x08004478   0x00000024   Code   RO         2360    .text.SUBGRF_GetFskBandwidthRegValue  radio_driver.o
    0x0800449c   0x0800449c   0x00000008   Code   RO         2240    .text.SUBGRF_GetOperatingMode  radio_driver.o
    0x080044a4   0x080044a4   0x00000070   Code   RO         2328    .text.SUBGRF_GetPacketStatus  radio_driver.o
    0x08004514   0x08004514   0x00000030   Code   RO         2246    .text.SUBGRF_GetPayload  radio_driver.o
    0x08004544   0x08004544   0x00000004   Code   RO         2340    .text.SUBGRF_GetRadioWakeUpTime  radio_driver.o
    0x08004548   0x08004548   0x00000064   Code   RO         2270    .text.SUBGRF_GetRandom  radio_driver.o
    0x080045ac   0x080045ac   0x00000018   Code   RO         2326    .text.SUBGRF_GetRssiInst  radio_driver.o
    0x080045c4   0x080045c4   0x00000038   Code   RO         2248    .text.SUBGRF_GetRxBufferStatus  radio_driver.o
    0x080045fc   0x080045fc   0x00000060   Code   RO         2228    .text.SUBGRF_Init   radio_driver.o
    0x0800465c   0x0800465c   0x0000001c   Code   RO         2250    .text.SUBGRF_ReadBuffer  radio_driver.o
    0x08004678   0x08004678   0x0000001c   Code   RO         2308    .text.SUBGRF_ReadCommand  radio_driver.o
    0x08004694   0x08004694   0x00000018   Code   RO         2268    .text.SUBGRF_ReadRegister  radio_driver.o
    0x080046ac   0x080046ac   0x00000020   Code   RO         2274    .text.SUBGRF_ReadRegisters  radio_driver.o
    0x080046cc   0x080046cc   0x00000012   Code   RO         2252    .text.SUBGRF_SendPayload  radio_driver.o
    0x080046de   0x080046de   0x00000018   Code   RO         2322    .text.SUBGRF_SetBufferBaseAddress  radio_driver.o
    0x080046f6   0x080046f6   0x00000002   PAD
    0x080046f8   0x080046f8   0x00000014   Code   RO         2286    .text.SUBGRF_SetCad  radio_driver.o
    0x0800470c   0x0800470c   0x00000020   Code   RO         2264    .text.SUBGRF_SetCrcPolynomial  radio_driver.o
    0x0800472c   0x0800472c   0x00000020   Code   RO         2260    .text.SUBGRF_SetCrcSeed  radio_driver.o
    0x0800474c   0x0800474c   0x00000036   Code   RO         2304    .text.SUBGRF_SetDioIrqParams  radio_driver.o
    0x08004782   0x08004782   0x00000038   Code   RO         2294    .text.SUBGRF_SetLoRaSymbNumTimeout  radio_driver.o
    0x080047ba   0x080047ba   0x00000002   PAD
    0x080047bc   0x080047bc   0x000000b0   Code   RO         2316    .text.SUBGRF_SetModulationParams  radio_driver.o
    0x0800486c   0x0800486c   0x0000001e   Code   RO         2300    .text.SUBGRF_SetPaConfig  radio_driver.o
    0x0800488a   0x0800488a   0x00000002   PAD
    0x0800488c   0x0800488c   0x000000a8   Code   RO         2318    .text.SUBGRF_SetPacketParams  radio_driver.o
    0x08004934   0x08004934   0x00000028   Code   RO         2312    .text.SUBGRF_SetPacketType  radio_driver.o
    0x0800495c   0x0800495c   0x0000000a   Code   RO         2242    .text.SUBGRF_SetPayload  radio_driver.o
    0x08004966   0x08004966   0x00000020   Code   RO         2296    .text.SUBGRF_SetRegulatorMode  radio_driver.o
    0x08004986   0x08004986   0x00000002   PAD
    0x08004988   0x08004988   0x00000038   Code   RO         2310    .text.SUBGRF_SetRfFrequency  radio_driver.o
    0x080049c0   0x080049c0   0x00000028   Code   RO         2338    .text.SUBGRF_SetRfTxPower  radio_driver.o
    0x080049e8   0x080049e8   0x00000018   Code   RO         2272    .text.SUBGRF_SetRx  radio_driver.o
    0x08004a00   0x08004a00   0x00000034   Code   RO         2282    .text.SUBGRF_SetRxBoosted  radio_driver.o
    0x08004a34   0x08004a34   0x00000038   Code   RO         2284    .text.SUBGRF_SetRxDutyCycle  radio_driver.o
    0x08004a6c   0x08004a6c   0x0000002c   Code   RO         2276    .text.SUBGRF_SetSleep  radio_driver.o
    0x08004a98   0x08004a98   0x00000028   Code   RO         2232    .text.SUBGRF_SetStandby  radio_driver.o
    0x08004ac0   0x08004ac0   0x00000012   Code   RO         2292    .text.SUBGRF_SetStopRxTimerOnPreambleDetect  radio_driver.o
    0x08004ad2   0x08004ad2   0x0000002c   Code   RO         2336    .text.SUBGRF_SetSwitch  radio_driver.o
    0x08004afe   0x08004afe   0x00000012   Code   RO         2256    .text.SUBGRF_SetSyncWord  radio_driver.o
    0x08004b10   0x08004b10   0x00000026   Code   RO         2234    .text.SUBGRF_SetTcxoMode  radio_driver.o
    0x08004b36   0x08004b36   0x00000002   PAD
    0x08004b38   0x08004b38   0x0000001c   Code   RO         2254    .text.SUBGRF_SetTx  radio_driver.o
    0x08004b54   0x08004b54   0x0000000a   Code   RO         2288    .text.SUBGRF_SetTxContinuousWave  radio_driver.o
    0x08004b5e   0x08004b5e   0x0000000a   Code   RO         2290    .text.SUBGRF_SetTxInfinitePreamble  radio_driver.o
    0x08004b68   0x08004b68   0x00000080   Code   RO         2314    .text.SUBGRF_SetTxParams  radio_driver.o
    0x08004be8   0x08004be8   0x00000038   Code   RO         2266    .text.SUBGRF_SetWhiteningSeed  radio_driver.o
    0x08004c20   0x08004c20   0x0000001c   Code   RO         2244    .text.SUBGRF_WriteBuffer  radio_driver.o
    0x08004c3c   0x08004c3c   0x0000001c   Code   RO         2278    .text.SUBGRF_WriteCommand  radio_driver.o
    0x08004c58   0x08004c58   0x00000018   Code   RO         2236    .text.SUBGRF_WriteRegister  radio_driver.o
    0x08004c70   0x08004c70   0x00000020   Code   RO         2258    .text.SUBGRF_WriteRegisters  radio_driver.o
    0x08004c90   0x08004c90   0x00000002   Code   RO          242    .text.SVC_Handler   stm32wlxx_it.o
    0x08004c92   0x08004c92   0x00000002   PAD
    0x08004c94   0x08004c94   0x000001ec   Code   RO          316    .text.StateMachineProccess  subghz_phy_app.o
    0x08004e80   0x08004e80   0x00000284   Code   RO          300    .text.SubghzApp_Init  subghz_phy_app.o
    0x08005104   0x08005104   0x00000004   Code   RO          248    .text.SysTick_Handler  stm32wlxx_it.o
    0x08005108   0x08005108   0x00000048   Code   RO         2596    .text.SysTimeGet    stm32_systime.o
    0x08005150   0x08005150   0x00000020   Code   RO         2592    .text.SysTimeSub    stm32_systime.o
    0x08005170   0x08005170   0x00000040   Code   RO          101    .text.SystemApp_Init  sys_app.o
    0x080051b0   0x080051b0   0x0000009c   Code   RO           14    .text.SystemClock_Config  main.o
    0x0800524c   0x0800524c   0x00000002   Code   RO         2212    .text.SystemInit    system_stm32wlxx.o
    0x0800524e   0x0800524e   0x00000002   PAD
    0x08005250   0x08005250   0x00000008   Code   RO          250    .text.TAMP_STAMP_LSECSS_SSRU_IRQHandler  stm32wlxx_it.o
    0x08005258   0x08005258   0x00000008   Code   RO          172    .text.TIMER_IF_BkUp_Read_MSBticks  timer_if.o
    0x08005260   0x08005260   0x00000008   Code   RO          156    .text.TIMER_IF_BkUp_Read_Seconds  timer_if.o
    0x08005268   0x08005268   0x00000008   Code   RO          160    .text.TIMER_IF_BkUp_Read_SubSeconds  timer_if.o
    0x08005270   0x08005270   0x0000000c   Code   RO          164    .text.TIMER_IF_BkUp_Write_MSBticks  timer_if.o
    0x0800527c   0x0800527c   0x0000000c   Code   RO          154    .text.TIMER_IF_BkUp_Write_Seconds  timer_if.o
    0x08005288   0x08005288   0x0000000c   Code   RO          158    .text.TIMER_IF_BkUp_Write_SubSeconds  timer_if.o
    0x08005294   0x08005294   0x00000010   Code   RO          152    .text.TIMER_IF_Convert_Tick2ms  timer_if.o
    0x080052a4   0x080052a4   0x00000008   Code   RO          150    .text.TIMER_IF_Convert_ms2Tick  timer_if.o
    0x080052ac   0x080052ac   0x00000004   Code   RO          148    .text.TIMER_IF_GetMinimumTimeout  timer_if.o
    0x080052b0   0x080052b0   0x00000028   Code   RO          162    .text.TIMER_IF_GetTime  timer_if.o
    0x080052d8   0x080052d8   0x00000008   Code   RO          142    .text.TIMER_IF_GetTimerContext  timer_if.o
    0x080052e0   0x080052e0   0x00000010   Code   RO          144    .text.TIMER_IF_GetTimerElapsedTime  timer_if.o
    0x080052f0   0x080052f0   0x00000014   Code   RO          146    .text.TIMER_IF_GetTimerValue  timer_if.o
    0x08005304   0x08005304   0x0000003c   Code   RO          134    .text.TIMER_IF_Init  timer_if.o
    0x08005340   0x08005340   0x00000010   Code   RO          140    .text.TIMER_IF_SetTimerContext  timer_if.o
    0x08005350   0x08005350   0x0000004c   Code   RO          136    .text.TIMER_IF_StartTimer  timer_if.o
    0x0800539c   0x0800539c   0x00000020   Code   RO          138    .text.TIMER_IF_StopTimer  timer_if.o
    0x080053bc   0x080053bc   0x0000007c   Code   RO         2529    .text.TRACE_AllocateBufer  stm32_adv_trace.o
    0x08005438   0x08005438   0x00000018   Code   RO         2527    .text.TRACE_Lock    stm32_adv_trace.o
    0x08005450   0x08005450   0x00000078   Code   RO         2533    .text.TRACE_Send    stm32_adv_trace.o
    0x080054c8   0x080054c8   0x0000008c   Code   RO         2517    .text.TRACE_TxCpltCallback  stm32_adv_trace.o
    0x08005554   0x08005554   0x0000001c   Code   RO         2531    .text.TRACE_UnLock  stm32_adv_trace.o
    0x08005570   0x08005570   0x00000018   Code   RO         2699    .text.TimerExists   stm32_timer.o
    0x08005588   0x08005588   0x00000014   Code   RO         2701    .text.TimerInsertNewHeadTimer  stm32_timer.o
    0x0800559c   0x0800559c   0x00000024   Code   RO         2703    .text.TimerInsertTimer  stm32_timer.o
    0x080055c0   0x080055c0   0x00000038   Code   RO         2709    .text.TimerSetTimeout  stm32_timer.o
    0x080055f8   0x080055f8   0x00000024   Code   RO          103    .text.TimestampNow  sys_app.o
    0x0800561c   0x0800561c   0x0000006c   Code   RO          304    .text.TxPollingTimer  subghz_phy_app.o
    0x08005688   0x08005688   0x00000044   Code   RO         2175    .text.UARTEx_SetNbDataToProcess  stm32wlxx_hal_uart_ex.o
    0x080056cc   0x080056cc   0x000000a8   Code   RO         1935    .text.UART_AdvFeatureConfig  stm32wlxx_hal_uart.o
    0x08005774   0x08005774   0x0000004c   Code   RO         1937    .text.UART_CheckIdleState  stm32wlxx_hal_uart.o
    0x080057c0   0x080057c0   0x00000010   Code   RO         2019    .text.UART_DMAAbortOnError  stm32wlxx_hal_uart.o
    0x080057d0   0x080057d0   0x00000052   Code   RO         1975    .text.UART_DMAError  stm32wlxx_hal_uart.o
    0x08005822   0x08005822   0x00000038   Code   RO         1971    .text.UART_DMATransmitCplt  stm32wlxx_hal_uart.o
    0x0800585a   0x0800585a   0x00000006   Code   RO         1973    .text.UART_DMATxHalfCplt  stm32wlxx_hal_uart.o
    0x08005860   0x08005860   0x00000038   Code   RO         1989    .text.UART_EndRxTransfer  stm32wlxx_hal_uart.o
    0x08005898   0x08005898   0x0000002a   Code   RO         1987    .text.UART_EndTxTransfer  stm32wlxx_hal_uart.o
    0x080058c2   0x080058c2   0x00000082   Code   RO         2059    .text.UART_RxISR_16BIT  stm32wlxx_hal_uart.o
    0x08005944   0x08005944   0x00000114   Code   RO         2055    .text.UART_RxISR_16BIT_FIFOEN  stm32wlxx_hal_uart.o
    0x08005a58   0x08005a58   0x00000084   Code   RO         2061    .text.UART_RxISR_8BIT  stm32wlxx_hal_uart.o
    0x08005adc   0x08005adc   0x00000118   Code   RO         2057    .text.UART_RxISR_8BIT_FIFOEN  stm32wlxx_hal_uart.o
    0x08005bf4   0x08005bf4   0x000001e0   Code   RO         1933    .text.UART_SetConfig  stm32wlxx_hal_uart.o
    0x08005dd4   0x08005dd4   0x000000f0   Code   RO         1967    .text.UART_Start_Receive_IT  stm32wlxx_hal_uart.o
    0x08005ec4   0x08005ec4   0x000000ca   Code   RO         1951    .text.UART_WaitOnFlagUntilTimeout  stm32wlxx_hal_uart.o
    0x08005f8e   0x08005f8e   0x00000002   PAD
    0x08005f90   0x08005f90   0x00000008   Code   RO          258    .text.USART1_IRQHandler  stm32wlxx_it.o
    0x08005f98   0x08005f98   0x0000000c   Code   RO          260    .text.USART2_IRQHandler  stm32wlxx_it.o
    0x08005fa4   0x08005fa4   0x000000a4   Code   RO         2525    .text.UTIL_ADV_TRACE_COND_FSend  stm32_adv_trace.o
    0x08006048   0x08006048   0x0000002c   Code   RO         2515    .text.UTIL_ADV_TRACE_Init  stm32_adv_trace.o
    0x08006074   0x08006074   0x00000008   Code   RO          109    .text.UTIL_ADV_TRACE_PostSendHook  sys_app.o
    0x0800607c   0x0800607c   0x00000008   Code   RO          107    .text.UTIL_ADV_TRACE_PreSendHook  sys_app.o
    0x08006084   0x08006084   0x00000008   Code   RO         2549    .text.UTIL_ADV_TRACE_RegisterTimeStampFunction  stm32_adv_trace.o
    0x0800608c   0x0800608c   0x0000000c   Code   RO         2551    .text.UTIL_ADV_TRACE_SetVerboseLevel  stm32_adv_trace.o
    0x08006098   0x08006098   0x0000000c   Code   RO         2523    .text.UTIL_ADV_TRACE_StartRxProcess  stm32_adv_trace.o
    0x080060a4   0x080060a4   0x00000044   Code   RO         2746    .text.UTIL_LPM_EnterLowPower  stm32_lpm.o
    0x080060e8   0x080060e8   0x0000000c   Code   RO         2736    .text.UTIL_LPM_Init  stm32_lpm.o
    0x080060f4   0x080060f4   0x0000002c   Code   RO         2742    .text.UTIL_LPM_SetOffMode  stm32_lpm.o
    0x08006120   0x08006120   0x00000030   Code   RO         2740    .text.UTIL_LPM_SetStopMode  stm32_lpm.o
    0x08006150   0x08006150   0x0000000e   Code   RO         2580    .text.UTIL_MEM_set_8  stm32_mem.o
    0x0800615e   0x0800615e   0x00000004   Code   RO          105    .text.UTIL_SEQ_Idle  sys_app.o
    0x08006162   0x08006162   0x00000002   Code   RO         2655    .text.UTIL_SEQ_PostIdle  stm32_seq.o
    0x08006164   0x08006164   0x00000002   Code   RO         2651    .text.UTIL_SEQ_PreIdle  stm32_seq.o
    0x08006166   0x08006166   0x00000002   PAD
    0x08006168   0x08006168   0x00000020   Code   RO         2657    .text.UTIL_SEQ_RegTask  stm32_seq.o
    0x08006188   0x08006188   0x000000e8   Code   RO         2647    .text.UTIL_SEQ_Run  stm32_seq.o
    0x08006270   0x08006270   0x00000028   Code   RO         2659    .text.UTIL_SEQ_SetTask  stm32_seq.o
    0x08006298   0x08006298   0x00000034   Code   RO         2695    .text.UTIL_TIMER_Create  stm32_timer.o
    0x080062cc   0x080062cc   0x00000014   Code   RO         2723    .text.UTIL_TIMER_GetCurrentTime  stm32_timer.o
    0x080062e0   0x080062e0   0x00000020   Code   RO         2725    .text.UTIL_TIMER_GetElapsedTime  stm32_timer.o
    0x08006300   0x08006300   0x00000080   Code   RO         2721    .text.UTIL_TIMER_IRQ_Handler  stm32_timer.o
    0x08006380   0x08006380   0x0000000c   Code   RO         2691    .text.UTIL_TIMER_Init  stm32_timer.o
    0x0800638c   0x0800638c   0x00000030   Code   RO         2711    .text.UTIL_TIMER_SetPeriod  stm32_timer.o
    0x080063bc   0x080063bc   0x0000006c   Code   RO         2697    .text.UTIL_TIMER_Start  stm32_timer.o
    0x08006428   0x08006428   0x00000068   Code   RO         2707    .text.UTIL_TIMER_Stop  stm32_timer.o
    0x08006490   0x08006490   0x00000002   Code   RO          240    .text.UsageFault_Handler  stm32wlxx_it.o
    0x08006492   0x08006492   0x00000002   PAD
    0x08006494   0x08006494   0x00000070   Code   RO          351    .text.checkCmdType  cmd_processing.o
    0x08006504   0x08006504   0x0000000c   Code   RO          349    .text.getIndex      cmd_processing.o
    0x08006510   0x08006510   0x00000016   Code   RO           12    .text.main          main.o
    0x08006526   0x08006526   0x00000002   PAD
    0x08006528   0x08006528   0x000000b8   Code   RO          357    .text.proccess_cmd  cmd_processing.o
    0x080065e0   0x080065e0   0x00000064   Code   RO          353    .text.proccess_send  cmd_processing.o
    0x08006644   0x08006644   0x0000006c   Code   RO          355    .text.proccess_setID  cmd_processing.o
    0x080066b0   0x080066b0   0x00000028   Code   RO          111    .text.tiny_snprintf_like  sys_app.o
    0x080066d8   0x080066d8   0x00000290   Code   RO         2632    .text.tiny_vsnprintf_like  stm32_tiny_vsnprintf.o
    0x08006968   0x08006968   0x00000028   Code   RO          191    .text.vcom_DeInit   usart_if.o
    0x08006990   0x08006990   0x00000024   Code   RO          189    .text.vcom_Init     usart_if.o
    0x080069b4   0x080069b4   0x00000044   Code   RO          193    .text.vcom_ReceiveInit  usart_if.o
    0x080069f8   0x080069f8   0x00000024   Code   RO          199    .text.vcom_Resume   usart_if.o
    0x08006a1c   0x08006a1c   0x00000014   Code   RO          195    .text.vcom_Trace_DMA  usart_if.o
    0x08006a30   0x08006a30   0x0000000e   Code   RO         2835    i.__scatterload_copy  mc_w.l(handlers.o)
    0x08006a3e   0x08006a3e   0x00000002   Code   RO         2836    i.__scatterload_null  mc_w.l(handlers.o)
    0x08006a40   0x08006a40   0x0000000e   Code   RO         2837    i.__scatterload_zeroinit  mc_w.l(handlers.o)
    0x08006a4e   0x08006a4e   0x00000002   PAD
    0x08006a50   0x08006a50   0x00000050   Code   RO         2781    i.free              mc_w.l(malloc.o)
    0x08006aa0   0x08006aa0   0x0000006c   Code   RO         2782    i.malloc            mc_w.l(malloc.o)
    0x08006b0c   0x08006b0c   0x00000006   Data   RO          526    .rodata..L__const.RCC_SetFlashLatency.FLASH_CLK_SRC_RANGE_VOS1  stm32wlxx_hal_rcc.o
    0x08006b12   0x08006b12   0x00000006   Data   RO          527    .rodata..L__const.RCC_SetFlashLatency.FLASH_CLK_SRC_RANGE_VOS2  stm32wlxx_hal_rcc.o
    0x08006b18   0x08006b18   0x00000040   Data   RO         2217    .rodata.AHBPrescTable  system_stm32wlxx.o
    0x08006b58   0x08006b58   0x00000020   Data   RO         2218    .rodata.APBPrescTable  system_stm32wlxx.o
    0x08006b78   0x08006b78   0x00000003   Data   RO         2502    .rodata.Bandwidths  radio.o
    0x08006b7b   0x08006b7b   0x00000001   PAD
    0x08006b7c   0x08006b7c   0x000000b0   Data   RO         2370    .rodata.FskBandwidths  radio_driver.o
    0x08006c2c   0x08006c2c   0x00000006   Data   RO          442    .rodata.LED_PIN     stm32wlxx_nucleo.o
    0x08006c32   0x08006c32   0x00000002   PAD
    0x08006c34   0x08006c34   0x0000000c   Data   RO          443    .rodata.LED_PORT    stm32wlxx_nucleo.o
    0x08006c40   0x08006c40   0x00000040   Data   RO         2219    .rodata.MSIRangeTable  system_stm32wlxx.o
    0x08006c80   0x08006c80   0x00000084   Data   RO         2501    .rodata.Radio       radio.o
    0x08006d04   0x08006d04   0x00000018   Data   RO         2147    .rodata.UARTPrescTable  stm32wlxx_hal_uart.o
    0x08006d1c   0x08006d1c   0x00000018   Data   RO           93    .rodata.UTIL_PowerDriver  stm32_lpm_if.o
    0x08006d34   0x08006d34   0x00000014   Data   RO          179    .rodata.UTIL_SYSTIMDriver  timer_if.o
    0x08006d48   0x08006d48   0x0000002c   Data   RO          178    .rodata.UTIL_TimerDriver  timer_if.o
    0x08006d74   0x08006d74   0x00000010   Data   RO          205    .rodata.UTIL_TraceDriver  usart_if.o
    0x08006d84   0x08006d84   0x00000010   Data   RO         2148    .rodata.cst16       stm32wlxx_hal_uart.o
    0x08006d94   0x08006d94   0x00000010   Data   RO         2680    .rodata.cst16       stm32_seq.o
    0x08006da4   0x08006da4   0x00000010   Data   RO         2201    .rodata.cst8        stm32wlxx_hal_uart_ex.o
    0x08006db4   0x08006db4   0x00000013   Data   RO          335    .rodata.str1.1      subghz_phy_app.o
    0x08006dc7   0x08006dc7   0x00000007   Data   RO         2634    .rodata.str1.1      stm32_tiny_vsnprintf.o
    0x08006dce   0x08006dce   0x00000002   PAD
    0x08006dd0   0x08006dd0   0x00000020   Data   RO         2834    Region$$Table       anon$$obj.o


    Execution Region RW_IRAM1 (Exec base: 0x20000000, Load base: 0x08006df0, Size: 0x00001ed0, Max: 0x00008000, ABSOLUTE)

    Exec Addr    Load Addr    Size         Type   Attr      Idx    E Section Name        Object

    0x20000000   0x08006df0   0x00000004   Data   RW         2829    .data               mc_w.l(mvars.o)
    0x20000004   0x08006df4   0x00000004   Data   RW         2830    .data               mc_w.l(mvars.o)
    0x20000008   0x08006df8   0x00000008   Data   RW         1014    .data..L_MergedGlobals  stm32wlxx_hal.o
    0x20000010   0x08006e00   0x00000008   Data   RW         2681    .data..L_MergedGlobals  stm32_seq.o
    0x20000018   0x08006e08   0x00000001   Data   RW         2504    .data.MaxPayloadLength  radio.o
    0x20000019   0x08006e09   0x00000003   PAD
    0x2000001c   0x08006e0c   0x00000004   Data   RW         2216    .data.SystemCoreClock  system_stm32wlxx.o
    0x20000020        -       0x00000008   Zero   RW          180    .bss..L_MergedGlobals  timer_if.o
    0x20000028        -       0x00000008   Zero   RW          207    .bss..L_MergedGlobals  usart_if.o
    0x20000030        -       0x00000074   Zero   RW          336    .bss..L_MergedGlobals  subghz_phy_app.o
    0x200000a4        -       0x0000000c   Zero   RW         2371    .bss..L_MergedGlobals  radio_driver.o
    0x200000b0        -       0x00000034   Zero   RW         2506    .bss..L_MergedGlobals  radio.o
    0x200000e4        -       0x00000008   Zero   RW         2748    .bss..L_MergedGlobals  stm32_lpm.o
    0x200000ec        -       0x00000020   Zero   RW         2682    .bss..L_MergedGlobals.2  stm32_seq.o
    0x2000010c        -       0x00000200   Zero   RW         2566    .bss.ADV_TRACE_Buffer  stm32_adv_trace.o
    0x2000030c        -       0x00000018   Zero   RW         2565    .bss.ADV_TRACE_Ctx  stm32_adv_trace.o
    0x20000324        -       0x000000ff   Zero   RW          334    .bss.BufferRx       subghz_phy_app.o
    0x20000423   0x08006e10   0x00000001   PAD
    0x20000424        -       0x000000ff   Zero   RW          332    .bss.BufferTx       subghz_phy_app.o
    0x20000523        -       0x000000ff   Zero   RW         2505    .bss.RadioBuffer    radio.o
    0x20000622   0x08006e10   0x00000002   PAD
    0x20000624        -       0x00000058   Zero   RW         2503    .bss.SubgRf         radio.o
    0x2000067c        -       0x00000080   Zero   RW         2679    .bss.TaskCb         stm32_seq.o
    0x200006fc        -       0x00000004   Zero   RW         2727    .bss.TimerListHead  stm32_timer.o
    0x20000700        -       0x00000004   Zero   RW          206    .bss.TxCpltCallback  usart_if.o
    0x20000704        -       0x0000012c   Zero   RW          331    .bss.aRxBuffer      subghz_phy_app.o
    0x20000830        -       0x00000060   Zero   RW           29    .bss.hdma_tim2_ch2  main.o
    0x20000890        -       0x00000060   Zero   RW          223    .bss.hdma_usart1_tx  usart.o
    0x200008f0        -       0x00000038   Zero   RW           57    .bss.hrtc           rtc.o
    0x20000928        -       0x0000000c   Zero   RW           72    .bss.hsubghz        subghz.o
    0x20000934        -       0x00000090   Zero   RW          222    .bss.huart1         usart.o
    0x200009c4        -       0x00000a04   Zero   RW          333    .bss.queue          subghz_phy_app.o
    0x200013c8        -       0x00000100   Zero   RW         2567    .bss.sztmp          stm32_adv_trace.o
    0x200014c8        -       0x00000004   Zero   RW         1013    .bss.uwTick         stm32wlxx_hal.o
    0x200014cc   0x08006e10   0x00000004   PAD
    0x200014d0        -       0x00000200   Zero   RW            3    HEAP                startup_stm32wl55xx_cm4.o
    0x200016d0        -       0x00000800   Zero   RW            2    STACK               startup_stm32wl55xx_cm4.o


    Execution Region RW_IRAM2 (Exec base: 0x20008000, Load base: 0x08006e10, Size: 0x00008000, Max: 0x00008000, ABSOLUTE)

    Exec Addr    Load Addr    Size         Type   Attr      Idx    E Section Name        Object

    0x20008000        -       0x00008000   Zero   RW            1    RW_IRAM2.bss        anon$$obj.o


==============================================================================

Image component sizes


      Code (inc. data)   RO Data    RW Data    ZI Data      Debug   Object Name

        22          0          0          0          0        897   app_subghz_phy.o
       536         40          0          0          0       4790   cmd_processing.o
        62          4          0          0          0       4045   dma.o
       208          8          0          0         96       9970   main.o
       148          0          0          0          0       2178   queue.o
      4388        256        135          1        395      28402   radio.o
        20          0          0          0          0       1737   radio_board_if.o
      2504         96        176          0         12      27180   radio_driver.o
        44          0          0          0          0       4110   radio_fw.o
       236         16          0          0         56       7272   rtc.o
        36          8        312          0       2560        848   startup_stm32wl55xx_cm4.o
       676         32          0          0        792      10499   stm32_adv_trace.o
       172          8          0          0          8       2699   stm32_lpm.o
        68          4         24          0          0       2627   stm32_lpm_if.o
        14          0          0          0          0       1424   stm32_mem.o
       368         16         16          8        160       6312   stm32_seq.o
       104          8          0          0          0       6959   stm32_systime.o
       640         12          0          0          4       7557   stm32_timer.o
       656         84          7          0          0       3587   stm32_tiny_vsnprintf.o
       208         16          0          8          4      12369   stm32wlxx_hal.o
       208         24          0          0          0       9952   stm32wlxx_hal_cortex.o
      1094         32          0          0          0       9349   stm32wlxx_hal_dma.o
       662         20          0          0          0       4889   stm32wlxx_hal_gpio.o
         2          0          0          0          0       6438   stm32wlxx_hal_msp.o
        84         12          0          0          0       5624   stm32wlxx_hal_pwr.o
       144          8          0          0          0      11147   stm32wlxx_hal_pwr_ex.o
      2420         96         12          0          0      16855   stm32wlxx_hal_rcc.o
       414          8          0          0          0      13470   stm32wlxx_hal_rcc_ex.o
       958         32          0          0          0      14265   stm32wlxx_hal_rtc.o
       180          4          0          0          0      17758   stm32wlxx_hal_rtc_ex.o
      1340         44          0          0          0      14967   stm32wlxx_hal_subghz.o
      3672        142         40          0          0      35139   stm32wlxx_hal_uart.o
       436          8         16          0          0      10466   stm32wlxx_hal_uart_ex.o
       112         16          0          0          0       7346   stm32wlxx_it.o
        96          8         18          0          0       8140   stm32wlxx_nucleo.o
       216         24          0          0          0       3993   stm32wlxx_nucleo_radio.o
        76          8          0          0         12       5239   subghz.o
      1950        584         19          0       3490       9392   subghz_phy_app.o
       160         20          0          0          0       4607   sys_app.o
         2          0        160          4          0       2939   system_stm32wlxx.o
       402         16         64          0          8       8785   timer_if.o
       360         24          0          0        240       9040   usart.o
       256         32         16          0         12      10164   usart_if.o

    ----------------------------------------------------------------------
     26412       1770       1052         24      40624     385426   Object Totals
         0          0         32          0      32768          0   (incl. Generated)
        58          0          5          3          7          0   (incl. Padding)

    ----------------------------------------------------------------------

      Code (inc. data)   RO Data    RW Data    ZI Data      Debug   Library Member Name

        28          0          0          0          0         76   calloc.o
         0          0          0          0          0          0   entry.o
         0          0          0          0          0          0   entry10a.o
         0          0          0          0          0          0   entry11a.o
         8          4          0          0          0          0   entry2.o
         4          0          0          0          0          0   entry5.o
         0          0          0          0          0          0   entry7b.o
         0          0          0          0          0          0   entry8b.o
         8          4          0          0          0          0   entry9a.o
        30          0          0          0          0          0   handlers.o
        36          8          0          0          0         68   init.o
        30          0          0          0          0         68   llshl.o
        32          0          0          0          0         68   llushr.o
       188         20          0          0          0        160   malloc.o
        26          0          0          0          0         80   memcmp.o
        64          0          0          0          0         76   memmovea.o
        36          0          0          0          0        108   memseta.o
         0          0          0          8          0          0   mvars.o
        20          0          0          0          0         68   strchr.o
        14          0          0          0          0         68   strlen.o
        30          0          0          0          0         80   strncmp.o
        24          0          0          0          0         76   strncpy.o
        98          0          0          0          0         92   uldiv.o

    ----------------------------------------------------------------------
       680         36          0          8          0       1088   Library Totals
         4          0          0          0          0          0   (incl. Padding)

    ----------------------------------------------------------------------

      Code (inc. data)   RO Data    RW Data    ZI Data      Debug   Library Name

       676         36          0          8          0       1088   mc_w.l

    ----------------------------------------------------------------------
       680         36          0          8          0       1088   Library Totals

    ----------------------------------------------------------------------

==============================================================================


      Code (inc. data)   RO Data    RW Data    ZI Data      Debug   

     27092       1806       1052         32      40624     385326   Grand Totals
     27092       1806       1052         32      40624     385326   ELF Image Totals
     27092       1806       1052         32          0          0   ROM Totals

==============================================================================

    Total RO  Size (Code + RO Data)                28144 (  27.48kB)
    Total RW  Size (RW Data + ZI Data)             40656 (  39.70kB)
    Total ROM Size (Code + RO Data + RW Data)      28176 (  27.52kB)

==============================================================================

