<!doctype html public "-//w3c//dtd html 4.0 transitional//en">
<html><head>
<title>Static Call Graph - [SubGHz_Phy_PingPong\SubGHz_Phy_PingPong.axf]</title></head>
<body><HR>
<H1>Static Call Graph for image SubGHz_Phy_PingPong\SubGHz_Phy_PingPong.axf</H1><HR>
<BR><P>#&#060CALLGRAPH&#062# ARM Linker, 6180002: Last Updated: Fri Jul 29 18:30:21 2022
<BR><P>
<H3>Maximum Stack Usage =        228 bytes + Unknown(Cycles, Untraceable Function Pointers)</H3><H3>
Call chain for Maximum Stack Depth:</H3>
RadioIsChannelFree &rArr; RadioSetRxConfig &rArr; SUBGRF_SetPacketParams &rArr; SUBGRF_SetPacketType &rArr; SUBGRF_WriteRegister &rArr; HAL_SUBGHZ_WriteRegisters &rArr; OUTLINED_FUNCTION_8 &rArr; SUBGHZSPI_Transmit
<P>
<H3>
Mutually Recursive functions
</H3> <LI><a href="#[1c]">ADC_IRQHandler</a>&nbsp;&nbsp;&nbsp;&rArr;&nbsp;&nbsp;&nbsp;<a href="#[1c]">ADC_IRQHandler</a><BR>
 <LI><a href="#[4]">BusFault_Handler</a>&nbsp;&nbsp;&nbsp;&rArr;&nbsp;&nbsp;&nbsp;<a href="#[4]">BusFault_Handler</a><BR>
 <LI><a href="#[3]">MemManage_Handler</a>&nbsp;&nbsp;&nbsp;&rArr;&nbsp;&nbsp;&nbsp;<a href="#[3]">MemManage_Handler</a><BR>
 <LI><a href="#[1]">NMI_Handler</a>&nbsp;&nbsp;&nbsp;&rArr;&nbsp;&nbsp;&nbsp;<a href="#[1]">NMI_Handler</a><BR>
 <LI><a href="#[c2]">Error_Handler</a>&nbsp;&nbsp;&nbsp;&rArr;&nbsp;&nbsp;&nbsp;<a href="#[c2]">Error_Handler</a><BR>
 <LI><a href="#[5]">UsageFault_Handler</a>&nbsp;&nbsp;&nbsp;&rArr;&nbsp;&nbsp;&nbsp;<a href="#[5]">UsageFault_Handler</a><BR>
 <LI><a href="#[200]">UTIL_MEM_set_8</a>&nbsp;&nbsp;&nbsp;&rArr;&nbsp;&nbsp;&nbsp;<a href="#[200]">UTIL_MEM_set_8</a><BR>
 <LI><a href="#[222]">UART_EndTxTransfer</a>&nbsp;&nbsp;&nbsp;&rArr;&nbsp;&nbsp;&nbsp;<a href="#[222]">UART_EndTxTransfer</a><BR>
</UL>
<P>
<H3>
Function Pointers
</H3><UL>
 <LI><a href="#[1c]">ADC_IRQHandler</a> from startup_stm32wl55xx_cm4.o(.text) referenced from startup_stm32wl55xx_cm4.o(RESET)
 <LI><a href="#[3d]">AES_IRQHandler</a> from startup_stm32wl55xx_cm4.o(.text) referenced from startup_stm32wl55xx_cm4.o(RESET)
 <LI><a href="#[4]">BusFault_Handler</a> from stm32wlxx_it.o(.text.BusFault_Handler) referenced from startup_stm32wl55xx_cm4.o(RESET)
 <LI><a href="#[1e]">C2SEV_PWR_C2H_IRQHandler</a> from startup_stm32wl55xx_cm4.o(.text) referenced from startup_stm32wl55xx_cm4.o(RESET)
 <LI><a href="#[59]">CMD_GetChar</a> from subghz_phy_app.o(.text.CMD_GetChar) referenced from subghz_phy_app.o(.text.SubghzApp_Init)
 <LI><a href="#[1f]">COMP_IRQHandler</a> from startup_stm32wl55xx_cm4.o(.text) referenced from startup_stm32wl55xx_cm4.o(RESET)
 <LI><a href="#[1d]">DAC_IRQHandler</a> from startup_stm32wl55xx_cm4.o(.text) referenced from startup_stm32wl55xx_cm4.o(RESET)
 <LI><a href="#[15]">DMA1_Channel1_IRQHandler</a> from stm32wlxx_it.o(.text.DMA1_Channel1_IRQHandler) referenced from startup_stm32wl55xx_cm4.o(RESET)
 <LI><a href="#[16]">DMA1_Channel2_IRQHandler</a> from startup_stm32wl55xx_cm4.o(.text) referenced from startup_stm32wl55xx_cm4.o(RESET)
 <LI><a href="#[17]">DMA1_Channel3_IRQHandler</a> from startup_stm32wl55xx_cm4.o(.text) referenced from startup_stm32wl55xx_cm4.o(RESET)
 <LI><a href="#[18]">DMA1_Channel4_IRQHandler</a> from startup_stm32wl55xx_cm4.o(.text) referenced from startup_stm32wl55xx_cm4.o(RESET)
 <LI><a href="#[19]">DMA1_Channel5_IRQHandler</a> from stm32wlxx_it.o(.text.DMA1_Channel5_IRQHandler) referenced from startup_stm32wl55xx_cm4.o(RESET)
 <LI><a href="#[1a]">DMA1_Channel6_IRQHandler</a> from startup_stm32wl55xx_cm4.o(.text) referenced from startup_stm32wl55xx_cm4.o(RESET)
 <LI><a href="#[1b]">DMA1_Channel7_IRQHandler</a> from startup_stm32wl55xx_cm4.o(.text) referenced from startup_stm32wl55xx_cm4.o(RESET)
 <LI><a href="#[40]">DMA2_Channel1_IRQHandler</a> from startup_stm32wl55xx_cm4.o(.text) referenced from startup_stm32wl55xx_cm4.o(RESET)
 <LI><a href="#[41]">DMA2_Channel2_IRQHandler</a> from startup_stm32wl55xx_cm4.o(.text) referenced from startup_stm32wl55xx_cm4.o(RESET)
 <LI><a href="#[42]">DMA2_Channel3_IRQHandler</a> from startup_stm32wl55xx_cm4.o(.text) referenced from startup_stm32wl55xx_cm4.o(RESET)
 <LI><a href="#[43]">DMA2_Channel4_IRQHandler</a> from startup_stm32wl55xx_cm4.o(.text) referenced from startup_stm32wl55xx_cm4.o(RESET)
 <LI><a href="#[44]">DMA2_Channel5_IRQHandler</a> from startup_stm32wl55xx_cm4.o(.text) referenced from startup_stm32wl55xx_cm4.o(RESET)
 <LI><a href="#[45]">DMA2_Channel6_IRQHandler</a> from startup_stm32wl55xx_cm4.o(.text) referenced from startup_stm32wl55xx_cm4.o(RESET)
 <LI><a href="#[46]">DMA2_Channel7_IRQHandler</a> from startup_stm32wl55xx_cm4.o(.text) referenced from startup_stm32wl55xx_cm4.o(RESET)
 <LI><a href="#[47]">DMAMUX1_OVR_IRQHandler</a> from startup_stm32wl55xx_cm4.o(.text) referenced from startup_stm32wl55xx_cm4.o(RESET)
 <LI><a href="#[7]">DebugMon_Handler</a> from stm32wlxx_it.o(.text.DebugMon_Handler) referenced from startup_stm32wl55xx_cm4.o(RESET)
 <LI><a href="#[10]">EXTI0_IRQHandler</a> from startup_stm32wl55xx_cm4.o(.text) referenced from startup_stm32wl55xx_cm4.o(RESET)
 <LI><a href="#[33]">EXTI15_10_IRQHandler</a> from stm32wlxx_it.o(.text.EXTI15_10_IRQHandler) referenced from startup_stm32wl55xx_cm4.o(RESET)
 <LI><a href="#[11]">EXTI1_IRQHandler</a> from startup_stm32wl55xx_cm4.o(.text) referenced from startup_stm32wl55xx_cm4.o(RESET)
 <LI><a href="#[12]">EXTI2_IRQHandler</a> from startup_stm32wl55xx_cm4.o(.text) referenced from startup_stm32wl55xx_cm4.o(RESET)
 <LI><a href="#[13]">EXTI3_IRQHandler</a> from startup_stm32wl55xx_cm4.o(.text) referenced from startup_stm32wl55xx_cm4.o(RESET)
 <LI><a href="#[14]">EXTI4_IRQHandler</a> from startup_stm32wl55xx_cm4.o(.text) referenced from startup_stm32wl55xx_cm4.o(RESET)
 <LI><a href="#[20]">EXTI9_5_IRQHandler</a> from startup_stm32wl55xx_cm4.o(.text) referenced from startup_stm32wl55xx_cm4.o(RESET)
 <LI><a href="#[e]">FLASH_IRQHandler</a> from startup_stm32wl55xx_cm4.o(.text) referenced from startup_stm32wl55xx_cm4.o(RESET)
 <LI><a href="#[4d]">HAL_Delay</a> from stm32wlxx_hal.o(.text.HAL_Delay) referenced from subghz_phy_app.o(.text.Buzz_Slave)
 <LI><a href="#[4b]">HAL_GPIO_Init</a> from stm32wlxx_hal_gpio.o(.text.HAL_GPIO_Init) referenced from stm32wlxx_nucleo_radio.o(.text.BSP_RADIO_Init)
 <LI><a href="#[4c]">HAL_GPIO_WritePin</a> from stm32wlxx_hal_gpio.o(.text.HAL_GPIO_WritePin) referenced from stm32wlxx_nucleo_radio.o(.text.BSP_RADIO_Init)
 <LI><a href="#[39]">HSEM_IRQHandler</a> from startup_stm32wl55xx_cm4.o(.text) referenced from startup_stm32wl55xx_cm4.o(RESET)
 <LI><a href="#[2]">HardFault_Handler</a> from stm32wlxx_it.o(.text.HardFault_Handler) referenced from startup_stm32wl55xx_cm4.o(RESET)
 <LI><a href="#[29]">I2C1_ER_IRQHandler</a> from startup_stm32wl55xx_cm4.o(.text) referenced from startup_stm32wl55xx_cm4.o(RESET)
 <LI><a href="#[28]">I2C1_EV_IRQHandler</a> from startup_stm32wl55xx_cm4.o(.text) referenced from startup_stm32wl55xx_cm4.o(RESET)
 <LI><a href="#[2b]">I2C2_ER_IRQHandler</a> from startup_stm32wl55xx_cm4.o(.text) referenced from startup_stm32wl55xx_cm4.o(RESET)
 <LI><a href="#[2a]">I2C2_EV_IRQHandler</a> from startup_stm32wl55xx_cm4.o(.text) referenced from startup_stm32wl55xx_cm4.o(RESET)
 <LI><a href="#[3b]">I2C3_ER_IRQHandler</a> from startup_stm32wl55xx_cm4.o(.text) referenced from startup_stm32wl55xx_cm4.o(RESET)
 <LI><a href="#[3a]">I2C3_EV_IRQHandler</a> from startup_stm32wl55xx_cm4.o(.text) referenced from startup_stm32wl55xx_cm4.o(RESET)
 <LI><a href="#[37]">IPCC_C1_RX_IRQHandler</a> from startup_stm32wl55xx_cm4.o(.text) referenced from startup_stm32wl55xx_cm4.o(RESET)
 <LI><a href="#[38]">IPCC_C1_TX_IRQHandler</a> from startup_stm32wl55xx_cm4.o(.text) referenced from startup_stm32wl55xx_cm4.o(RESET)
 <LI><a href="#[31]">LPTIM1_IRQHandler</a> from startup_stm32wl55xx_cm4.o(.text) referenced from startup_stm32wl55xx_cm4.o(RESET)
 <LI><a href="#[32]">LPTIM2_IRQHandler</a> from startup_stm32wl55xx_cm4.o(.text) referenced from startup_stm32wl55xx_cm4.o(RESET)
 <LI><a href="#[35]">LPTIM3_IRQHandler</a> from startup_stm32wl55xx_cm4.o(.text) referenced from startup_stm32wl55xx_cm4.o(RESET)
 <LI><a href="#[30]">LPUART1_IRQHandler</a> from startup_stm32wl55xx_cm4.o(.text) referenced from startup_stm32wl55xx_cm4.o(RESET)
 <LI><a href="#[3]">MemManage_Handler</a> from stm32wlxx_it.o(.text.MemManage_Handler) referenced from startup_stm32wl55xx_cm4.o(RESET)
 <LI><a href="#[1]">NMI_Handler</a> from stm32wlxx_it.o(.text.NMI_Handler) referenced from startup_stm32wl55xx_cm4.o(RESET)
 <LI><a href="#[5e]">OnRxDone</a> from subghz_phy_app.o(.text.OnRxDone) referenced from subghz_phy_app.o(.text.SubghzApp_Init)
 <LI><a href="#[5f]">OnRxError</a> from subghz_phy_app.o(.text.OnRxError) referenced from subghz_phy_app.o(.text.SubghzApp_Init)
 <LI><a href="#[60]">OnRxTimeout</a> from subghz_phy_app.o(.text.OnRxTimeout) referenced from subghz_phy_app.o(.text.SubghzApp_Init)
 <LI><a href="#[5d]">OnTxDone</a> from subghz_phy_app.o(.text.OnTxDone) referenced from subghz_phy_app.o(.text.SubghzApp_Init)
 <LI><a href="#[61]">OnTxTimeout</a> from subghz_phy_app.o(.text.OnTxTimeout) referenced from subghz_phy_app.o(.text.SubghzApp_Init)
 <LI><a href="#[5c]">OnUART_RxPollingTimer</a> from subghz_phy_app.o(.text.OnUART_RxPollingTimer) referenced from subghz_phy_app.o(.text.SubghzApp_Init)
 <LI><a href="#[5b]">OnledEvent</a> from subghz_phy_app.o(.text.OnledEvent) referenced from subghz_phy_app.o(.text.SubghzApp_Init)
 <LI><a href="#[3f]">PKA_IRQHandler</a> from startup_stm32wl55xx_cm4.o(.text) referenced from startup_stm32wl55xx_cm4.o(RESET)
 <LI><a href="#[b]">PVD_PVM_IRQHandler</a> from startup_stm32wl55xx_cm4.o(.text) referenced from startup_stm32wl55xx_cm4.o(RESET)
 <LI><a href="#[90]">PWR_EnterOffMode</a> from stm32_lpm_if.o(.text.PWR_EnterOffMode) referenced from stm32_lpm_if.o(.rodata.UTIL_PowerDriver)
 <LI><a href="#[8c]">PWR_EnterSleepMode</a> from stm32_lpm_if.o(.text.PWR_EnterSleepMode) referenced from stm32_lpm_if.o(.rodata.UTIL_PowerDriver)
 <LI><a href="#[8e]">PWR_EnterStopMode</a> from stm32_lpm_if.o(.text.PWR_EnterStopMode) referenced from stm32_lpm_if.o(.rodata.UTIL_PowerDriver)
 <LI><a href="#[91]">PWR_ExitOffMode</a> from stm32_lpm_if.o(.text.PWR_ExitOffMode) referenced from stm32_lpm_if.o(.rodata.UTIL_PowerDriver)
 <LI><a href="#[8d]">PWR_ExitSleepMode</a> from stm32_lpm_if.o(.text.PWR_ExitSleepMode) referenced from stm32_lpm_if.o(.rodata.UTIL_PowerDriver)
 <LI><a href="#[8f]">PWR_ExitStopMode</a> from stm32_lpm_if.o(.text.PWR_ExitStopMode) referenced from stm32_lpm_if.o(.rodata.UTIL_PowerDriver)
 <LI><a href="#[8]">PendSV_Handler</a> from stm32wlxx_it.o(.text.PendSV_Handler) referenced from startup_stm32wl55xx_cm4.o(RESET)
 <LI><a href="#[62]">PingPong_Process</a> from subghz_phy_app.o(.text.PingPong_Process) referenced from subghz_phy_app.o(.text.SubghzApp_Init)
 <LI><a href="#[63]">ProccessCmd</a> from subghz_phy_app.o(.text.ProccessCmd) referenced from subghz_phy_app.o(.text.SubghzApp_Init)
 <LI><a href="#[f]">RCC_IRQHandler</a> from startup_stm32wl55xx_cm4.o(.text) referenced from startup_stm32wl55xx_cm4.o(RESET)
 <LI><a href="#[8b]">RFW_ReceiveLongPacket</a> from radio_fw.o(.text.RFW_ReceiveLongPacket) referenced from radio.o(.rodata.Radio)
 <LI><a href="#[8a]">RFW_TransmitLongPacket</a> from radio_fw.o(.text.RFW_TransmitLongPacket) referenced from radio.o(.rodata.Radio)
 <LI><a href="#[3e]">RNG_IRQHandler</a> from startup_stm32wl55xx_cm4.o(.text) referenced from startup_stm32wl55xx_cm4.o(RESET)
 <LI><a href="#[34]">RTC_Alarm_IRQHandler</a> from stm32wlxx_it.o(.text.RTC_Alarm_IRQHandler) referenced from startup_stm32wl55xx_cm4.o(RESET)
 <LI><a href="#[4e]">RTC_ByteToBcd2</a> from stm32wlxx_hal_rtc.o(.text.RTC_ByteToBcd2) referenced from stm32wlxx_hal_rtc.o(.text.HAL_RTC_SetAlarm_IT)
 <LI><a href="#[d]">RTC_WKUP_IRQHandler</a> from startup_stm32wl55xx_cm4.o(.text) referenced from startup_stm32wl55xx_cm4.o(RESET)
 <LI><a href="#[73]">RadioCheckRfFrequency</a> from radio.o(.text.RadioCheckRfFrequency) referenced from radio.o(.rodata.Radio)
 <LI><a href="#[6c]">RadioGetStatus</a> from radio.o(.text.RadioGetStatus) referenced from radio.o(.rodata.Radio)
 <LI><a href="#[82]">RadioGetWakeupTime</a> from radio.o(.text.RadioGetWakeupTime) referenced from radio.o(.rodata.Radio)
 <LI><a href="#[6b]">RadioInit</a> from radio.o(.text.RadioInit) referenced from radio.o(.rodata.Radio)
 <LI><a href="#[83]">RadioIrqProcess</a> from radio.o(.text.RadioIrqProcess) referenced from radio.o(.rodata.Radio)
 <LI><a href="#[6f]">RadioIsChannelFree</a> from radio.o(.text.RadioIsChannelFree) referenced from radio.o(.rodata.Radio)
 <LI><a href="#[54]">RadioOnDioIrq</a> from radio.o(.text.RadioOnDioIrq) referenced from radio.o(.text.RadioInit)
 <LI><a href="#[56]">RadioOnRxTimeoutIrq</a> from radio.o(.text.RadioOnRxTimeoutIrq) referenced from radio.o(.text.RadioInit)
 <LI><a href="#[55]">RadioOnTxTimeoutIrq</a> from radio.o(.text.RadioOnTxTimeoutIrq) referenced from radio.o(.text.RadioInit)
 <LI><a href="#[70]">RadioRandom</a> from radio.o(.text.RadioRandom) referenced from radio.o(.rodata.Radio)
 <LI><a href="#[7d]">RadioRead</a> from radio.o(.text.RadioRead) referenced from radio.o(.rodata.Radio)
 <LI><a href="#[7f]">RadioReadRegisters</a> from radio.o(.text.RadioReadRegisters) referenced from radio.o(.rodata.Radio)
 <LI><a href="#[7b]">RadioRssi</a> from radio.o(.text.RadioRssi) referenced from radio.o(.rodata.Radio)
 <LI><a href="#[78]">RadioRx</a> from radio.o(.text.RadioRx) referenced from radio.o(.rodata.Radio)
 <LI><a href="#[84]">RadioRxBoosted</a> from radio.o(.text.RadioRxBoosted) referenced from radio.o(.rodata.Radio)
 <LI><a href="#[75]">RadioSend</a> from radio.o(.text.RadioSend) referenced from radio.o(.rodata.Radio)
 <LI><a href="#[6e]">RadioSetChannel</a> from radio.o(.text.RadioSetChannel) referenced from radio.o(.rodata.Radio)
 <LI><a href="#[80]">RadioSetMaxPayloadLength</a> from radio.o(.text.RadioSetMaxPayloadLength) referenced from radio.o(.rodata.Radio)
 <LI><a href="#[6d]">RadioSetModem</a> from radio.o(.text.RadioSetModem) referenced from radio.o(.rodata.Radio)
 <LI><a href="#[81]">RadioSetPublicNetwork</a> from radio.o(.text.RadioSetPublicNetwork) referenced from radio.o(.rodata.Radio)
 <LI><a href="#[71]">RadioSetRxConfig</a> from radio.o(.text.RadioSetRxConfig) referenced from radio.o(.rodata.Radio)
 <LI><a href="#[85]">RadioSetRxDutyCycle</a> from radio.o(.text.RadioSetRxDutyCycle) referenced from radio.o(.rodata.Radio)
 <LI><a href="#[88]">RadioSetRxGenericConfig</a> from radio.o(.text.RadioSetRxGenericConfig) referenced from radio.o(.rodata.Radio)
 <LI><a href="#[72]">RadioSetTxConfig</a> from radio.o(.text.RadioSetTxConfig) referenced from radio.o(.rodata.Radio)
 <LI><a href="#[7a]">RadioSetTxContinuousWave</a> from radio.o(.text.RadioSetTxContinuousWave) referenced from radio.o(.rodata.Radio)
 <LI><a href="#[89]">RadioSetTxGenericConfig</a> from radio.o(.text.RadioSetTxGenericConfig) referenced from radio.o(.rodata.Radio)
 <LI><a href="#[76]">RadioSleep</a> from radio.o(.text.RadioSleep) referenced from radio.o(.rodata.Radio)
 <LI><a href="#[77]">RadioStandby</a> from radio.o(.text.RadioStandby) referenced from radio.o(.rodata.Radio)
 <LI><a href="#[79]">RadioStartCad</a> from radio.o(.text.RadioStartCad) referenced from radio.o(.rodata.Radio)
 <LI><a href="#[74]">RadioTimeOnAir</a> from radio.o(.text.RadioTimeOnAir) referenced from radio.o(.rodata.Radio)
 <LI><a href="#[87]">RadioTxCw</a> from radio.o(.text.RadioTxCw) referenced from radio.o(.rodata.Radio)
 <LI><a href="#[86]">RadioTxPrbs</a> from radio.o(.text.RadioTxPrbs) referenced from radio.o(.rodata.Radio)
 <LI><a href="#[7c]">RadioWrite</a> from radio.o(.text.RadioWrite) referenced from radio.o(.rodata.Radio)
 <LI><a href="#[7e]">RadioWriteRegisters</a> from radio.o(.text.RadioWriteRegisters) referenced from radio.o(.rodata.Radio)
 <LI><a href="#[0]">Reset_Handler</a> from startup_stm32wl55xx_cm4.o(.text) referenced from startup_stm32wl55xx_cm4.o(RESET)
 <LI><a href="#[2c]">SPI1_IRQHandler</a> from startup_stm32wl55xx_cm4.o(.text) referenced from startup_stm32wl55xx_cm4.o(RESET)
 <LI><a href="#[2d]">SPI2_IRQHandler</a> from startup_stm32wl55xx_cm4.o(.text) referenced from startup_stm32wl55xx_cm4.o(RESET)
 <LI><a href="#[36]">SUBGHZSPI_IRQHandler</a> from startup_stm32wl55xx_cm4.o(.text) referenced from startup_stm32wl55xx_cm4.o(RESET)
 <LI><a href="#[4f]">SUBGHZSPI_Transmit</a> from stm32wlxx_hal_subghz.o(.text.SUBGHZSPI_Transmit) referenced from stm32wlxx_hal_subghz.o(.text.HAL_SUBGHZ_WriteRegisters)
 <LI><a href="#[3c]">SUBGHZ_Radio_IRQHandler</a> from stm32wlxx_it.o(.text.SUBGHZ_Radio_IRQHandler) referenced from startup_stm32wl55xx_cm4.o(RESET)
 <LI><a href="#[58]">SUBGRF_ReadRegister</a> from radio_driver.o(.text.SUBGRF_ReadRegister) referenced from radio.o(.text.RadioSetRxConfig)
 <LI><a href="#[58]">SUBGRF_ReadRegister</a> from radio_driver.o(.text.SUBGRF_ReadRegister) referenced from radio_driver.o(.text.SUBGRF_GetCFO)
 <LI><a href="#[57]">SUBGRF_WriteRegister</a> from radio_driver.o(.text.SUBGRF_WriteRegister) referenced from radio.o(.text.RadioSend)
 <LI><a href="#[57]">SUBGRF_WriteRegister</a> from radio_driver.o(.text.SUBGRF_WriteRegister) referenced from radio.o(.text.RadioSetRxConfig)
 <LI><a href="#[57]">SUBGRF_WriteRegister</a> from radio_driver.o(.text.SUBGRF_WriteRegister) referenced from radio_driver.o(.text.SUBGRF_GetRandom)
 <LI><a href="#[6]">SVC_Handler</a> from stm32wlxx_it.o(.text.SVC_Handler) referenced from startup_stm32wl55xx_cm4.o(RESET)
 <LI><a href="#[9]">SysTick_Handler</a> from stm32wlxx_it.o(.text.SysTick_Handler) referenced from startup_stm32wl55xx_cm4.o(RESET)
 <LI><a href="#[49]">SystemInit</a> from system_stm32wlxx.o(.text.SystemInit) referenced from startup_stm32wl55xx_cm4.o(.text)
 <LI><a href="#[c]">TAMP_STAMP_LSECSS_SSRU_IRQHandler</a> from stm32wlxx_it.o(.text.TAMP_STAMP_LSECSS_SSRU_IRQHandler) referenced from startup_stm32wl55xx_cm4.o(RESET)
 <LI><a href="#[26]">TIM16_IRQHandler</a> from startup_stm32wl55xx_cm4.o(.text) referenced from startup_stm32wl55xx_cm4.o(RESET)
 <LI><a href="#[27]">TIM17_IRQHandler</a> from startup_stm32wl55xx_cm4.o(.text) referenced from startup_stm32wl55xx_cm4.o(RESET)
 <LI><a href="#[21]">TIM1_BRK_IRQHandler</a> from startup_stm32wl55xx_cm4.o(.text) referenced from startup_stm32wl55xx_cm4.o(RESET)
 <LI><a href="#[24]">TIM1_CC_IRQHandler</a> from startup_stm32wl55xx_cm4.o(.text) referenced from startup_stm32wl55xx_cm4.o(RESET)
 <LI><a href="#[23]">TIM1_TRG_COM_IRQHandler</a> from startup_stm32wl55xx_cm4.o(.text) referenced from startup_stm32wl55xx_cm4.o(RESET)
 <LI><a href="#[22]">TIM1_UP_IRQHandler</a> from startup_stm32wl55xx_cm4.o(.text) referenced from startup_stm32wl55xx_cm4.o(RESET)
 <LI><a href="#[25]">TIM2_IRQHandler</a> from startup_stm32wl55xx_cm4.o(.text) referenced from startup_stm32wl55xx_cm4.o(RESET)
 <LI><a href="#[93]">TIMER_IF_BkUp_Read_Seconds</a> from timer_if.o(.text.TIMER_IF_BkUp_Read_Seconds) referenced from timer_if.o(.rodata.UTIL_SYSTIMDriver)
 <LI><a href="#[95]">TIMER_IF_BkUp_Read_SubSeconds</a> from timer_if.o(.text.TIMER_IF_BkUp_Read_SubSeconds) referenced from timer_if.o(.rodata.UTIL_SYSTIMDriver)
 <LI><a href="#[92]">TIMER_IF_BkUp_Write_Seconds</a> from timer_if.o(.text.TIMER_IF_BkUp_Write_Seconds) referenced from timer_if.o(.rodata.UTIL_SYSTIMDriver)
 <LI><a href="#[94]">TIMER_IF_BkUp_Write_SubSeconds</a> from timer_if.o(.text.TIMER_IF_BkUp_Write_SubSeconds) referenced from timer_if.o(.rodata.UTIL_SYSTIMDriver)
 <LI><a href="#[a0]">TIMER_IF_Convert_Tick2ms</a> from timer_if.o(.text.TIMER_IF_Convert_Tick2ms) referenced from timer_if.o(.rodata.UTIL_TimerDriver)
 <LI><a href="#[9f]">TIMER_IF_Convert_ms2Tick</a> from timer_if.o(.text.TIMER_IF_Convert_ms2Tick) referenced from timer_if.o(.rodata.UTIL_TimerDriver)
 <LI><a href="#[9e]">TIMER_IF_GetMinimumTimeout</a> from timer_if.o(.text.TIMER_IF_GetMinimumTimeout) referenced from timer_if.o(.rodata.UTIL_TimerDriver)
 <LI><a href="#[96]">TIMER_IF_GetTime</a> from timer_if.o(.text.TIMER_IF_GetTime) referenced from timer_if.o(.rodata.UTIL_SYSTIMDriver)
 <LI><a href="#[9b]">TIMER_IF_GetTimerContext</a> from timer_if.o(.text.TIMER_IF_GetTimerContext) referenced from timer_if.o(.rodata.UTIL_TimerDriver)
 <LI><a href="#[9c]">TIMER_IF_GetTimerElapsedTime</a> from timer_if.o(.text.TIMER_IF_GetTimerElapsedTime) referenced from timer_if.o(.rodata.UTIL_TimerDriver)
 <LI><a href="#[9d]">TIMER_IF_GetTimerValue</a> from timer_if.o(.text.TIMER_IF_GetTimerValue) referenced from timer_if.o(.rodata.UTIL_TimerDriver)
 <LI><a href="#[97]">TIMER_IF_Init</a> from timer_if.o(.text.TIMER_IF_Init) referenced from timer_if.o(.rodata.UTIL_TimerDriver)
 <LI><a href="#[9a]">TIMER_IF_SetTimerContext</a> from timer_if.o(.text.TIMER_IF_SetTimerContext) referenced from timer_if.o(.rodata.UTIL_TimerDriver)
 <LI><a href="#[98]">TIMER_IF_StartTimer</a> from timer_if.o(.text.TIMER_IF_StartTimer) referenced from timer_if.o(.rodata.UTIL_TimerDriver)
 <LI><a href="#[99]">TIMER_IF_StopTimer</a> from timer_if.o(.text.TIMER_IF_StopTimer) referenced from timer_if.o(.rodata.UTIL_TimerDriver)
 <LI><a href="#[69]">TRACE_TxCpltCallback</a> from stm32_adv_trace.o(.text.TRACE_TxCpltCallback) referenced from stm32_adv_trace.o(.text.UTIL_ADV_TRACE_Init)
 <LI><a href="#[64]">TimestampNow</a> from sys_app.o(.text.TimestampNow) referenced from sys_app.o(.text.SystemApp_Init)
 <LI><a href="#[50]">UART_DMAAbortOnError</a> from stm32wlxx_hal_uart.o(.text.UART_DMAAbortOnError) referenced from stm32wlxx_hal_uart.o(.text.HAL_UART_IRQHandler)
 <LI><a href="#[51]">UART_DMAError</a> from stm32wlxx_hal_uart.o(.text.UART_DMAError) referenced from stm32wlxx_hal_uart.o(.text.HAL_UART_Transmit_DMA)
 <LI><a href="#[53]">UART_DMATransmitCplt</a> from stm32wlxx_hal_uart.o(.text.UART_DMATransmitCplt) referenced from stm32wlxx_hal_uart.o(.text.HAL_UART_Transmit_DMA)
 <LI><a href="#[52]">UART_DMATxHalfCplt</a> from stm32wlxx_hal_uart.o(.text.UART_DMATxHalfCplt) referenced from stm32wlxx_hal_uart.o(.text.HAL_UART_Transmit_DMA)
 <LI><a href="#[65]">UART_RxISR_16BIT</a> from stm32wlxx_hal_uart.o(.text.UART_RxISR_16BIT) referenced from stm32wlxx_hal_uart.o(.text.UART_RxISR_16BIT_FIFOEN)
 <LI><a href="#[65]">UART_RxISR_16BIT</a> from stm32wlxx_hal_uart.o(.text.UART_RxISR_16BIT) referenced from stm32wlxx_hal_uart.o(.text.UART_Start_Receive_IT)
 <LI><a href="#[66]">UART_RxISR_16BIT_FIFOEN</a> from stm32wlxx_hal_uart.o(.text.UART_RxISR_16BIT_FIFOEN) referenced from stm32wlxx_hal_uart.o(.text.UART_Start_Receive_IT)
 <LI><a href="#[68]">UART_RxISR_8BIT</a> from stm32wlxx_hal_uart.o(.text.UART_RxISR_8BIT) referenced from stm32wlxx_hal_uart.o(.text.UART_Start_Receive_IT)
 <LI><a href="#[67]">UART_RxISR_8BIT_FIFOEN</a> from stm32wlxx_hal_uart.o(.text.UART_RxISR_8BIT_FIFOEN) referenced from stm32wlxx_hal_uart.o(.text.UART_Start_Receive_IT)
 <LI><a href="#[2e]">USART1_IRQHandler</a> from stm32wlxx_it.o(.text.USART1_IRQHandler) referenced from startup_stm32wl55xx_cm4.o(RESET)
 <LI><a href="#[2f]">USART2_IRQHandler</a> from stm32wlxx_it.o(.text.USART2_IRQHandler) referenced from startup_stm32wl55xx_cm4.o(RESET)
 <LI><a href="#[5a]">UTIL_ADV_TRACE_COND_FSend</a> from stm32_adv_trace.o(.text.UTIL_ADV_TRACE_COND_FSend) referenced from subghz_phy_app.o(.text.SubghzApp_Init)
 <LI><a href="#[5]">UsageFault_Handler</a> from stm32wlxx_it.o(.text.UsageFault_Handler) referenced from startup_stm32wl55xx_cm4.o(RESET)
 <LI><a href="#[a]">WWDG_IRQHandler</a> from startup_stm32wl55xx_cm4.o(.text) referenced from startup_stm32wl55xx_cm4.o(RESET)
 <LI><a href="#[4a]">__main</a> from entry.o(.ARM.Collect$$$$00000000) referenced from startup_stm32wl55xx_cm4.o(.text)
 <LI><a href="#[6a]">fputc</a> from main.o(.text.fputc) referenced from printf2.o(i.__0printf$2)
 <LI><a href="#[48]">main</a> from main.o(.text.main) referenced from entry9a.o(.ARM.Collect$$$$0000000B)
 <LI><a href="#[a2]">vcom_DeInit</a> from usart_if.o(.text.vcom_DeInit) referenced from usart_if.o(.rodata.UTIL_TraceDriver)
 <LI><a href="#[a1]">vcom_Init</a> from usart_if.o(.text.vcom_Init) referenced from usart_if.o(.rodata.UTIL_TraceDriver)
 <LI><a href="#[a3]">vcom_ReceiveInit</a> from usart_if.o(.text.vcom_ReceiveInit) referenced from usart_if.o(.rodata.UTIL_TraceDriver)
 <LI><a href="#[a4]">vcom_Trace_DMA</a> from usart_if.o(.text.vcom_Trace_DMA) referenced from usart_if.o(.rodata.UTIL_TraceDriver)
</UL>
<P>
<H3>
Global Symbols
</H3>
<P><STRONG><a name="[4a]"></a>__main</STRONG> (Thumb, 0 bytes, Stack size unknown bytes, entry.o(.ARM.Collect$$$$00000000))
<BR>[Address Reference Count : 1]<UL><LI> startup_stm32wl55xx_cm4.o(.text)
</UL>
<P><STRONG><a name="[242]"></a>_main_stk</STRONG> (Thumb, 0 bytes, Stack size unknown bytes, entry2.o(.ARM.Collect$$$$00000001))

<P><STRONG><a name="[a5]"></a>_main_scatterload</STRONG> (Thumb, 0 bytes, Stack size unknown bytes, entry5.o(.ARM.Collect$$$$00000004))
<BR><BR>[Calls]<UL><LI><a href="#[a6]">&gt;&gt;</a>&nbsp;&nbsp;&nbsp;__scatterload
</UL>

<P><STRONG><a name="[af]"></a>__main_after_scatterload</STRONG> (Thumb, 0 bytes, Stack size unknown bytes, entry5.o(.ARM.Collect$$$$00000004))
<BR><BR>[Called By]<UL><LI><a href="#[a6]">&gt;&gt;</a>&nbsp;&nbsp;&nbsp;__scatterload
</UL>

<P><STRONG><a name="[243]"></a>_main_clock</STRONG> (Thumb, 0 bytes, Stack size unknown bytes, entry7b.o(.ARM.Collect$$$$00000008))

<P><STRONG><a name="[244]"></a>_main_cpp_init</STRONG> (Thumb, 0 bytes, Stack size unknown bytes, entry8b.o(.ARM.Collect$$$$0000000A))

<P><STRONG><a name="[245]"></a>_main_init</STRONG> (Thumb, 0 bytes, Stack size unknown bytes, entry9a.o(.ARM.Collect$$$$0000000B))

<P><STRONG><a name="[246]"></a>__rt_final_cpp</STRONG> (Thumb, 0 bytes, Stack size unknown bytes, entry10a.o(.ARM.Collect$$$$0000000D))

<P><STRONG><a name="[247]"></a>__rt_final_exit</STRONG> (Thumb, 0 bytes, Stack size unknown bytes, entry11a.o(.ARM.Collect$$$$0000000F))

<P><STRONG><a name="[0]"></a>Reset_Handler</STRONG> (Thumb, 8 bytes, Stack size 0 bytes, startup_stm32wl55xx_cm4.o(.text))
<BR>[Address Reference Count : 1]<UL><LI> startup_stm32wl55xx_cm4.o(RESET)
</UL>
<P><STRONG><a name="[1c]"></a>ADC_IRQHandler</STRONG> (Thumb, 0 bytes, Stack size 0 bytes, startup_stm32wl55xx_cm4.o(.text))
<BR><BR>[Calls]<UL><LI><a href="#[1c]">&gt;&gt;</a>&nbsp;&nbsp;&nbsp;ADC_IRQHandler
</UL>
<BR>[Called By]<UL><LI><a href="#[1c]">&gt;&gt;</a>&nbsp;&nbsp;&nbsp;ADC_IRQHandler
</UL>
<BR>[Address Reference Count : 1]<UL><LI> startup_stm32wl55xx_cm4.o(RESET)
</UL>
<P><STRONG><a name="[3d]"></a>AES_IRQHandler</STRONG> (Thumb, 0 bytes, Stack size 0 bytes, startup_stm32wl55xx_cm4.o(.text))
<BR>[Address Reference Count : 1]<UL><LI> startup_stm32wl55xx_cm4.o(RESET)
</UL>
<P><STRONG><a name="[1e]"></a>C2SEV_PWR_C2H_IRQHandler</STRONG> (Thumb, 0 bytes, Stack size 0 bytes, startup_stm32wl55xx_cm4.o(.text))
<BR>[Address Reference Count : 1]<UL><LI> startup_stm32wl55xx_cm4.o(RESET)
</UL>
<P><STRONG><a name="[1f]"></a>COMP_IRQHandler</STRONG> (Thumb, 0 bytes, Stack size 0 bytes, startup_stm32wl55xx_cm4.o(.text))
<BR>[Address Reference Count : 1]<UL><LI> startup_stm32wl55xx_cm4.o(RESET)
</UL>
<P><STRONG><a name="[1d]"></a>DAC_IRQHandler</STRONG> (Thumb, 0 bytes, Stack size 0 bytes, startup_stm32wl55xx_cm4.o(.text))
<BR>[Address Reference Count : 1]<UL><LI> startup_stm32wl55xx_cm4.o(RESET)
</UL>
<P><STRONG><a name="[16]"></a>DMA1_Channel2_IRQHandler</STRONG> (Thumb, 0 bytes, Stack size 0 bytes, startup_stm32wl55xx_cm4.o(.text))
<BR>[Address Reference Count : 1]<UL><LI> startup_stm32wl55xx_cm4.o(RESET)
</UL>
<P><STRONG><a name="[17]"></a>DMA1_Channel3_IRQHandler</STRONG> (Thumb, 0 bytes, Stack size 0 bytes, startup_stm32wl55xx_cm4.o(.text))
<BR>[Address Reference Count : 1]<UL><LI> startup_stm32wl55xx_cm4.o(RESET)
</UL>
<P><STRONG><a name="[18]"></a>DMA1_Channel4_IRQHandler</STRONG> (Thumb, 0 bytes, Stack size 0 bytes, startup_stm32wl55xx_cm4.o(.text))
<BR>[Address Reference Count : 1]<UL><LI> startup_stm32wl55xx_cm4.o(RESET)
</UL>
<P><STRONG><a name="[1a]"></a>DMA1_Channel6_IRQHandler</STRONG> (Thumb, 0 bytes, Stack size 0 bytes, startup_stm32wl55xx_cm4.o(.text))
<BR>[Address Reference Count : 1]<UL><LI> startup_stm32wl55xx_cm4.o(RESET)
</UL>
<P><STRONG><a name="[1b]"></a>DMA1_Channel7_IRQHandler</STRONG> (Thumb, 0 bytes, Stack size 0 bytes, startup_stm32wl55xx_cm4.o(.text))
<BR>[Address Reference Count : 1]<UL><LI> startup_stm32wl55xx_cm4.o(RESET)
</UL>
<P><STRONG><a name="[40]"></a>DMA2_Channel1_IRQHandler</STRONG> (Thumb, 0 bytes, Stack size 0 bytes, startup_stm32wl55xx_cm4.o(.text))
<BR>[Address Reference Count : 1]<UL><LI> startup_stm32wl55xx_cm4.o(RESET)
</UL>
<P><STRONG><a name="[41]"></a>DMA2_Channel2_IRQHandler</STRONG> (Thumb, 0 bytes, Stack size 0 bytes, startup_stm32wl55xx_cm4.o(.text))
<BR>[Address Reference Count : 1]<UL><LI> startup_stm32wl55xx_cm4.o(RESET)
</UL>
<P><STRONG><a name="[42]"></a>DMA2_Channel3_IRQHandler</STRONG> (Thumb, 0 bytes, Stack size 0 bytes, startup_stm32wl55xx_cm4.o(.text))
<BR>[Address Reference Count : 1]<UL><LI> startup_stm32wl55xx_cm4.o(RESET)
</UL>
<P><STRONG><a name="[43]"></a>DMA2_Channel4_IRQHandler</STRONG> (Thumb, 0 bytes, Stack size 0 bytes, startup_stm32wl55xx_cm4.o(.text))
<BR>[Address Reference Count : 1]<UL><LI> startup_stm32wl55xx_cm4.o(RESET)
</UL>
<P><STRONG><a name="[44]"></a>DMA2_Channel5_IRQHandler</STRONG> (Thumb, 0 bytes, Stack size 0 bytes, startup_stm32wl55xx_cm4.o(.text))
<BR>[Address Reference Count : 1]<UL><LI> startup_stm32wl55xx_cm4.o(RESET)
</UL>
<P><STRONG><a name="[45]"></a>DMA2_Channel6_IRQHandler</STRONG> (Thumb, 0 bytes, Stack size 0 bytes, startup_stm32wl55xx_cm4.o(.text))
<BR>[Address Reference Count : 1]<UL><LI> startup_stm32wl55xx_cm4.o(RESET)
</UL>
<P><STRONG><a name="[46]"></a>DMA2_Channel7_IRQHandler</STRONG> (Thumb, 0 bytes, Stack size 0 bytes, startup_stm32wl55xx_cm4.o(.text))
<BR>[Address Reference Count : 1]<UL><LI> startup_stm32wl55xx_cm4.o(RESET)
</UL>
<P><STRONG><a name="[47]"></a>DMAMUX1_OVR_IRQHandler</STRONG> (Thumb, 0 bytes, Stack size 0 bytes, startup_stm32wl55xx_cm4.o(.text))
<BR>[Address Reference Count : 1]<UL><LI> startup_stm32wl55xx_cm4.o(RESET)
</UL>
<P><STRONG><a name="[10]"></a>EXTI0_IRQHandler</STRONG> (Thumb, 0 bytes, Stack size 0 bytes, startup_stm32wl55xx_cm4.o(.text))
<BR>[Address Reference Count : 1]<UL><LI> startup_stm32wl55xx_cm4.o(RESET)
</UL>
<P><STRONG><a name="[11]"></a>EXTI1_IRQHandler</STRONG> (Thumb, 0 bytes, Stack size 0 bytes, startup_stm32wl55xx_cm4.o(.text))
<BR>[Address Reference Count : 1]<UL><LI> startup_stm32wl55xx_cm4.o(RESET)
</UL>
<P><STRONG><a name="[12]"></a>EXTI2_IRQHandler</STRONG> (Thumb, 0 bytes, Stack size 0 bytes, startup_stm32wl55xx_cm4.o(.text))
<BR>[Address Reference Count : 1]<UL><LI> startup_stm32wl55xx_cm4.o(RESET)
</UL>
<P><STRONG><a name="[13]"></a>EXTI3_IRQHandler</STRONG> (Thumb, 0 bytes, Stack size 0 bytes, startup_stm32wl55xx_cm4.o(.text))
<BR>[Address Reference Count : 1]<UL><LI> startup_stm32wl55xx_cm4.o(RESET)
</UL>
<P><STRONG><a name="[14]"></a>EXTI4_IRQHandler</STRONG> (Thumb, 0 bytes, Stack size 0 bytes, startup_stm32wl55xx_cm4.o(.text))
<BR>[Address Reference Count : 1]<UL><LI> startup_stm32wl55xx_cm4.o(RESET)
</UL>
<P><STRONG><a name="[20]"></a>EXTI9_5_IRQHandler</STRONG> (Thumb, 0 bytes, Stack size 0 bytes, startup_stm32wl55xx_cm4.o(.text))
<BR>[Address Reference Count : 1]<UL><LI> startup_stm32wl55xx_cm4.o(RESET)
</UL>
<P><STRONG><a name="[e]"></a>FLASH_IRQHandler</STRONG> (Thumb, 0 bytes, Stack size 0 bytes, startup_stm32wl55xx_cm4.o(.text))
<BR>[Address Reference Count : 1]<UL><LI> startup_stm32wl55xx_cm4.o(RESET)
</UL>
<P><STRONG><a name="[39]"></a>HSEM_IRQHandler</STRONG> (Thumb, 0 bytes, Stack size 0 bytes, startup_stm32wl55xx_cm4.o(.text))
<BR>[Address Reference Count : 1]<UL><LI> startup_stm32wl55xx_cm4.o(RESET)
</UL>
<P><STRONG><a name="[29]"></a>I2C1_ER_IRQHandler</STRONG> (Thumb, 0 bytes, Stack size 0 bytes, startup_stm32wl55xx_cm4.o(.text))
<BR>[Address Reference Count : 1]<UL><LI> startup_stm32wl55xx_cm4.o(RESET)
</UL>
<P><STRONG><a name="[28]"></a>I2C1_EV_IRQHandler</STRONG> (Thumb, 0 bytes, Stack size 0 bytes, startup_stm32wl55xx_cm4.o(.text))
<BR>[Address Reference Count : 1]<UL><LI> startup_stm32wl55xx_cm4.o(RESET)
</UL>
<P><STRONG><a name="[2b]"></a>I2C2_ER_IRQHandler</STRONG> (Thumb, 0 bytes, Stack size 0 bytes, startup_stm32wl55xx_cm4.o(.text))
<BR>[Address Reference Count : 1]<UL><LI> startup_stm32wl55xx_cm4.o(RESET)
</UL>
<P><STRONG><a name="[2a]"></a>I2C2_EV_IRQHandler</STRONG> (Thumb, 0 bytes, Stack size 0 bytes, startup_stm32wl55xx_cm4.o(.text))
<BR>[Address Reference Count : 1]<UL><LI> startup_stm32wl55xx_cm4.o(RESET)
</UL>
<P><STRONG><a name="[3b]"></a>I2C3_ER_IRQHandler</STRONG> (Thumb, 0 bytes, Stack size 0 bytes, startup_stm32wl55xx_cm4.o(.text))
<BR>[Address Reference Count : 1]<UL><LI> startup_stm32wl55xx_cm4.o(RESET)
</UL>
<P><STRONG><a name="[3a]"></a>I2C3_EV_IRQHandler</STRONG> (Thumb, 0 bytes, Stack size 0 bytes, startup_stm32wl55xx_cm4.o(.text))
<BR>[Address Reference Count : 1]<UL><LI> startup_stm32wl55xx_cm4.o(RESET)
</UL>
<P><STRONG><a name="[37]"></a>IPCC_C1_RX_IRQHandler</STRONG> (Thumb, 0 bytes, Stack size 0 bytes, startup_stm32wl55xx_cm4.o(.text))
<BR>[Address Reference Count : 1]<UL><LI> startup_stm32wl55xx_cm4.o(RESET)
</UL>
<P><STRONG><a name="[38]"></a>IPCC_C1_TX_IRQHandler</STRONG> (Thumb, 0 bytes, Stack size 0 bytes, startup_stm32wl55xx_cm4.o(.text))
<BR>[Address Reference Count : 1]<UL><LI> startup_stm32wl55xx_cm4.o(RESET)
</UL>
<P><STRONG><a name="[31]"></a>LPTIM1_IRQHandler</STRONG> (Thumb, 0 bytes, Stack size 0 bytes, startup_stm32wl55xx_cm4.o(.text))
<BR>[Address Reference Count : 1]<UL><LI> startup_stm32wl55xx_cm4.o(RESET)
</UL>
<P><STRONG><a name="[32]"></a>LPTIM2_IRQHandler</STRONG> (Thumb, 0 bytes, Stack size 0 bytes, startup_stm32wl55xx_cm4.o(.text))
<BR>[Address Reference Count : 1]<UL><LI> startup_stm32wl55xx_cm4.o(RESET)
</UL>
<P><STRONG><a name="[35]"></a>LPTIM3_IRQHandler</STRONG> (Thumb, 0 bytes, Stack size 0 bytes, startup_stm32wl55xx_cm4.o(.text))
<BR>[Address Reference Count : 1]<UL><LI> startup_stm32wl55xx_cm4.o(RESET)
</UL>
<P><STRONG><a name="[30]"></a>LPUART1_IRQHandler</STRONG> (Thumb, 0 bytes, Stack size 0 bytes, startup_stm32wl55xx_cm4.o(.text))
<BR>[Address Reference Count : 1]<UL><LI> startup_stm32wl55xx_cm4.o(RESET)
</UL>
<P><STRONG><a name="[3f]"></a>PKA_IRQHandler</STRONG> (Thumb, 0 bytes, Stack size 0 bytes, startup_stm32wl55xx_cm4.o(.text))
<BR>[Address Reference Count : 1]<UL><LI> startup_stm32wl55xx_cm4.o(RESET)
</UL>
<P><STRONG><a name="[b]"></a>PVD_PVM_IRQHandler</STRONG> (Thumb, 0 bytes, Stack size 0 bytes, startup_stm32wl55xx_cm4.o(.text))
<BR>[Address Reference Count : 1]<UL><LI> startup_stm32wl55xx_cm4.o(RESET)
</UL>
<P><STRONG><a name="[f]"></a>RCC_IRQHandler</STRONG> (Thumb, 0 bytes, Stack size 0 bytes, startup_stm32wl55xx_cm4.o(.text))
<BR>[Address Reference Count : 1]<UL><LI> startup_stm32wl55xx_cm4.o(RESET)
</UL>
<P><STRONG><a name="[3e]"></a>RNG_IRQHandler</STRONG> (Thumb, 0 bytes, Stack size 0 bytes, startup_stm32wl55xx_cm4.o(.text))
<BR>[Address Reference Count : 1]<UL><LI> startup_stm32wl55xx_cm4.o(RESET)
</UL>
<P><STRONG><a name="[d]"></a>RTC_WKUP_IRQHandler</STRONG> (Thumb, 0 bytes, Stack size 0 bytes, startup_stm32wl55xx_cm4.o(.text))
<BR>[Address Reference Count : 1]<UL><LI> startup_stm32wl55xx_cm4.o(RESET)
</UL>
<P><STRONG><a name="[2c]"></a>SPI1_IRQHandler</STRONG> (Thumb, 0 bytes, Stack size 0 bytes, startup_stm32wl55xx_cm4.o(.text))
<BR>[Address Reference Count : 1]<UL><LI> startup_stm32wl55xx_cm4.o(RESET)
</UL>
<P><STRONG><a name="[2d]"></a>SPI2_IRQHandler</STRONG> (Thumb, 0 bytes, Stack size 0 bytes, startup_stm32wl55xx_cm4.o(.text))
<BR>[Address Reference Count : 1]<UL><LI> startup_stm32wl55xx_cm4.o(RESET)
</UL>
<P><STRONG><a name="[36]"></a>SUBGHZSPI_IRQHandler</STRONG> (Thumb, 0 bytes, Stack size 0 bytes, startup_stm32wl55xx_cm4.o(.text))
<BR>[Address Reference Count : 1]<UL><LI> startup_stm32wl55xx_cm4.o(RESET)
</UL>
<P><STRONG><a name="[26]"></a>TIM16_IRQHandler</STRONG> (Thumb, 0 bytes, Stack size 0 bytes, startup_stm32wl55xx_cm4.o(.text))
<BR>[Address Reference Count : 1]<UL><LI> startup_stm32wl55xx_cm4.o(RESET)
</UL>
<P><STRONG><a name="[27]"></a>TIM17_IRQHandler</STRONG> (Thumb, 0 bytes, Stack size 0 bytes, startup_stm32wl55xx_cm4.o(.text))
<BR>[Address Reference Count : 1]<UL><LI> startup_stm32wl55xx_cm4.o(RESET)
</UL>
<P><STRONG><a name="[21]"></a>TIM1_BRK_IRQHandler</STRONG> (Thumb, 0 bytes, Stack size 0 bytes, startup_stm32wl55xx_cm4.o(.text))
<BR>[Address Reference Count : 1]<UL><LI> startup_stm32wl55xx_cm4.o(RESET)
</UL>
<P><STRONG><a name="[24]"></a>TIM1_CC_IRQHandler</STRONG> (Thumb, 0 bytes, Stack size 0 bytes, startup_stm32wl55xx_cm4.o(.text))
<BR>[Address Reference Count : 1]<UL><LI> startup_stm32wl55xx_cm4.o(RESET)
</UL>
<P><STRONG><a name="[23]"></a>TIM1_TRG_COM_IRQHandler</STRONG> (Thumb, 0 bytes, Stack size 0 bytes, startup_stm32wl55xx_cm4.o(.text))
<BR>[Address Reference Count : 1]<UL><LI> startup_stm32wl55xx_cm4.o(RESET)
</UL>
<P><STRONG><a name="[22]"></a>TIM1_UP_IRQHandler</STRONG> (Thumb, 0 bytes, Stack size 0 bytes, startup_stm32wl55xx_cm4.o(.text))
<BR>[Address Reference Count : 1]<UL><LI> startup_stm32wl55xx_cm4.o(RESET)
</UL>
<P><STRONG><a name="[25]"></a>TIM2_IRQHandler</STRONG> (Thumb, 0 bytes, Stack size 0 bytes, startup_stm32wl55xx_cm4.o(.text))
<BR>[Address Reference Count : 1]<UL><LI> startup_stm32wl55xx_cm4.o(RESET)
</UL>
<P><STRONG><a name="[a]"></a>WWDG_IRQHandler</STRONG> (Thumb, 0 bytes, Stack size 0 bytes, startup_stm32wl55xx_cm4.o(.text))
<BR>[Address Reference Count : 1]<UL><LI> startup_stm32wl55xx_cm4.o(RESET)
</UL>
<P><STRONG><a name="[a7]"></a>__aeabi_uldivmod</STRONG> (Thumb, 98 bytes, Stack size 40 bytes, uldiv.o(.text))
<BR><BR>[Stack]<UL><LI>Max Depth = 40<LI>Call Chain = __aeabi_uldivmod
</UL>
<BR>[Calls]<UL><LI><a href="#[a8]">&gt;&gt;</a>&nbsp;&nbsp;&nbsp;__aeabi_llsr
<LI><a href="#[a9]">&gt;&gt;</a>&nbsp;&nbsp;&nbsp;__aeabi_llsl
</UL>
<BR>[Called By]<UL><LI><a href="#[194]">&gt;&gt;</a>&nbsp;&nbsp;&nbsp;OUTLINED_FUNCTION_0
<LI><a href="#[19c]">&gt;&gt;</a>&nbsp;&nbsp;&nbsp;UART_SetConfig
<LI><a href="#[1ed]">&gt;&gt;</a>&nbsp;&nbsp;&nbsp;SUBGRF_SetModulationParams
<LI><a href="#[1de]">&gt;&gt;</a>&nbsp;&nbsp;&nbsp;SUBGRF_SetRfFrequency
</UL>

<P><STRONG><a name="[1b6]"></a>__aeabi_memcpy</STRONG> (Thumb, 36 bytes, Stack size 0 bytes, memcpya.o(.text))
<BR><BR>[Called By]<UL><LI><a href="#[1bd]">&gt;&gt;</a>&nbsp;&nbsp;&nbsp;proccess_cmd
<LI><a href="#[5e]">&gt;&gt;</a>&nbsp;&nbsp;&nbsp;OnRxDone
</UL>

<P><STRONG><a name="[1bb]"></a>__aeabi_memcpy4</STRONG> (Thumb, 0 bytes, Stack size 0 bytes, memcpya.o(.text))
<BR><BR>[Called By]<UL><LI><a href="#[62]">&gt;&gt;</a>&nbsp;&nbsp;&nbsp;PingPong_Process
</UL>

<P><STRONG><a name="[248]"></a>__aeabi_memcpy8</STRONG> (Thumb, 0 bytes, Stack size 0 bytes, memcpya.o(.text), UNUSED)

<P><STRONG><a name="[ab]"></a>__aeabi_memset</STRONG> (Thumb, 14 bytes, Stack size 0 bytes, memseta.o(.text), UNUSED)
<BR><BR>[Called By]<UL><LI><a href="#[ac]">&gt;&gt;</a>&nbsp;&nbsp;&nbsp;_memset$wrapper
<LI><a href="#[aa]">&gt;&gt;</a>&nbsp;&nbsp;&nbsp;__aeabi_memclr
</UL>

<P><STRONG><a name="[249]"></a>__aeabi_memset4</STRONG> (Thumb, 0 bytes, Stack size 0 bytes, memseta.o(.text), UNUSED)

<P><STRONG><a name="[24a]"></a>__aeabi_memset8</STRONG> (Thumb, 0 bytes, Stack size 0 bytes, memseta.o(.text), UNUSED)

<P><STRONG><a name="[aa]"></a>__aeabi_memclr</STRONG> (Thumb, 4 bytes, Stack size 0 bytes, memseta.o(.text), UNUSED)
<BR><BR>[Calls]<UL><LI><a href="#[ab]">&gt;&gt;</a>&nbsp;&nbsp;&nbsp;__aeabi_memset
</UL>

<P><STRONG><a name="[fa]"></a>__aeabi_memclr4</STRONG> (Thumb, 0 bytes, Stack size 0 bytes, memseta.o(.text))
<BR><BR>[Called By]<UL><LI><a href="#[63]">&gt;&gt;</a>&nbsp;&nbsp;&nbsp;ProccessCmd
<LI><a href="#[5e]">&gt;&gt;</a>&nbsp;&nbsp;&nbsp;OnRxDone
<LI><a href="#[18f]">&gt;&gt;</a>&nbsp;&nbsp;&nbsp;SubghzApp_Init
<LI><a href="#[17e]">&gt;&gt;</a>&nbsp;&nbsp;&nbsp;HAL_UART_MspInit
<LI><a href="#[193]">&gt;&gt;</a>&nbsp;&nbsp;&nbsp;MX_USART1_UART_Init
<LI><a href="#[98]">&gt;&gt;</a>&nbsp;&nbsp;&nbsp;TIMER_IF_StartTimer
<LI><a href="#[f7]">&gt;&gt;</a>&nbsp;&nbsp;&nbsp;HAL_RTC_MspInit
<LI><a href="#[18b]">&gt;&gt;</a>&nbsp;&nbsp;&nbsp;MX_RTC_Init
<LI><a href="#[214]">&gt;&gt;</a>&nbsp;&nbsp;&nbsp;SystemClock_Config
</UL>

<P><STRONG><a name="[24b]"></a>__aeabi_memclr8</STRONG> (Thumb, 0 bytes, Stack size 0 bytes, memseta.o(.text), UNUSED)

<P><STRONG><a name="[ac]"></a>_memset$wrapper</STRONG> (Thumb, 18 bytes, Stack size 8 bytes, memseta.o(.text), UNUSED)
<BR><BR>[Calls]<UL><LI><a href="#[ab]">&gt;&gt;</a>&nbsp;&nbsp;&nbsp;__aeabi_memset
</UL>

<P><STRONG><a name="[197]"></a>strncpy</STRONG> (Thumb, 24 bytes, Stack size 8 bytes, strncpy.o(.text))
<BR><BR>[Stack]<UL><LI>Max Depth = 8<LI>Call Chain = strncpy
</UL>
<BR>[Called By]<UL><LI><a href="#[196]">&gt;&gt;</a>&nbsp;&nbsp;&nbsp;OUTLINED_FUNCTION_0
<LI><a href="#[1bd]">&gt;&gt;</a>&nbsp;&nbsp;&nbsp;proccess_cmd
</UL>

<P><STRONG><a name="[23e]"></a>strchr</STRONG> (Thumb, 20 bytes, Stack size 0 bytes, strchr.o(.text))
<BR><BR>[Called By]<UL><LI><a href="#[23d]">&gt;&gt;</a>&nbsp;&nbsp;&nbsp;getIndex
</UL>

<P><STRONG><a name="[be]"></a>strlen</STRONG> (Thumb, 14 bytes, Stack size 0 bytes, strlen.o(.text))
<BR><BR>[Called By]<UL><LI><a href="#[1bd]">&gt;&gt;</a>&nbsp;&nbsp;&nbsp;proccess_cmd
<LI><a href="#[59]">&gt;&gt;</a>&nbsp;&nbsp;&nbsp;CMD_GetChar
<LI><a href="#[63]">&gt;&gt;</a>&nbsp;&nbsp;&nbsp;ProccessCmd
<LI><a href="#[232]">&gt;&gt;</a>&nbsp;&nbsp;&nbsp;tiny_vsnprintf_like
<LI><a href="#[64]">&gt;&gt;</a>&nbsp;&nbsp;&nbsp;TimestampNow
</UL>

<P><STRONG><a name="[1bc]"></a>memcmp</STRONG> (Thumb, 26 bytes, Stack size 12 bytes, memcmp.o(.text))
<BR><BR>[Stack]<UL><LI>Max Depth = 12<LI>Call Chain = memcmp
</UL>
<BR>[Called By]<UL><LI><a href="#[1bd]">&gt;&gt;</a>&nbsp;&nbsp;&nbsp;proccess_cmd
<LI><a href="#[62]">&gt;&gt;</a>&nbsp;&nbsp;&nbsp;PingPong_Process
</UL>

<P><STRONG><a name="[23c]"></a>strncmp</STRONG> (Thumb, 30 bytes, Stack size 12 bytes, strncmp.o(.text))
<BR><BR>[Stack]<UL><LI>Max Depth = 12<LI>Call Chain = strncmp
</UL>
<BR>[Called By]<UL><LI><a href="#[23b]">&gt;&gt;</a>&nbsp;&nbsp;&nbsp;checkCmdType
</UL>

<P><STRONG><a name="[ad]"></a>calloc</STRONG> (Thumb, 28 bytes, Stack size 8 bytes, calloc.o(.text))
<BR><BR>[Stack]<UL><LI>Max Depth = 28<LI>Call Chain = calloc &rArr; malloc
</UL>
<BR>[Calls]<UL><LI><a href="#[ae]">&gt;&gt;</a>&nbsp;&nbsp;&nbsp;malloc
</UL>
<BR>[Called By]<UL><LI><a href="#[63]">&gt;&gt;</a>&nbsp;&nbsp;&nbsp;ProccessCmd
</UL>

<P><STRONG><a name="[a9]"></a>__aeabi_llsl</STRONG> (Thumb, 30 bytes, Stack size 0 bytes, llshl.o(.text))
<BR><BR>[Called By]<UL><LI><a href="#[a7]">&gt;&gt;</a>&nbsp;&nbsp;&nbsp;__aeabi_uldivmod
</UL>

<P><STRONG><a name="[24c]"></a>_ll_shift_l</STRONG> (Thumb, 0 bytes, Stack size 0 bytes, llshl.o(.text), UNUSED)

<P><STRONG><a name="[a8]"></a>__aeabi_llsr</STRONG> (Thumb, 32 bytes, Stack size 0 bytes, llushr.o(.text))
<BR><BR>[Called By]<UL><LI><a href="#[a7]">&gt;&gt;</a>&nbsp;&nbsp;&nbsp;__aeabi_uldivmod
</UL>

<P><STRONG><a name="[24d]"></a>_ll_ushift_r</STRONG> (Thumb, 0 bytes, Stack size 0 bytes, llushr.o(.text), UNUSED)

<P><STRONG><a name="[a6]"></a>__scatterload</STRONG> (Thumb, 28 bytes, Stack size 0 bytes, init.o(.text))
<BR><BR>[Calls]<UL><LI><a href="#[af]">&gt;&gt;</a>&nbsp;&nbsp;&nbsp;__main_after_scatterload
</UL>
<BR>[Called By]<UL><LI><a href="#[a5]">&gt;&gt;</a>&nbsp;&nbsp;&nbsp;_main_scatterload
</UL>

<P><STRONG><a name="[24e]"></a>__scatterload_rt2</STRONG> (Thumb, 0 bytes, Stack size 0 bytes, init.o(.text), UNUSED)

<P><STRONG><a name="[b0]"></a>BSP_LED_Init</STRONG> (Thumb, 64 bytes, Stack size 40 bytes, stm32wlxx_nucleo.o(.text.BSP_LED_Init))
<BR><BR>[Stack]<UL><LI>Max Depth = 80<LI>Call Chain = BSP_LED_Init &rArr; HAL_GPIO_Init
</UL>
<BR>[Calls]<UL><LI><a href="#[4c]">&gt;&gt;</a>&nbsp;&nbsp;&nbsp;HAL_GPIO_WritePin
<LI><a href="#[b1]">&gt;&gt;</a>&nbsp;&nbsp;&nbsp;LL_AHB2_GRP1_EnableClock
<LI><a href="#[4b]">&gt;&gt;</a>&nbsp;&nbsp;&nbsp;HAL_GPIO_Init
</UL>
<BR>[Called By]<UL><LI><a href="#[18f]">&gt;&gt;</a>&nbsp;&nbsp;&nbsp;SubghzApp_Init
</UL>

<P><STRONG><a name="[b2]"></a>BSP_LED_Toggle</STRONG> (Thumb, 24 bytes, Stack size 8 bytes, stm32wlxx_nucleo.o(.text.BSP_LED_Toggle))
<BR><BR>[Stack]<UL><LI>Max Depth = 8<LI>Call Chain = BSP_LED_Toggle
</UL>
<BR>[Calls]<UL><LI><a href="#[b3]">&gt;&gt;</a>&nbsp;&nbsp;&nbsp;HAL_GPIO_TogglePin
</UL>
<BR>[Called By]<UL><LI><a href="#[5b]">&gt;&gt;</a>&nbsp;&nbsp;&nbsp;OnledEvent
</UL>

<P><STRONG><a name="[1c1]"></a>BSP_RADIO_ConfigRFSwitch</STRONG> (Thumb, 60 bytes, Stack size 24 bytes, stm32wlxx_nucleo_radio.o(.text.BSP_RADIO_ConfigRFSwitch))
<BR><BR>[Stack]<UL><LI>Max Depth = 24<LI>Call Chain = BSP_RADIO_ConfigRFSwitch
</UL>
<BR>[Called By]<UL><LI><a href="#[1c0]">&gt;&gt;</a>&nbsp;&nbsp;&nbsp;RBI_ConfigRFSwitch
</UL>

<P><STRONG><a name="[1c3]"></a>BSP_RADIO_GetTxConfig</STRONG> (Thumb, 4 bytes, Stack size 0 bytes, stm32wlxx_nucleo_radio.o(.text.BSP_RADIO_GetTxConfig))
<BR><BR>[Called By]<UL><LI><a href="#[1c2]">&gt;&gt;</a>&nbsp;&nbsp;&nbsp;RBI_GetTxConfig
</UL>

<P><STRONG><a name="[b4]"></a>BSP_RADIO_Init</STRONG> (Thumb, 92 bytes, Stack size 40 bytes, stm32wlxx_nucleo_radio.o(.text.BSP_RADIO_Init))
<BR><BR>[Stack]<UL><LI>Max Depth = 44<LI>Call Chain = BSP_RADIO_Init &rArr; LL_AHB2_GRP1_EnableClock
</UL>
<BR>[Calls]<UL><LI><a href="#[b5]">&gt;&gt;</a>&nbsp;&nbsp;&nbsp;LL_AHB2_GRP1_EnableClock
</UL>
<BR>[Called By]<UL><LI><a href="#[1c4]">&gt;&gt;</a>&nbsp;&nbsp;&nbsp;RBI_Init
</UL>

<P><STRONG><a name="[1c6]"></a>BSP_RADIO_IsDCDC</STRONG> (Thumb, 4 bytes, Stack size 0 bytes, stm32wlxx_nucleo_radio.o(.text.BSP_RADIO_IsDCDC))
<BR><BR>[Called By]<UL><LI><a href="#[1c5]">&gt;&gt;</a>&nbsp;&nbsp;&nbsp;RBI_IsDCDC
</UL>

<P><STRONG><a name="[1c8]"></a>BSP_RADIO_IsTCXO</STRONG> (Thumb, 4 bytes, Stack size 0 bytes, stm32wlxx_nucleo_radio.o(.text.BSP_RADIO_IsTCXO))
<BR><BR>[Called By]<UL><LI><a href="#[1c7]">&gt;&gt;</a>&nbsp;&nbsp;&nbsp;RBI_IsTCXO
</UL>

<P><STRONG><a name="[4]"></a>BusFault_Handler</STRONG> (Thumb, 2 bytes, Stack size 0 bytes, stm32wlxx_it.o(.text.BusFault_Handler))
<BR><BR>[Calls]<UL><LI><a href="#[4]">&gt;&gt;</a>&nbsp;&nbsp;&nbsp;BusFault_Handler
</UL>
<BR>[Called By]<UL><LI><a href="#[4]">&gt;&gt;</a>&nbsp;&nbsp;&nbsp;BusFault_Handler
</UL>
<BR>[Address Reference Count : 1]<UL><LI> startup_stm32wl55xx_cm4.o(RESET)
</UL>
<P><STRONG><a name="[b6]"></a>BuzzDeInit</STRONG> (Thumb, 20 bytes, Stack size 8 bytes, subghz_phy_app.o(.text.BuzzDeInit))
<BR><BR>[Stack]<UL><LI>Max Depth = 52<LI>Call Chain = BuzzDeInit &rArr; HAL_GPIO_DeInit
</UL>
<BR>[Calls]<UL><LI><a href="#[b7]">&gt;&gt;</a>&nbsp;&nbsp;&nbsp;HAL_TIM_Base_DeInit
<LI><a href="#[b8]">&gt;&gt;</a>&nbsp;&nbsp;&nbsp;HAL_GPIO_DeInit
</UL>
<BR>[Called By]<UL><LI><a href="#[bd]">&gt;&gt;</a>&nbsp;&nbsp;&nbsp;Buzz_Slave
<LI><a href="#[b9]">&gt;&gt;</a>&nbsp;&nbsp;&nbsp;Buzz_Master
</UL>

<P><STRONG><a name="[b9]"></a>Buzz_Master</STRONG> (Thumb, 36 bytes, Stack size 8 bytes, subghz_phy_app.o(.text.Buzz_Master))
<BR><BR>[Stack]<UL><LI>Max Depth = 144<LI>Call Chain = Buzz_Master &rArr; MX_TIM2_Init &rArr; HAL_TIM_MspPostInit &rArr; HAL_GPIO_Init
</UL>
<BR>[Calls]<UL><LI><a href="#[b6]">&gt;&gt;</a>&nbsp;&nbsp;&nbsp;BuzzDeInit
<LI><a href="#[bb]">&gt;&gt;</a>&nbsp;&nbsp;&nbsp;HAL_TIM_PWM_Start
<LI><a href="#[4d]">&gt;&gt;</a>&nbsp;&nbsp;&nbsp;HAL_Delay
<LI><a href="#[bc]">&gt;&gt;</a>&nbsp;&nbsp;&nbsp;OUTLINED_FUNCTION_1
<LI><a href="#[ba]">&gt;&gt;</a>&nbsp;&nbsp;&nbsp;MX_TIM2_Init
</UL>
<BR>[Called By]<UL><LI><a href="#[62]">&gt;&gt;</a>&nbsp;&nbsp;&nbsp;PingPong_Process
</UL>

<P><STRONG><a name="[bd]"></a>Buzz_Slave</STRONG> (Thumb, 56 bytes, Stack size 16 bytes, subghz_phy_app.o(.text.Buzz_Slave))
<BR><BR>[Stack]<UL><LI>Max Depth = 152<LI>Call Chain = Buzz_Slave &rArr; MX_TIM2_Init &rArr; HAL_TIM_MspPostInit &rArr; HAL_GPIO_Init
</UL>
<BR>[Calls]<UL><LI><a href="#[b6]">&gt;&gt;</a>&nbsp;&nbsp;&nbsp;BuzzDeInit
<LI><a href="#[bb]">&gt;&gt;</a>&nbsp;&nbsp;&nbsp;HAL_TIM_PWM_Start
<LI><a href="#[bc]">&gt;&gt;</a>&nbsp;&nbsp;&nbsp;OUTLINED_FUNCTION_1
<LI><a href="#[ba]">&gt;&gt;</a>&nbsp;&nbsp;&nbsp;MX_TIM2_Init
</UL>
<BR>[Called By]<UL><LI><a href="#[62]">&gt;&gt;</a>&nbsp;&nbsp;&nbsp;PingPong_Process
</UL>

<P><STRONG><a name="[59]"></a>CMD_GetChar</STRONG> (Thumb, 60 bytes, Stack size 24 bytes, subghz_phy_app.o(.text.CMD_GetChar))
<BR><BR>[Stack]<UL><LI>Max Depth = 48<LI>Call Chain = CMD_GetChar &rArr; SysTimeGet
</UL>
<BR>[Calls]<UL><LI><a href="#[bf]">&gt;&gt;</a>&nbsp;&nbsp;&nbsp;SysTimeGet
<LI><a href="#[be]">&gt;&gt;</a>&nbsp;&nbsp;&nbsp;strlen
</UL>
<BR>[Address Reference Count : 1]<UL><LI> subghz_phy_app.o(.text.SubghzApp_Init)
</UL>
<P><STRONG><a name="[15]"></a>DMA1_Channel1_IRQHandler</STRONG> (Thumb, 8 bytes, Stack size 0 bytes, stm32wlxx_it.o(.text.DMA1_Channel1_IRQHandler))
<BR><BR>[Stack]<UL><LI>Max Depth = 20<LI>Call Chain = DMA1_Channel1_IRQHandler &rArr; HAL_DMA_IRQHandler
</UL>
<BR>[Calls]<UL><LI><a href="#[c0]">&gt;&gt;</a>&nbsp;&nbsp;&nbsp;HAL_DMA_IRQHandler
</UL>
<BR>[Address Reference Count : 1]<UL><LI> startup_stm32wl55xx_cm4.o(RESET)
</UL>
<P><STRONG><a name="[19]"></a>DMA1_Channel5_IRQHandler</STRONG> (Thumb, 20 bytes, Stack size 8 bytes, stm32wlxx_it.o(.text.DMA1_Channel5_IRQHandler))
<BR><BR>[Stack]<UL><LI>Max Depth = 28<LI>Call Chain = DMA1_Channel5_IRQHandler &rArr; HAL_DMA_IRQHandler
</UL>
<BR>[Calls]<UL><LI><a href="#[c0]">&gt;&gt;</a>&nbsp;&nbsp;&nbsp;HAL_DMA_IRQHandler
</UL>
<BR>[Address Reference Count : 1]<UL><LI> startup_stm32wl55xx_cm4.o(RESET)
</UL>
<P><STRONG><a name="[7]"></a>DebugMon_Handler</STRONG> (Thumb, 2 bytes, Stack size 0 bytes, stm32wlxx_it.o(.text.DebugMon_Handler))
<BR>[Address Reference Count : 1]<UL><LI> startup_stm32wl55xx_cm4.o(RESET)
</UL>
<P><STRONG><a name="[33]"></a>EXTI15_10_IRQHandler</STRONG> (Thumb, 8 bytes, Stack size 0 bytes, stm32wlxx_it.o(.text.EXTI15_10_IRQHandler))
<BR><BR>[Calls]<UL><LI><a href="#[c1]">&gt;&gt;</a>&nbsp;&nbsp;&nbsp;HAL_GPIO_EXTI_IRQHandler
</UL>
<BR>[Address Reference Count : 1]<UL><LI> startup_stm32wl55xx_cm4.o(RESET)
</UL>
<P><STRONG><a name="[c2]"></a>Error_Handler</STRONG> (Thumb, 2 bytes, Stack size 0 bytes, main.o(.text.Error_Handler))
<BR><BR>[Calls]<UL><LI><a href="#[c2]">&gt;&gt;</a>&nbsp;&nbsp;&nbsp;Error_Handler
</UL>
<BR>[Called By]<UL><LI><a href="#[17e]">&gt;&gt;</a>&nbsp;&nbsp;&nbsp;HAL_UART_MspInit
<LI><a href="#[193]">&gt;&gt;</a>&nbsp;&nbsp;&nbsp;MX_USART1_UART_Init
<LI><a href="#[98]">&gt;&gt;</a>&nbsp;&nbsp;&nbsp;TIMER_IF_StartTimer
<LI><a href="#[1ba]">&gt;&gt;</a>&nbsp;&nbsp;&nbsp;vcom_Resume
<LI><a href="#[18c]">&gt;&gt;</a>&nbsp;&nbsp;&nbsp;MX_SUBGHZ_Init
<LI><a href="#[f7]">&gt;&gt;</a>&nbsp;&nbsp;&nbsp;HAL_RTC_MspInit
<LI><a href="#[18b]">&gt;&gt;</a>&nbsp;&nbsp;&nbsp;MX_RTC_Init
<LI><a href="#[c2]">&gt;&gt;</a>&nbsp;&nbsp;&nbsp;Error_Handler
</UL>

<P><STRONG><a name="[173]"></a>HAL_DMA_Abort</STRONG> (Thumb, 112 bytes, Stack size 16 bytes, stm32wlxx_hal_dma.o(.text.HAL_DMA_Abort))
<BR><BR>[Stack]<UL><LI>Max Depth = 16<LI>Call Chain = HAL_DMA_Abort
</UL>
<BR>[Called By]<UL><LI><a href="#[167]">&gt;&gt;</a>&nbsp;&nbsp;&nbsp;HAL_UART_IRQHandler
</UL>

<P><STRONG><a name="[170]"></a>HAL_DMA_Abort_IT</STRONG> (Thumb, 108 bytes, Stack size 16 bytes, stm32wlxx_hal_dma.o(.text.HAL_DMA_Abort_IT))
<BR><BR>[Stack]<UL><LI>Max Depth = 16<LI>Call Chain = HAL_DMA_Abort_IT
</UL>
<BR>[Called By]<UL><LI><a href="#[167]">&gt;&gt;</a>&nbsp;&nbsp;&nbsp;HAL_UART_IRQHandler
</UL>

<P><STRONG><a name="[17f]"></a>HAL_DMA_ConfigChannelAttributes</STRONG> (Thumb, 32 bytes, Stack size 0 bytes, stm32wlxx_hal_dma.o(.text.HAL_DMA_ConfigChannelAttributes))
<BR><BR>[Called By]<UL><LI><a href="#[17e]">&gt;&gt;</a>&nbsp;&nbsp;&nbsp;HAL_UART_MspInit
</UL>

<P><STRONG><a name="[c3]"></a>HAL_DMA_DeInit</STRONG> (Thumb, 160 bytes, Stack size 24 bytes, stm32wlxx_hal_dma.o(.text.HAL_DMA_DeInit))
<BR><BR>[Stack]<UL><LI>Max Depth = 32<LI>Call Chain = HAL_DMA_DeInit &rArr; DMA_CalcDMAMUXRequestGenBaseAndMask
</UL>
<BR>[Calls]<UL><LI><a href="#[c5]">&gt;&gt;</a>&nbsp;&nbsp;&nbsp;DMA_CalcDMAMUXRequestGenBaseAndMask
<LI><a href="#[c4]">&gt;&gt;</a>&nbsp;&nbsp;&nbsp;DMA_CalcDMAMUXChannelBaseAndMask
</UL>
<BR>[Called By]<UL><LI><a href="#[12c]">&gt;&gt;</a>&nbsp;&nbsp;&nbsp;HAL_TIM_Base_MspDeInit
<LI><a href="#[17c]">&gt;&gt;</a>&nbsp;&nbsp;&nbsp;HAL_UART_MspDeInit
</UL>

<P><STRONG><a name="[c0]"></a>HAL_DMA_IRQHandler</STRONG> (Thumb, 160 bytes, Stack size 20 bytes, stm32wlxx_hal_dma.o(.text.HAL_DMA_IRQHandler))
<BR><BR>[Stack]<UL><LI>Max Depth = 20<LI>Call Chain = HAL_DMA_IRQHandler
</UL>
<BR>[Called By]<UL><LI><a href="#[19]">&gt;&gt;</a>&nbsp;&nbsp;&nbsp;DMA1_Channel5_IRQHandler
<LI><a href="#[15]">&gt;&gt;</a>&nbsp;&nbsp;&nbsp;DMA1_Channel1_IRQHandler
</UL>

<P><STRONG><a name="[c6]"></a>HAL_DMA_Init</STRONG> (Thumb, 184 bytes, Stack size 24 bytes, stm32wlxx_hal_dma.o(.text.HAL_DMA_Init))
<BR><BR>[Stack]<UL><LI>Max Depth = 32<LI>Call Chain = HAL_DMA_Init &rArr; DMA_CalcDMAMUXRequestGenBaseAndMask
</UL>
<BR>[Calls]<UL><LI><a href="#[c5]">&gt;&gt;</a>&nbsp;&nbsp;&nbsp;DMA_CalcDMAMUXRequestGenBaseAndMask
<LI><a href="#[c4]">&gt;&gt;</a>&nbsp;&nbsp;&nbsp;DMA_CalcDMAMUXChannelBaseAndMask
</UL>
<BR>[Called By]<UL><LI><a href="#[17e]">&gt;&gt;</a>&nbsp;&nbsp;&nbsp;HAL_UART_MspInit
<LI><a href="#[1ba]">&gt;&gt;</a>&nbsp;&nbsp;&nbsp;vcom_Resume
</UL>

<P><STRONG><a name="[c7]"></a>HAL_DMA_Start_IT</STRONG> (Thumb, 130 bytes, Stack size 16 bytes, stm32wlxx_hal_dma.o(.text.HAL_DMA_Start_IT))
<BR><BR>[Stack]<UL><LI>Max Depth = 36<LI>Call Chain = HAL_DMA_Start_IT &rArr; DMA_SetConfig
</UL>
<BR>[Calls]<UL><LI><a href="#[c9]">&gt;&gt;</a>&nbsp;&nbsp;&nbsp;DMA_SetConfig
<LI><a href="#[c8]">&gt;&gt;</a>&nbsp;&nbsp;&nbsp;OUTLINED_FUNCTION_0
</UL>
<BR>[Called By]<UL><LI><a href="#[187]">&gt;&gt;</a>&nbsp;&nbsp;&nbsp;HAL_UART_Transmit_DMA
</UL>

<P><STRONG><a name="[4d]"></a>HAL_Delay</STRONG> (Thumb, 32 bytes, Stack size 16 bytes, stm32wlxx_hal.o(.text.HAL_Delay))
<BR><BR>[Stack]<UL><LI>Max Depth = 16<LI>Call Chain = HAL_Delay
</UL>
<BR>[Calls]<UL><LI><a href="#[ca]">&gt;&gt;</a>&nbsp;&nbsp;&nbsp;HAL_GetTick
</UL>
<BR>[Called By]<UL><LI><a href="#[b9]">&gt;&gt;</a>&nbsp;&nbsp;&nbsp;Buzz_Master
<LI><a href="#[62]">&gt;&gt;</a>&nbsp;&nbsp;&nbsp;PingPong_Process
<LI><a href="#[6f]">&gt;&gt;</a>&nbsp;&nbsp;&nbsp;RadioIsChannelFree
<LI><a href="#[76]">&gt;&gt;</a>&nbsp;&nbsp;&nbsp;RadioSleep
</UL>
<BR>[Address Reference Count : 1]<UL><LI> subghz_phy_app.o(.text.Buzz_Slave)
</UL>
<P><STRONG><a name="[b8]"></a>HAL_GPIO_DeInit</STRONG> (Thumb, 236 bytes, Stack size 44 bytes, stm32wlxx_hal_gpio.o(.text.HAL_GPIO_DeInit))
<BR><BR>[Stack]<UL><LI>Max Depth = 44<LI>Call Chain = HAL_GPIO_DeInit
</UL>
<BR>[Called By]<UL><LI><a href="#[b6]">&gt;&gt;</a>&nbsp;&nbsp;&nbsp;BuzzDeInit
<LI><a href="#[17c]">&gt;&gt;</a>&nbsp;&nbsp;&nbsp;HAL_UART_MspDeInit
</UL>

<P><STRONG><a name="[cb]"></a>HAL_GPIO_EXTI_Callback</STRONG> (Thumb, 2 bytes, Stack size 0 bytes, stm32wlxx_hal_gpio.o(.text.HAL_GPIO_EXTI_Callback))
<BR><BR>[Called By]<UL><LI><a href="#[c1]">&gt;&gt;</a>&nbsp;&nbsp;&nbsp;HAL_GPIO_EXTI_IRQHandler
</UL>

<P><STRONG><a name="[c1]"></a>HAL_GPIO_EXTI_IRQHandler</STRONG> (Thumb, 16 bytes, Stack size 0 bytes, stm32wlxx_hal_gpio.o(.text.HAL_GPIO_EXTI_IRQHandler))
<BR><BR>[Calls]<UL><LI><a href="#[cb]">&gt;&gt;</a>&nbsp;&nbsp;&nbsp;HAL_GPIO_EXTI_Callback
</UL>
<BR>[Called By]<UL><LI><a href="#[33]">&gt;&gt;</a>&nbsp;&nbsp;&nbsp;EXTI15_10_IRQHandler
</UL>

<P><STRONG><a name="[4b]"></a>HAL_GPIO_Init</STRONG> (Thumb, 376 bytes, Stack size 40 bytes, stm32wlxx_hal_gpio.o(.text.HAL_GPIO_Init))
<BR><BR>[Stack]<UL><LI>Max Depth = 40<LI>Call Chain = HAL_GPIO_Init
</UL>
<BR>[Called By]<UL><LI><a href="#[b0]">&gt;&gt;</a>&nbsp;&nbsp;&nbsp;BSP_LED_Init
<LI><a href="#[17e]">&gt;&gt;</a>&nbsp;&nbsp;&nbsp;HAL_UART_MspInit
<LI><a href="#[13a]">&gt;&gt;</a>&nbsp;&nbsp;&nbsp;HAL_TIM_MspPostInit
</UL>
<BR>[Address Reference Count : 1]<UL><LI> stm32wlxx_nucleo_radio.o(.text.BSP_RADIO_Init)
</UL>
<P><STRONG><a name="[b3]"></a>HAL_GPIO_TogglePin</STRONG> (Thumb, 16 bytes, Stack size 0 bytes, stm32wlxx_hal_gpio.o(.text.HAL_GPIO_TogglePin))
<BR><BR>[Called By]<UL><LI><a href="#[b2]">&gt;&gt;</a>&nbsp;&nbsp;&nbsp;BSP_LED_Toggle
</UL>

<P><STRONG><a name="[4c]"></a>HAL_GPIO_WritePin</STRONG> (Thumb, 12 bytes, Stack size 0 bytes, stm32wlxx_hal_gpio.o(.text.HAL_GPIO_WritePin))
<BR><BR>[Called By]<UL><LI><a href="#[b0]">&gt;&gt;</a>&nbsp;&nbsp;&nbsp;BSP_LED_Init
</UL>
<BR>[Address Reference Count : 1]<UL><LI> stm32wlxx_nucleo_radio.o(.text.BSP_RADIO_Init)
</UL>
<P><STRONG><a name="[ca]"></a>HAL_GetTick</STRONG> (Thumb, 8 bytes, Stack size 0 bytes, stm32wlxx_hal.o(.text.HAL_GetTick))
<BR><BR>[Called By]<UL><LI><a href="#[df]">&gt;&gt;</a>&nbsp;&nbsp;&nbsp;OUTLINED_FUNCTION_5
<LI><a href="#[e8]">&gt;&gt;</a>&nbsp;&nbsp;&nbsp;OUTLINED_FUNCTION_6
<LI><a href="#[e6]">&gt;&gt;</a>&nbsp;&nbsp;&nbsp;RCC_SetFlashLatencyFromMSIRange
<LI><a href="#[e5]">&gt;&gt;</a>&nbsp;&nbsp;&nbsp;OUTLINED_FUNCTION_1
<LI><a href="#[4d]">&gt;&gt;</a>&nbsp;&nbsp;&nbsp;HAL_Delay
<LI><a href="#[165]">&gt;&gt;</a>&nbsp;&nbsp;&nbsp;HAL_UARTEx_StopModeWakeUpSourceConfig
<LI><a href="#[d9]">&gt;&gt;</a>&nbsp;&nbsp;&nbsp;HAL_RCCEx_PeriphCLKConfig
<LI><a href="#[185]">&gt;&gt;</a>&nbsp;&nbsp;&nbsp;HAL_UART_Transmit
<LI><a href="#[de]">&gt;&gt;</a>&nbsp;&nbsp;&nbsp;HAL_RCC_ClockConfig
<LI><a href="#[e4]">&gt;&gt;</a>&nbsp;&nbsp;&nbsp;HAL_RCC_OscConfig
<LI><a href="#[107]">&gt;&gt;</a>&nbsp;&nbsp;&nbsp;HAL_RTC_WaitForSynchro
<LI><a href="#[1a0]">&gt;&gt;</a>&nbsp;&nbsp;&nbsp;RTC_EnterInitMode
<LI><a href="#[166]">&gt;&gt;</a>&nbsp;&nbsp;&nbsp;UART_WaitOnFlagUntilTimeout
<LI><a href="#[17b]">&gt;&gt;</a>&nbsp;&nbsp;&nbsp;UART_CheckIdleState
</UL>

<P><STRONG><a name="[20c]"></a>HAL_IncTick</STRONG> (Thumb, 16 bytes, Stack size 0 bytes, stm32wlxx_hal.o(.text.HAL_IncTick))
<BR><BR>[Called By]<UL><LI><a href="#[9]">&gt;&gt;</a>&nbsp;&nbsp;&nbsp;SysTick_Handler
</UL>

<P><STRONG><a name="[cc]"></a>HAL_Init</STRONG> (Thumb, 36 bytes, Stack size 8 bytes, stm32wlxx_hal.o(.text.HAL_Init))
<BR><BR>[Stack]<UL><LI>Max Depth = 44<LI>Call Chain = HAL_Init &rArr; HAL_InitTick &rArr; HAL_NVIC_SetPriority
</UL>
<BR>[Calls]<UL><LI><a href="#[ce]">&gt;&gt;</a>&nbsp;&nbsp;&nbsp;HAL_RCC_GetHCLKFreq
<LI><a href="#[cf]">&gt;&gt;</a>&nbsp;&nbsp;&nbsp;HAL_InitTick
<LI><a href="#[d0]">&gt;&gt;</a>&nbsp;&nbsp;&nbsp;HAL_MspInit
<LI><a href="#[cd]">&gt;&gt;</a>&nbsp;&nbsp;&nbsp;HAL_NVIC_SetPriorityGrouping
</UL>
<BR>[Called By]<UL><LI><a href="#[48]">&gt;&gt;</a>&nbsp;&nbsp;&nbsp;main
</UL>

<P><STRONG><a name="[cf]"></a>HAL_InitTick</STRONG> (Thumb, 64 bytes, Stack size 16 bytes, stm32wlxx_hal.o(.text.HAL_InitTick))
<BR><BR>[Stack]<UL><LI>Max Depth = 36<LI>Call Chain = HAL_InitTick &rArr; HAL_NVIC_SetPriority
</UL>
<BR>[Calls]<UL><LI><a href="#[ce]">&gt;&gt;</a>&nbsp;&nbsp;&nbsp;HAL_RCC_GetHCLKFreq
<LI><a href="#[d2]">&gt;&gt;</a>&nbsp;&nbsp;&nbsp;HAL_NVIC_SetPriority
<LI><a href="#[d1]">&gt;&gt;</a>&nbsp;&nbsp;&nbsp;HAL_SYSTICK_Config
</UL>
<BR>[Called By]<UL><LI><a href="#[de]">&gt;&gt;</a>&nbsp;&nbsp;&nbsp;HAL_RCC_ClockConfig
<LI><a href="#[e4]">&gt;&gt;</a>&nbsp;&nbsp;&nbsp;HAL_RCC_OscConfig
<LI><a href="#[cc]">&gt;&gt;</a>&nbsp;&nbsp;&nbsp;HAL_Init
</UL>

<P><STRONG><a name="[d0]"></a>HAL_MspInit</STRONG> (Thumb, 2 bytes, Stack size 0 bytes, stm32wlxx_hal_msp.o(.text.HAL_MspInit))
<BR><BR>[Called By]<UL><LI><a href="#[cc]">&gt;&gt;</a>&nbsp;&nbsp;&nbsp;HAL_Init
</UL>

<P><STRONG><a name="[17d]"></a>HAL_NVIC_DisableIRQ</STRONG> (Thumb, 32 bytes, Stack size 0 bytes, stm32wlxx_hal_cortex.o(.text.HAL_NVIC_DisableIRQ))
<BR><BR>[Called By]<UL><LI><a href="#[17c]">&gt;&gt;</a>&nbsp;&nbsp;&nbsp;HAL_UART_MspDeInit
<LI><a href="#[a2]">&gt;&gt;</a>&nbsp;&nbsp;&nbsp;vcom_DeInit
</UL>

<P><STRONG><a name="[fb]"></a>HAL_NVIC_EnableIRQ</STRONG> (Thumb, 24 bytes, Stack size 0 bytes, stm32wlxx_hal_cortex.o(.text.HAL_NVIC_EnableIRQ))
<BR><BR>[Called By]<UL><LI><a href="#[17e]">&gt;&gt;</a>&nbsp;&nbsp;&nbsp;HAL_UART_MspInit
<LI><a href="#[11f]">&gt;&gt;</a>&nbsp;&nbsp;&nbsp;HAL_SUBGHZ_MspInit
<LI><a href="#[f7]">&gt;&gt;</a>&nbsp;&nbsp;&nbsp;HAL_RTC_MspInit
<LI><a href="#[189]">&gt;&gt;</a>&nbsp;&nbsp;&nbsp;MX_DMA_Init
</UL>

<P><STRONG><a name="[d2]"></a>HAL_NVIC_SetPriority</STRONG> (Thumb, 72 bytes, Stack size 20 bytes, stm32wlxx_hal_cortex.o(.text.HAL_NVIC_SetPriority))
<BR><BR>[Stack]<UL><LI>Max Depth = 20<LI>Call Chain = HAL_NVIC_SetPriority
</UL>
<BR>[Called By]<UL><LI><a href="#[cf]">&gt;&gt;</a>&nbsp;&nbsp;&nbsp;HAL_InitTick
<LI><a href="#[17e]">&gt;&gt;</a>&nbsp;&nbsp;&nbsp;HAL_UART_MspInit
<LI><a href="#[11f]">&gt;&gt;</a>&nbsp;&nbsp;&nbsp;HAL_SUBGHZ_MspInit
<LI><a href="#[f7]">&gt;&gt;</a>&nbsp;&nbsp;&nbsp;HAL_RTC_MspInit
<LI><a href="#[189]">&gt;&gt;</a>&nbsp;&nbsp;&nbsp;MX_DMA_Init
</UL>

<P><STRONG><a name="[cd]"></a>HAL_NVIC_SetPriorityGrouping</STRONG> (Thumb, 24 bytes, Stack size 0 bytes, stm32wlxx_hal_cortex.o(.text.HAL_NVIC_SetPriorityGrouping))
<BR><BR>[Called By]<UL><LI><a href="#[cc]">&gt;&gt;</a>&nbsp;&nbsp;&nbsp;HAL_Init
</UL>

<P><STRONG><a name="[d8]"></a>HAL_PWREx_DisableLowPowerRunMode</STRONG> (Thumb, 56 bytes, Stack size 8 bytes, stm32wlxx_hal_pwr_ex.o(.text.HAL_PWREx_DisableLowPowerRunMode))
<BR><BR>[Stack]<UL><LI>Max Depth = 8<LI>Call Chain = HAL_PWREx_DisableLowPowerRunMode
</UL>
<BR>[Called By]<UL><LI><a href="#[d7]">&gt;&gt;</a>&nbsp;&nbsp;&nbsp;HAL_PWR_EnterSLEEPMode
</UL>

<P><STRONG><a name="[d3]"></a>HAL_PWREx_EnableLowPowerRunMode</STRONG> (Thumb, 8 bytes, Stack size 0 bytes, stm32wlxx_hal_pwr_ex.o(.text.HAL_PWREx_EnableLowPowerRunMode))
<BR><BR>[Calls]<UL><LI><a href="#[d4]">&gt;&gt;</a>&nbsp;&nbsp;&nbsp;OUTLINED_FUNCTION_4
</UL>
<BR>[Called By]<UL><LI><a href="#[d7]">&gt;&gt;</a>&nbsp;&nbsp;&nbsp;HAL_PWR_EnterSLEEPMode
</UL>

<P><STRONG><a name="[d5]"></a>HAL_PWREx_EnterSTOP2Mode</STRONG> (Thumb, 40 bytes, Stack size 0 bytes, stm32wlxx_hal_pwr_ex.o(.text.HAL_PWREx_EnterSTOP2Mode))
<BR><BR>[Calls]<UL><LI><a href="#[d6]">&gt;&gt;</a>&nbsp;&nbsp;&nbsp;OUTLINED_FUNCTION_0
</UL>
<BR>[Called By]<UL><LI><a href="#[8e]">&gt;&gt;</a>&nbsp;&nbsp;&nbsp;PWR_EnterStopMode
</UL>

<P><STRONG><a name="[1ca]"></a>HAL_PWREx_GetVoltageRange</STRONG> (Thumb, 12 bytes, Stack size 0 bytes, stm32wlxx_hal_pwr_ex.o(.text.HAL_PWREx_GetVoltageRange))
<BR><BR>[Called By]<UL><LI><a href="#[e6]">&gt;&gt;</a>&nbsp;&nbsp;&nbsp;RCC_SetFlashLatencyFromMSIRange
</UL>

<P><STRONG><a name="[da]"></a>HAL_PWR_EnableBkUpAccess</STRONG> (Thumb, 12 bytes, Stack size 0 bytes, stm32wlxx_hal_pwr.o(.text.HAL_PWR_EnableBkUpAccess))
<BR><BR>[Called By]<UL><LI><a href="#[d9]">&gt;&gt;</a>&nbsp;&nbsp;&nbsp;HAL_RCCEx_PeriphCLKConfig
<LI><a href="#[e4]">&gt;&gt;</a>&nbsp;&nbsp;&nbsp;HAL_RCC_OscConfig
<LI><a href="#[214]">&gt;&gt;</a>&nbsp;&nbsp;&nbsp;SystemClock_Config
</UL>

<P><STRONG><a name="[d7]"></a>HAL_PWR_EnterSLEEPMode</STRONG> (Thumb, 60 bytes, Stack size 8 bytes, stm32wlxx_hal_pwr.o(.text.HAL_PWR_EnterSLEEPMode))
<BR><BR>[Stack]<UL><LI>Max Depth = 16<LI>Call Chain = HAL_PWR_EnterSLEEPMode &rArr; HAL_PWREx_DisableLowPowerRunMode
</UL>
<BR>[Calls]<UL><LI><a href="#[d8]">&gt;&gt;</a>&nbsp;&nbsp;&nbsp;HAL_PWREx_DisableLowPowerRunMode
<LI><a href="#[d3]">&gt;&gt;</a>&nbsp;&nbsp;&nbsp;HAL_PWREx_EnableLowPowerRunMode
</UL>
<BR>[Called By]<UL><LI><a href="#[8c]">&gt;&gt;</a>&nbsp;&nbsp;&nbsp;PWR_EnterSleepMode
</UL>

<P><STRONG><a name="[d9]"></a>HAL_RCCEx_PeriphCLKConfig</STRONG> (Thumb, 344 bytes, Stack size 24 bytes, stm32wlxx_hal_rcc_ex.o(.text.HAL_RCCEx_PeriphCLKConfig))
<BR><BR>[Stack]<UL><LI>Max Depth = 24<LI>Call Chain = HAL_RCCEx_PeriphCLKConfig
</UL>
<BR>[Calls]<UL><LI><a href="#[dd]">&gt;&gt;</a>&nbsp;&nbsp;&nbsp;LL_RCC_SetI2CClockSource
<LI><a href="#[dc]">&gt;&gt;</a>&nbsp;&nbsp;&nbsp;OUTLINED_FUNCTION_0
<LI><a href="#[db]">&gt;&gt;</a>&nbsp;&nbsp;&nbsp;OUTLINED_FUNCTION_4
<LI><a href="#[ca]">&gt;&gt;</a>&nbsp;&nbsp;&nbsp;HAL_GetTick
<LI><a href="#[da]">&gt;&gt;</a>&nbsp;&nbsp;&nbsp;HAL_PWR_EnableBkUpAccess
</UL>
<BR>[Called By]<UL><LI><a href="#[17e]">&gt;&gt;</a>&nbsp;&nbsp;&nbsp;HAL_UART_MspInit
<LI><a href="#[f7]">&gt;&gt;</a>&nbsp;&nbsp;&nbsp;HAL_RTC_MspInit
</UL>

<P><STRONG><a name="[de]"></a>HAL_RCC_ClockConfig</STRONG> (Thumb, 472 bytes, Stack size 32 bytes, stm32wlxx_hal_rcc.o(.text.HAL_RCC_ClockConfig))
<BR><BR>[Stack]<UL><LI>Max Depth = 68<LI>Call Chain = HAL_RCC_ClockConfig &rArr; HAL_InitTick &rArr; HAL_NVIC_SetPriority
</UL>
<BR>[Calls]<UL><LI><a href="#[ce]">&gt;&gt;</a>&nbsp;&nbsp;&nbsp;HAL_RCC_GetHCLKFreq
<LI><a href="#[cf]">&gt;&gt;</a>&nbsp;&nbsp;&nbsp;HAL_InitTick
<LI><a href="#[ca]">&gt;&gt;</a>&nbsp;&nbsp;&nbsp;HAL_GetTick
<LI><a href="#[df]">&gt;&gt;</a>&nbsp;&nbsp;&nbsp;OUTLINED_FUNCTION_5
<LI><a href="#[e0]">&gt;&gt;</a>&nbsp;&nbsp;&nbsp;OUTLINED_FUNCTION_4
</UL>
<BR>[Called By]<UL><LI><a href="#[214]">&gt;&gt;</a>&nbsp;&nbsp;&nbsp;SystemClock_Config
</UL>

<P><STRONG><a name="[ce]"></a>HAL_RCC_GetHCLKFreq</STRONG> (Thumb, 28 bytes, Stack size 8 bytes, stm32wlxx_hal_rcc.o(.text.HAL_RCC_GetHCLKFreq))
<BR><BR>[Stack]<UL><LI>Max Depth = 16<LI>Call Chain = HAL_RCC_GetHCLKFreq &rArr; HAL_RCC_GetSysClockFreq
</UL>
<BR>[Calls]<UL><LI><a href="#[e1]">&gt;&gt;</a>&nbsp;&nbsp;&nbsp;HAL_RCC_GetSysClockFreq
</UL>
<BR>[Called By]<UL><LI><a href="#[e3]">&gt;&gt;</a>&nbsp;&nbsp;&nbsp;HAL_RCC_GetPCLK2Freq
<LI><a href="#[e2]">&gt;&gt;</a>&nbsp;&nbsp;&nbsp;HAL_RCC_GetPCLK1Freq
<LI><a href="#[cf]">&gt;&gt;</a>&nbsp;&nbsp;&nbsp;HAL_InitTick
<LI><a href="#[de]">&gt;&gt;</a>&nbsp;&nbsp;&nbsp;HAL_RCC_ClockConfig
<LI><a href="#[e4]">&gt;&gt;</a>&nbsp;&nbsp;&nbsp;HAL_RCC_OscConfig
<LI><a href="#[cc]">&gt;&gt;</a>&nbsp;&nbsp;&nbsp;HAL_Init
</UL>

<P><STRONG><a name="[e2]"></a>HAL_RCC_GetPCLK1Freq</STRONG> (Thumb, 24 bytes, Stack size 8 bytes, stm32wlxx_hal_rcc.o(.text.HAL_RCC_GetPCLK1Freq))
<BR><BR>[Stack]<UL><LI>Max Depth = 24<LI>Call Chain = HAL_RCC_GetPCLK1Freq &rArr; HAL_RCC_GetHCLKFreq &rArr; HAL_RCC_GetSysClockFreq
</UL>
<BR>[Calls]<UL><LI><a href="#[ce]">&gt;&gt;</a>&nbsp;&nbsp;&nbsp;HAL_RCC_GetHCLKFreq
</UL>
<BR>[Called By]<UL><LI><a href="#[19c]">&gt;&gt;</a>&nbsp;&nbsp;&nbsp;UART_SetConfig
</UL>

<P><STRONG><a name="[e3]"></a>HAL_RCC_GetPCLK2Freq</STRONG> (Thumb, 24 bytes, Stack size 8 bytes, stm32wlxx_hal_rcc.o(.text.HAL_RCC_GetPCLK2Freq))
<BR><BR>[Stack]<UL><LI>Max Depth = 24<LI>Call Chain = HAL_RCC_GetPCLK2Freq &rArr; HAL_RCC_GetHCLKFreq &rArr; HAL_RCC_GetSysClockFreq
</UL>
<BR>[Calls]<UL><LI><a href="#[ce]">&gt;&gt;</a>&nbsp;&nbsp;&nbsp;HAL_RCC_GetHCLKFreq
</UL>
<BR>[Called By]<UL><LI><a href="#[19c]">&gt;&gt;</a>&nbsp;&nbsp;&nbsp;UART_SetConfig
</UL>

<P><STRONG><a name="[e1]"></a>HAL_RCC_GetSysClockFreq</STRONG> (Thumb, 220 bytes, Stack size 8 bytes, stm32wlxx_hal_rcc.o(.text.HAL_RCC_GetSysClockFreq))
<BR><BR>[Stack]<UL><LI>Max Depth = 8<LI>Call Chain = HAL_RCC_GetSysClockFreq
</UL>
<BR>[Called By]<UL><LI><a href="#[ce]">&gt;&gt;</a>&nbsp;&nbsp;&nbsp;HAL_RCC_GetHCLKFreq
<LI><a href="#[19c]">&gt;&gt;</a>&nbsp;&nbsp;&nbsp;UART_SetConfig
</UL>

<P><STRONG><a name="[e4]"></a>HAL_RCC_OscConfig</STRONG> (Thumb, 1332 bytes, Stack size 32 bytes, stm32wlxx_hal_rcc.o(.text.HAL_RCC_OscConfig))
<BR><BR>[Stack]<UL><LI>Max Depth = 68<LI>Call Chain = HAL_RCC_OscConfig &rArr; HAL_InitTick &rArr; HAL_NVIC_SetPriority
</UL>
<BR>[Calls]<UL><LI><a href="#[ce]">&gt;&gt;</a>&nbsp;&nbsp;&nbsp;HAL_RCC_GetHCLKFreq
<LI><a href="#[cf]">&gt;&gt;</a>&nbsp;&nbsp;&nbsp;HAL_InitTick
<LI><a href="#[ca]">&gt;&gt;</a>&nbsp;&nbsp;&nbsp;HAL_GetTick
<LI><a href="#[e9]">&gt;&gt;</a>&nbsp;&nbsp;&nbsp;OUTLINED_FUNCTION_2
<LI><a href="#[e8]">&gt;&gt;</a>&nbsp;&nbsp;&nbsp;OUTLINED_FUNCTION_6
<LI><a href="#[e7]">&gt;&gt;</a>&nbsp;&nbsp;&nbsp;OUTLINED_FUNCTION_0
<LI><a href="#[e6]">&gt;&gt;</a>&nbsp;&nbsp;&nbsp;RCC_SetFlashLatencyFromMSIRange
<LI><a href="#[e0]">&gt;&gt;</a>&nbsp;&nbsp;&nbsp;OUTLINED_FUNCTION_4
<LI><a href="#[e5]">&gt;&gt;</a>&nbsp;&nbsp;&nbsp;OUTLINED_FUNCTION_1
<LI><a href="#[da]">&gt;&gt;</a>&nbsp;&nbsp;&nbsp;HAL_PWR_EnableBkUpAccess
</UL>
<BR>[Called By]<UL><LI><a href="#[214]">&gt;&gt;</a>&nbsp;&nbsp;&nbsp;SystemClock_Config
</UL>

<P><STRONG><a name="[f5]"></a>HAL_RTCEx_AlarmBEventCallback</STRONG> (Thumb, 2 bytes, Stack size 0 bytes, stm32wlxx_hal_rtc_ex.o(.text.HAL_RTCEx_AlarmBEventCallback))
<BR><BR>[Called By]<UL><LI><a href="#[f4]">&gt;&gt;</a>&nbsp;&nbsp;&nbsp;HAL_RTC_AlarmIRQHandler
</UL>

<P><STRONG><a name="[215]"></a>HAL_RTCEx_BKUPRead</STRONG> (Thumb, 8 bytes, Stack size 0 bytes, stm32wlxx_hal_rtc_ex.o(.text.HAL_RTCEx_BKUPRead))
<BR><BR>[Called By]<UL><LI><a href="#[95]">&gt;&gt;</a>&nbsp;&nbsp;&nbsp;TIMER_IF_BkUp_Read_SubSeconds
<LI><a href="#[93]">&gt;&gt;</a>&nbsp;&nbsp;&nbsp;TIMER_IF_BkUp_Read_Seconds
<LI><a href="#[ee]">&gt;&gt;</a>&nbsp;&nbsp;&nbsp;TIMER_IF_BkUp_Read_MSBticks
</UL>

<P><STRONG><a name="[216]"></a>HAL_RTCEx_BKUPWrite</STRONG> (Thumb, 8 bytes, Stack size 0 bytes, stm32wlxx_hal_rtc_ex.o(.text.HAL_RTCEx_BKUPWrite))
<BR><BR>[Called By]<UL><LI><a href="#[94]">&gt;&gt;</a>&nbsp;&nbsp;&nbsp;TIMER_IF_BkUp_Write_SubSeconds
<LI><a href="#[92]">&gt;&gt;</a>&nbsp;&nbsp;&nbsp;TIMER_IF_BkUp_Write_Seconds
<LI><a href="#[ef]">&gt;&gt;</a>&nbsp;&nbsp;&nbsp;TIMER_IF_BkUp_Write_MSBticks
</UL>

<P><STRONG><a name="[ea]"></a>HAL_RTCEx_EnableBypassShadow</STRONG> (Thumb, 44 bytes, Stack size 0 bytes, stm32wlxx_hal_rtc_ex.o(.text.HAL_RTCEx_EnableBypassShadow))
<BR><BR>[Calls]<UL><LI><a href="#[eb]">&gt;&gt;</a>&nbsp;&nbsp;&nbsp;OUTLINED_FUNCTION_13
<LI><a href="#[ec]">&gt;&gt;</a>&nbsp;&nbsp;&nbsp;OUTLINED_FUNCTION_0
</UL>
<BR>[Called By]<UL><LI><a href="#[97]">&gt;&gt;</a>&nbsp;&nbsp;&nbsp;TIMER_IF_Init
</UL>

<P><STRONG><a name="[ed]"></a>HAL_RTCEx_SSRUEventCallback</STRONG> (Thumb, 16 bytes, Stack size 8 bytes, timer_if.o(.text.HAL_RTCEx_SSRUEventCallback))
<BR><BR>[Stack]<UL><LI>Max Depth = 8<LI>Call Chain = HAL_RTCEx_SSRUEventCallback
</UL>
<BR>[Calls]<UL><LI><a href="#[ee]">&gt;&gt;</a>&nbsp;&nbsp;&nbsp;TIMER_IF_BkUp_Read_MSBticks
<LI><a href="#[ef]">&gt;&gt;</a>&nbsp;&nbsp;&nbsp;TIMER_IF_BkUp_Write_MSBticks
</UL>
<BR>[Called By]<UL><LI><a href="#[f0]">&gt;&gt;</a>&nbsp;&nbsp;&nbsp;HAL_RTCEx_SSRUIRQHandler
</UL>

<P><STRONG><a name="[f0]"></a>HAL_RTCEx_SSRUIRQHandler</STRONG> (Thumb, 32 bytes, Stack size 8 bytes, stm32wlxx_hal_rtc_ex.o(.text.HAL_RTCEx_SSRUIRQHandler))
<BR><BR>[Stack]<UL><LI>Max Depth = 16<LI>Call Chain = HAL_RTCEx_SSRUIRQHandler &rArr; HAL_RTCEx_SSRUEventCallback
</UL>
<BR>[Calls]<UL><LI><a href="#[ed]">&gt;&gt;</a>&nbsp;&nbsp;&nbsp;HAL_RTCEx_SSRUEventCallback
</UL>
<BR>[Called By]<UL><LI><a href="#[c]">&gt;&gt;</a>&nbsp;&nbsp;&nbsp;TAMP_STAMP_LSECSS_SSRU_IRQHandler
</UL>

<P><STRONG><a name="[f1]"></a>HAL_RTCEx_SetSSRU_IT</STRONG> (Thumb, 52 bytes, Stack size 0 bytes, stm32wlxx_hal_rtc_ex.o(.text.HAL_RTCEx_SetSSRU_IT))
<BR><BR>[Calls]<UL><LI><a href="#[eb]">&gt;&gt;</a>&nbsp;&nbsp;&nbsp;OUTLINED_FUNCTION_13
<LI><a href="#[ec]">&gt;&gt;</a>&nbsp;&nbsp;&nbsp;OUTLINED_FUNCTION_0
</UL>
<BR>[Called By]<UL><LI><a href="#[18b]">&gt;&gt;</a>&nbsp;&nbsp;&nbsp;MX_RTC_Init
</UL>

<P><STRONG><a name="[f2]"></a>HAL_RTC_AlarmAEventCallback</STRONG> (Thumb, 4 bytes, Stack size 0 bytes, timer_if.o(.text.HAL_RTC_AlarmAEventCallback))
<BR><BR>[Stack]<UL><LI>Max Depth = 80<LI>Call Chain = HAL_RTC_AlarmAEventCallback &rArr; UTIL_TIMER_IRQ_Handler &rArr; UTIL_TIMER_Start &rArr; TimerInsertNewHeadTimer &rArr; TimerSetTimeout
</UL>
<BR>[Calls]<UL><LI><a href="#[f3]">&gt;&gt;</a>&nbsp;&nbsp;&nbsp;UTIL_TIMER_IRQ_Handler
</UL>
<BR>[Called By]<UL><LI><a href="#[f4]">&gt;&gt;</a>&nbsp;&nbsp;&nbsp;HAL_RTC_AlarmIRQHandler
</UL>

<P><STRONG><a name="[f4]"></a>HAL_RTC_AlarmIRQHandler</STRONG> (Thumb, 52 bytes, Stack size 16 bytes, stm32wlxx_hal_rtc.o(.text.HAL_RTC_AlarmIRQHandler))
<BR><BR>[Stack]<UL><LI>Max Depth = 96<LI>Call Chain = HAL_RTC_AlarmIRQHandler &rArr; HAL_RTC_AlarmAEventCallback &rArr; UTIL_TIMER_IRQ_Handler &rArr; UTIL_TIMER_Start &rArr; TimerInsertNewHeadTimer &rArr; TimerSetTimeout
</UL>
<BR>[Calls]<UL><LI><a href="#[f2]">&gt;&gt;</a>&nbsp;&nbsp;&nbsp;HAL_RTC_AlarmAEventCallback
<LI><a href="#[f5]">&gt;&gt;</a>&nbsp;&nbsp;&nbsp;HAL_RTCEx_AlarmBEventCallback
</UL>
<BR>[Called By]<UL><LI><a href="#[34]">&gt;&gt;</a>&nbsp;&nbsp;&nbsp;RTC_Alarm_IRQHandler
</UL>

<P><STRONG><a name="[19b]"></a>HAL_RTC_DeactivateAlarm</STRONG> (Thumb, 112 bytes, Stack size 16 bytes, stm32wlxx_hal_rtc.o(.text.HAL_RTC_DeactivateAlarm))
<BR><BR>[Stack]<UL><LI>Max Depth = 16<LI>Call Chain = HAL_RTC_DeactivateAlarm
</UL>
<BR>[Called By]<UL><LI><a href="#[19a]">&gt;&gt;</a>&nbsp;&nbsp;&nbsp;OUTLINED_FUNCTION_1
</UL>

<P><STRONG><a name="[f6]"></a>HAL_RTC_Init</STRONG> (Thumb, 144 bytes, Stack size 16 bytes, stm32wlxx_hal_rtc.o(.text.HAL_RTC_Init))
<BR><BR>[Stack]<UL><LI>Max Depth = 112<LI>Call Chain = HAL_RTC_Init &rArr; HAL_RTC_MspInit &rArr; HAL_RCCEx_PeriphCLKConfig
</UL>
<BR>[Calls]<UL><LI><a href="#[f7]">&gt;&gt;</a>&nbsp;&nbsp;&nbsp;HAL_RTC_MspInit
<LI><a href="#[f9]">&gt;&gt;</a>&nbsp;&nbsp;&nbsp;OUTLINED_FUNCTION_11
<LI><a href="#[f8]">&gt;&gt;</a>&nbsp;&nbsp;&nbsp;OUTLINED_FUNCTION_10
</UL>
<BR>[Called By]<UL><LI><a href="#[18b]">&gt;&gt;</a>&nbsp;&nbsp;&nbsp;MX_RTC_Init
</UL>

<P><STRONG><a name="[f7]"></a>HAL_RTC_MspInit</STRONG> (Thumb, 112 bytes, Stack size 72 bytes, rtc.o(.text.HAL_RTC_MspInit))
<BR><BR>[Stack]<UL><LI>Max Depth = 96<LI>Call Chain = HAL_RTC_MspInit &rArr; HAL_RCCEx_PeriphCLKConfig
</UL>
<BR>[Calls]<UL><LI><a href="#[d9]">&gt;&gt;</a>&nbsp;&nbsp;&nbsp;HAL_RCCEx_PeriphCLKConfig
<LI><a href="#[fb]">&gt;&gt;</a>&nbsp;&nbsp;&nbsp;HAL_NVIC_EnableIRQ
<LI><a href="#[d2]">&gt;&gt;</a>&nbsp;&nbsp;&nbsp;HAL_NVIC_SetPriority
<LI><a href="#[c2]">&gt;&gt;</a>&nbsp;&nbsp;&nbsp;Error_Handler
<LI><a href="#[fa]">&gt;&gt;</a>&nbsp;&nbsp;&nbsp;__aeabi_memclr4
</UL>
<BR>[Called By]<UL><LI><a href="#[f6]">&gt;&gt;</a>&nbsp;&nbsp;&nbsp;HAL_RTC_Init
</UL>

<P><STRONG><a name="[fc]"></a>HAL_RTC_SetAlarm_IT</STRONG> (Thumb, 184 bytes, Stack size 32 bytes, stm32wlxx_hal_rtc.o(.text.HAL_RTC_SetAlarm_IT))
<BR><BR>[Stack]<UL><LI>Max Depth = 32<LI>Call Chain = HAL_RTC_SetAlarm_IT
</UL>
<BR>[Calls]<UL><LI><a href="#[106]">&gt;&gt;</a>&nbsp;&nbsp;&nbsp;OUTLINED_FUNCTION_2
<LI><a href="#[105]">&gt;&gt;</a>&nbsp;&nbsp;&nbsp;OUTLINED_FUNCTION_8
<LI><a href="#[104]">&gt;&gt;</a>&nbsp;&nbsp;&nbsp;OUTLINED_FUNCTION_9
<LI><a href="#[103]">&gt;&gt;</a>&nbsp;&nbsp;&nbsp;OUTLINED_FUNCTION_5
<LI><a href="#[102]">&gt;&gt;</a>&nbsp;&nbsp;&nbsp;OUTLINED_FUNCTION_7
<LI><a href="#[101]">&gt;&gt;</a>&nbsp;&nbsp;&nbsp;OUTLINED_FUNCTION_3
<LI><a href="#[100]">&gt;&gt;</a>&nbsp;&nbsp;&nbsp;OUTLINED_FUNCTION_12
<LI><a href="#[ff]">&gt;&gt;</a>&nbsp;&nbsp;&nbsp;OUTLINED_FUNCTION_0
<LI><a href="#[fe]">&gt;&gt;</a>&nbsp;&nbsp;&nbsp;OUTLINED_FUNCTION_6
<LI><a href="#[fd]">&gt;&gt;</a>&nbsp;&nbsp;&nbsp;OUTLINED_FUNCTION_1
</UL>
<BR>[Called By]<UL><LI><a href="#[98]">&gt;&gt;</a>&nbsp;&nbsp;&nbsp;TIMER_IF_StartTimer
<LI><a href="#[18b]">&gt;&gt;</a>&nbsp;&nbsp;&nbsp;MX_RTC_Init
</UL>

<P><STRONG><a name="[107]"></a>HAL_RTC_WaitForSynchro</STRONG> (Thumb, 48 bytes, Stack size 16 bytes, stm32wlxx_hal_rtc.o(.text.HAL_RTC_WaitForSynchro))
<BR><BR>[Stack]<UL><LI>Max Depth = 16<LI>Call Chain = HAL_RTC_WaitForSynchro
</UL>
<BR>[Calls]<UL><LI><a href="#[ca]">&gt;&gt;</a>&nbsp;&nbsp;&nbsp;HAL_GetTick
</UL>
<BR>[Called By]<UL><LI><a href="#[1a1]">&gt;&gt;</a>&nbsp;&nbsp;&nbsp;RTC_ExitInitMode
</UL>

<P><STRONG><a name="[108]"></a>HAL_ResumeTick</STRONG> (Thumb, 8 bytes, Stack size 0 bytes, stm32wlxx_hal.o(.text.HAL_ResumeTick))
<BR><BR>[Calls]<UL><LI><a href="#[109]">&gt;&gt;</a>&nbsp;&nbsp;&nbsp;OUTLINED_FUNCTION_2
</UL>
<BR>[Called By]<UL><LI><a href="#[8f]">&gt;&gt;</a>&nbsp;&nbsp;&nbsp;PWR_ExitStopMode
<LI><a href="#[8d]">&gt;&gt;</a>&nbsp;&nbsp;&nbsp;PWR_ExitSleepMode
</UL>

<P><STRONG><a name="[11c]"></a>HAL_SUBGHZ_CADStatusCallback</STRONG> (Thumb, 24 bytes, Stack size 0 bytes, radio_driver.o(.text.HAL_SUBGHZ_CADStatusCallback))
<BR><BR>[Called By]<UL><LI><a href="#[114]">&gt;&gt;</a>&nbsp;&nbsp;&nbsp;HAL_SUBGHZ_IRQHandler
</UL>

<P><STRONG><a name="[11b]"></a>HAL_SUBGHZ_CRCErrorCallback</STRONG> (Thumb, 8 bytes, Stack size 0 bytes, radio_driver.o(.text.HAL_SUBGHZ_CRCErrorCallback))
<BR><BR>[Called By]<UL><LI><a href="#[114]">&gt;&gt;</a>&nbsp;&nbsp;&nbsp;HAL_SUBGHZ_IRQHandler
</UL>

<P><STRONG><a name="[10a]"></a>HAL_SUBGHZ_ExecGetCmd</STRONG> (Thumb, 84 bytes, Stack size 24 bytes, stm32wlxx_hal_subghz.o(.text.HAL_SUBGHZ_ExecGetCmd))
<BR><BR>[Stack]<UL><LI>Max Depth = 44<LI>Call Chain = HAL_SUBGHZ_ExecGetCmd &rArr; OUTLINED_FUNCTION_6 &rArr; SUBGHZSPI_Receive
</UL>
<BR>[Calls]<UL><LI><a href="#[4f]">&gt;&gt;</a>&nbsp;&nbsp;&nbsp;SUBGHZSPI_Transmit
<LI><a href="#[10f]">&gt;&gt;</a>&nbsp;&nbsp;&nbsp;OUTLINED_FUNCTION_4
<LI><a href="#[10e]">&gt;&gt;</a>&nbsp;&nbsp;&nbsp;OUTLINED_FUNCTION_6
<LI><a href="#[10c]">&gt;&gt;</a>&nbsp;&nbsp;&nbsp;OUTLINED_FUNCTION_1
<LI><a href="#[110]">&gt;&gt;</a>&nbsp;&nbsp;&nbsp;OUTLINED_FUNCTION_0
<LI><a href="#[10d]">&gt;&gt;</a>&nbsp;&nbsp;&nbsp;OUTLINED_FUNCTION_3
<LI><a href="#[10b]">&gt;&gt;</a>&nbsp;&nbsp;&nbsp;OUTLINED_FUNCTION_7
</UL>
<BR>[Called By]<UL><LI><a href="#[114]">&gt;&gt;</a>&nbsp;&nbsp;&nbsp;HAL_SUBGHZ_IRQHandler
<LI><a href="#[1ff]">&gt;&gt;</a>&nbsp;&nbsp;&nbsp;SUBGRF_ReadCommand
</UL>

<P><STRONG><a name="[111]"></a>HAL_SUBGHZ_ExecSetCmd</STRONG> (Thumb, 120 bytes, Stack size 24 bytes, stm32wlxx_hal_subghz.o(.text.HAL_SUBGHZ_ExecSetCmd))
<BR><BR>[Stack]<UL><LI>Max Depth = 36<LI>Call Chain = HAL_SUBGHZ_ExecSetCmd &rArr; SUBGHZSPI_Transmit
</UL>
<BR>[Calls]<UL><LI><a href="#[113]">&gt;&gt;</a>&nbsp;&nbsp;&nbsp;SUBGHZ_WaitOnBusy
<LI><a href="#[4f]">&gt;&gt;</a>&nbsp;&nbsp;&nbsp;SUBGHZSPI_Transmit
<LI><a href="#[112]">&gt;&gt;</a>&nbsp;&nbsp;&nbsp;SUBGHZ_CheckDeviceReady
<LI><a href="#[110]">&gt;&gt;</a>&nbsp;&nbsp;&nbsp;OUTLINED_FUNCTION_0
<LI><a href="#[10d]">&gt;&gt;</a>&nbsp;&nbsp;&nbsp;OUTLINED_FUNCTION_3
<LI><a href="#[10b]">&gt;&gt;</a>&nbsp;&nbsp;&nbsp;OUTLINED_FUNCTION_7
</UL>
<BR>[Called By]<UL><LI><a href="#[114]">&gt;&gt;</a>&nbsp;&nbsp;&nbsp;HAL_SUBGHZ_IRQHandler
<LI><a href="#[19e]">&gt;&gt;</a>&nbsp;&nbsp;&nbsp;SUBGRF_WriteCommand
</UL>

<P><STRONG><a name="[11a]"></a>HAL_SUBGHZ_HeaderErrorCallback</STRONG> (Thumb, 8 bytes, Stack size 0 bytes, radio_driver.o(.text.HAL_SUBGHZ_HeaderErrorCallback))
<BR><BR>[Called By]<UL><LI><a href="#[114]">&gt;&gt;</a>&nbsp;&nbsp;&nbsp;HAL_SUBGHZ_IRQHandler
</UL>

<P><STRONG><a name="[119]"></a>HAL_SUBGHZ_HeaderValidCallback</STRONG> (Thumb, 8 bytes, Stack size 0 bytes, radio_driver.o(.text.HAL_SUBGHZ_HeaderValidCallback))
<BR><BR>[Called By]<UL><LI><a href="#[114]">&gt;&gt;</a>&nbsp;&nbsp;&nbsp;HAL_SUBGHZ_IRQHandler
</UL>

<P><STRONG><a name="[114]"></a>HAL_SUBGHZ_IRQHandler</STRONG> (Thumb, 142 bytes, Stack size 24 bytes, stm32wlxx_hal_subghz.o(.text.HAL_SUBGHZ_IRQHandler))
<BR><BR>[Stack]<UL><LI>Max Depth = 68<LI>Call Chain = HAL_SUBGHZ_IRQHandler &rArr; HAL_SUBGHZ_ExecGetCmd &rArr; OUTLINED_FUNCTION_6 &rArr; SUBGHZSPI_Receive
</UL>
<BR>[Calls]<UL><LI><a href="#[10a]">&gt;&gt;</a>&nbsp;&nbsp;&nbsp;HAL_SUBGHZ_ExecGetCmd
<LI><a href="#[111]">&gt;&gt;</a>&nbsp;&nbsp;&nbsp;HAL_SUBGHZ_ExecSetCmd
<LI><a href="#[119]">&gt;&gt;</a>&nbsp;&nbsp;&nbsp;HAL_SUBGHZ_HeaderValidCallback
<LI><a href="#[118]">&gt;&gt;</a>&nbsp;&nbsp;&nbsp;HAL_SUBGHZ_SyncWordValidCallback
<LI><a href="#[117]">&gt;&gt;</a>&nbsp;&nbsp;&nbsp;HAL_SUBGHZ_PreambleDetectedCallback
<LI><a href="#[11a]">&gt;&gt;</a>&nbsp;&nbsp;&nbsp;HAL_SUBGHZ_HeaderErrorCallback
<LI><a href="#[11d]">&gt;&gt;</a>&nbsp;&nbsp;&nbsp;HAL_SUBGHZ_RxTxTimeoutCallback
<LI><a href="#[11c]">&gt;&gt;</a>&nbsp;&nbsp;&nbsp;HAL_SUBGHZ_CADStatusCallback
<LI><a href="#[11b]">&gt;&gt;</a>&nbsp;&nbsp;&nbsp;HAL_SUBGHZ_CRCErrorCallback
<LI><a href="#[116]">&gt;&gt;</a>&nbsp;&nbsp;&nbsp;HAL_SUBGHZ_RxCpltCallback
<LI><a href="#[115]">&gt;&gt;</a>&nbsp;&nbsp;&nbsp;HAL_SUBGHZ_TxCpltCallback
</UL>
[...]
<BR><BR>[Stack]<UL><LI>Max Depth = 156<LI>Call Chain = RadioSetTxConfig &rArr; SUBGRF_SetRfTxPower &rArr; SUBGRF_SetTxParams &rArr; SUBGRF_ReadRegister &rArr; HAL_SUBGHZ_ReadRegisters &rArr; OUTLINED_FUNCTION_6 &rArr; SUBGHZSPI_Receive
</UL>
<BR>[Calls]<UL><LI><a href="#[1ef]">&gt;&gt;</a>&nbsp;&nbsp;&nbsp;OUTLINED_FUNCTION_7
<LI><a href="#[1ac]">&gt;&gt;</a>&nbsp;&nbsp;&nbsp;OUTLINED_FUNCTION_5
<LI><a href="#[77]">&gt;&gt;</a>&nbsp;&nbsp;&nbsp;RadioStandby
<LI><a href="#[6d]">&gt;&gt;</a>&nbsp;&nbsp;&nbsp;RadioSetModem
<LI><a href="#[1f4]">&gt;&gt;</a>&nbsp;&nbsp;&nbsp;RFW_SetAntSwitch
<LI><a href="#[1ea]">&gt;&gt;</a>&nbsp;&nbsp;&nbsp;RFW_DeInit
<LI><a href="#[1ec]">&gt;&gt;</a>&nbsp;&nbsp;&nbsp;SUBGRF_GetFskBandwidthRegValue
<LI><a href="#[1f3]">&gt;&gt;</a>&nbsp;&nbsp;&nbsp;SUBGRF_SetRfTxPower
<LI><a href="#[1e6]">&gt;&gt;</a>&nbsp;&nbsp;&nbsp;SUBGRF_SetPacketParams
<LI><a href="#[1ed]">&gt;&gt;</a>&nbsp;&nbsp;&nbsp;SUBGRF_SetModulationParams
<LI><a href="#[1ee]">&gt;&gt;</a>&nbsp;&nbsp;&nbsp;SUBGRF_SetSyncWord
</UL>
<BR>[Address Reference Count : 1]<UL><LI> radio.o(.rodata.Radio)
</UL>
<P><STRONG><a name="[73]"></a>RadioCheckRfFrequency</STRONG> (Thumb, 4 bytes, Stack size 0 bytes, radio.o(.text.RadioCheckRfFrequency))
<BR>[Address Reference Count : 1]<UL><LI> radio.o(.rodata.Radio)
</UL>
<P><STRONG><a name="[74]"></a>RadioTimeOnAir</STRONG> (Thumb, 276 bytes, Stack size 20 bytes, radio.o(.text.RadioTimeOnAir))
<BR><BR>[Stack]<UL><LI>Max Depth = 20<LI>Call Chain = RadioTimeOnAir
</UL>
<BR>[Address Reference Count : 1]<UL><LI> radio.o(.rodata.Radio)
</UL>
<P><STRONG><a name="[75]"></a>RadioSend</STRONG> (Thumb, 428 bytes, Stack size 40 bytes, radio.o(.text.RadioSend))
<BR><BR>[Stack]<UL><LI>Max Depth = 200<LI>Call Chain = RadioSend &rArr; OUTLINED_FUNCTION_1 &rArr; UTIL_ADV_TRACE_COND_FSend &rArr; tiny_vsnprintf_like
</UL>
<BR>[Calls]<UL><LI><a href="#[1b9]">&gt;&gt;</a>&nbsp;&nbsp;&nbsp;UTIL_TIMER_Start
<LI><a href="#[1b0]">&gt;&gt;</a>&nbsp;&nbsp;&nbsp;UTIL_TIMER_SetPeriod
<LI><a href="#[19f]">&gt;&gt;</a>&nbsp;&nbsp;&nbsp;OUTLINED_FUNCTION_1
<LI><a href="#[198]">&gt;&gt;</a>&nbsp;&nbsp;&nbsp;OUTLINED_FUNCTION_0
<LI><a href="#[1ce]">&gt;&gt;</a>&nbsp;&nbsp;&nbsp;RFW_TransmitInit
<LI><a href="#[1db]">&gt;&gt;</a>&nbsp;&nbsp;&nbsp;RFW_Is_Init
<LI><a href="#[1ab]">&gt;&gt;</a>&nbsp;&nbsp;&nbsp;SUBGRF_SetSwitch
<LI><a href="#[1e6]">&gt;&gt;</a>&nbsp;&nbsp;&nbsp;SUBGRF_SetPacketParams
<LI><a href="#[1e7]">&gt;&gt;</a>&nbsp;&nbsp;&nbsp;SUBGRF_SendPayload
<LI><a href="#[58]">&gt;&gt;</a>&nbsp;&nbsp;&nbsp;SUBGRF_ReadRegister
<LI><a href="#[57]">&gt;&gt;</a>&nbsp;&nbsp;&nbsp;SUBGRF_WriteRegister
</UL>
<BR>[Address Reference Count : 1]<UL><LI> radio.o(.rodata.Radio)
</UL>
<P><STRONG><a name="[19f]"></a>OUTLINED_FUNCTION_1</STRONG> (Thumb, 10 bytes, Stack size 0 bytes, radio.o(.text.OUTLINED_FUNCTION_1))
<BR><BR>[Stack]<UL><LI>Max Depth = 160<LI>Call Chain = OUTLINED_FUNCTION_1 &rArr; UTIL_ADV_TRACE_COND_FSend &rArr; tiny_vsnprintf_like
</UL>
<BR>[Calls]<UL><LI><a href="#[5a]">&gt;&gt;</a>&nbsp;&nbsp;&nbsp;UTIL_ADV_TRACE_COND_FSend
</UL>
<BR>[Called By]<UL><LI><a href="#[83]">&gt;&gt;</a>&nbsp;&nbsp;&nbsp;RadioIrqProcess
<LI><a href="#[75]">&gt;&gt;</a>&nbsp;&nbsp;&nbsp;RadioSend
</UL>

<P><STRONG><a name="[1af]"></a>OUTLINED_FUNCTION_6</STRONG> (Thumb, 12 bytes, Stack size 0 bytes, radio.o(.text.OUTLINED_FUNCTION_6))
<BR><BR>[Stack]<UL><LI>Max Depth = 56<LI>Call Chain = OUTLINED_FUNCTION_6 &rArr; UTIL_TIMER_SetPeriod &rArr; UTIL_TIMER_Start &rArr; TimerInsertNewHeadTimer &rArr; TimerSetTimeout
</UL>
<BR>[Calls]<UL><LI><a href="#[1b0]">&gt;&gt;</a>&nbsp;&nbsp;&nbsp;UTIL_TIMER_SetPeriod
</UL>
<BR>[Called By]<UL><LI><a href="#[84]">&gt;&gt;</a>&nbsp;&nbsp;&nbsp;RadioRxBoosted
<LI><a href="#[78]">&gt;&gt;</a>&nbsp;&nbsp;&nbsp;RadioRx
</UL>

<P><STRONG><a name="[1b4]"></a>OUTLINED_FUNCTION_9</STRONG> (Thumb, 10 bytes, Stack size 0 bytes, radio.o(.text.OUTLINED_FUNCTION_9))
<BR><BR>[Stack]<UL><LI>Max Depth = 84<LI>Call Chain = OUTLINED_FUNCTION_9 &rArr; SUBGRF_SetSwitch &rArr; Radio_SMPS_Set &rArr; SUBGRF_ReadRegister &rArr; HAL_SUBGHZ_ReadRegisters &rArr; OUTLINED_FUNCTION_6 &rArr; SUBGHZSPI_Receive
</UL>
<BR>[Calls]<UL><LI><a href="#[1ab]">&gt;&gt;</a>&nbsp;&nbsp;&nbsp;SUBGRF_SetSwitch
</UL>
<BR>[Called By]<UL><LI><a href="#[84]">&gt;&gt;</a>&nbsp;&nbsp;&nbsp;RadioRxBoosted
<LI><a href="#[78]">&gt;&gt;</a>&nbsp;&nbsp;&nbsp;RadioRx
</UL>

<P><STRONG><a name="[79]"></a>RadioStartCad</STRONG> (Thumb, 32 bytes, Stack size 8 bytes, radio.o(.text.RadioStartCad))
<BR><BR>[Stack]<UL><LI>Max Depth = 92<LI>Call Chain = RadioStartCad &rArr; OUTLINED_FUNCTION_4 &rArr; SUBGRF_SetSwitch &rArr; Radio_SMPS_Set &rArr; SUBGRF_ReadRegister &rArr; HAL_SUBGHZ_ReadRegisters &rArr; OUTLINED_FUNCTION_6 &rArr; SUBGHZSPI_Receive
</UL>
<BR>[Calls]<UL><LI><a href="#[1aa]">&gt;&gt;</a>&nbsp;&nbsp;&nbsp;OUTLINED_FUNCTION_4
<LI><a href="#[198]">&gt;&gt;</a>&nbsp;&nbsp;&nbsp;OUTLINED_FUNCTION_0
<LI><a href="#[1f7]">&gt;&gt;</a>&nbsp;&nbsp;&nbsp;SUBGRF_SetCad
</UL>
<BR>[Address Reference Count : 1]<UL><LI> radio.o(.rodata.Radio)
</UL>
<P><STRONG><a name="[1aa]"></a>OUTLINED_FUNCTION_4</STRONG> (Thumb, 8 bytes, Stack size 0 bytes, radio.o(.text.OUTLINED_FUNCTION_4))
<BR><BR>[Stack]<UL><LI>Max Depth = 84<LI>Call Chain = OUTLINED_FUNCTION_4 &rArr; SUBGRF_SetSwitch &rArr; Radio_SMPS_Set &rArr; SUBGRF_ReadRegister &rArr; HAL_SUBGHZ_ReadRegisters &rArr; OUTLINED_FUNCTION_6 &rArr; SUBGHZSPI_Receive
</UL>
<BR>[Calls]<UL><LI><a href="#[1ab]">&gt;&gt;</a>&nbsp;&nbsp;&nbsp;SUBGRF_SetSwitch
</UL>
<BR>[Called By]<UL><LI><a href="#[86]">&gt;&gt;</a>&nbsp;&nbsp;&nbsp;RadioTxPrbs
<LI><a href="#[85]">&gt;&gt;</a>&nbsp;&nbsp;&nbsp;RadioSetRxDutyCycle
<LI><a href="#[79]">&gt;&gt;</a>&nbsp;&nbsp;&nbsp;RadioStartCad
</UL>

<P><STRONG><a name="[7a]"></a>RadioSetTxContinuousWave</STRONG> (Thumb, 56 bytes, Stack size 16 bytes, radio.o(.text.RadioSetTxContinuousWave))
<BR><BR>[Stack]<UL><LI>Max Depth = 124<LI>Call Chain = RadioSetTxContinuousWave &rArr; SUBGRF_SetRfTxPower &rArr; SUBGRF_SetTxParams &rArr; SUBGRF_ReadRegister &rArr; HAL_SUBGHZ_ReadRegisters &rArr; OUTLINED_FUNCTION_6 &rArr; SUBGHZSPI_Receive
</UL>
<BR>[Calls]<UL><LI><a href="#[1b9]">&gt;&gt;</a>&nbsp;&nbsp;&nbsp;UTIL_TIMER_Start
<LI><a href="#[1b0]">&gt;&gt;</a>&nbsp;&nbsp;&nbsp;UTIL_TIMER_SetPeriod
<LI><a href="#[1f3]">&gt;&gt;</a>&nbsp;&nbsp;&nbsp;SUBGRF_SetRfTxPower
<LI><a href="#[1ab]">&gt;&gt;</a>&nbsp;&nbsp;&nbsp;SUBGRF_SetSwitch
<LI><a href="#[1de]">&gt;&gt;</a>&nbsp;&nbsp;&nbsp;SUBGRF_SetRfFrequency
<LI><a href="#[1f5]">&gt;&gt;</a>&nbsp;&nbsp;&nbsp;SUBGRF_SetTxContinuousWave
</UL>
<BR>[Address Reference Count : 1]<UL><LI> radio.o(.rodata.Radio)
</UL>
<P><STRONG><a name="[7b]"></a>RadioRssi</STRONG> (Thumb, 8 bytes, Stack size 8 bytes, radio.o(.text.RadioRssi))
<BR><BR>[Stack]<UL><LI>Max Depth = 76<LI>Call Chain = RadioRssi &rArr; SUBGRF_GetRssiInst &rArr; SUBGRF_ReadCommand &rArr; HAL_SUBGHZ_ExecGetCmd &rArr; OUTLINED_FUNCTION_6 &rArr; SUBGHZSPI_Receive
</UL>
<BR>[Calls]<UL><LI><a href="#[1e1]">&gt;&gt;</a>&nbsp;&nbsp;&nbsp;SUBGRF_GetRssiInst
</UL>
<BR>[Address Reference Count : 1]<UL><LI> radio.o(.rodata.Radio)
</UL>
<P><STRONG><a name="[7c]"></a>RadioWrite</STRONG> (Thumb, 4 bytes, Stack size 0 bytes, radio.o(.text.RadioWrite))
<BR><BR>[Stack]<UL><LI>Max Depth = 60<LI>Call Chain = RadioWrite &rArr; SUBGRF_WriteRegister &rArr; HAL_SUBGHZ_WriteRegisters &rArr; OUTLINED_FUNCTION_8 &rArr; SUBGHZSPI_Transmit
</UL>
<BR>[Calls]<UL><LI><a href="#[57]">&gt;&gt;</a>&nbsp;&nbsp;&nbsp;SUBGRF_WriteRegister
</UL>
<BR>[Address Reference Count : 1]<UL><LI> radio.o(.rodata.Radio)
</UL>
<P><STRONG><a name="[7d]"></a>RadioRead</STRONG> (Thumb, 4 bytes, Stack size 0 bytes, radio.o(.text.RadioRead))
<BR><BR>[Stack]<UL><LI>Max Depth = 68<LI>Call Chain = RadioRead &rArr; SUBGRF_ReadRegister &rArr; HAL_SUBGHZ_ReadRegisters &rArr; OUTLINED_FUNCTION_6 &rArr; SUBGHZSPI_Receive
</UL>
<BR>[Calls]<UL><LI><a href="#[58]">&gt;&gt;</a>&nbsp;&nbsp;&nbsp;SUBGRF_ReadRegister
</UL>
<BR>[Address Reference Count : 1]<UL><LI> radio.o(.rodata.Radio)
</UL>
<P><STRONG><a name="[7e]"></a>RadioWriteRegisters</STRONG> (Thumb, 4 bytes, Stack size 0 bytes, radio.o(.text.RadioWriteRegisters))
<BR><BR>[Stack]<UL><LI>Max Depth = 52<LI>Call Chain = RadioWriteRegisters &rArr; SUBGRF_WriteRegisters &rArr; HAL_SUBGHZ_WriteRegisters &rArr; OUTLINED_FUNCTION_8 &rArr; SUBGHZSPI_Transmit
</UL>
<BR>[Calls]<UL><LI><a href="#[1fa]">&gt;&gt;</a>&nbsp;&nbsp;&nbsp;SUBGRF_WriteRegisters
</UL>
<BR>[Address Reference Count : 1]<UL><LI> radio.o(.rodata.Radio)
</UL>
<P><STRONG><a name="[7f]"></a>RadioReadRegisters</STRONG> (Thumb, 4 bytes, Stack size 0 bytes, radio.o(.text.RadioReadRegisters))
<BR><BR>[Stack]<UL><LI>Max Depth = 60<LI>Call Chain = RadioReadRegisters &rArr; SUBGRF_ReadRegisters &rArr; HAL_SUBGHZ_ReadRegisters &rArr; OUTLINED_FUNCTION_6 &rArr; SUBGHZSPI_Receive
</UL>
<BR>[Calls]<UL><LI><a href="#[1e3]">&gt;&gt;</a>&nbsp;&nbsp;&nbsp;SUBGRF_ReadRegisters
</UL>
<BR>[Address Reference Count : 1]<UL><LI> radio.o(.rodata.Radio)
</UL>
<P><STRONG><a name="[80]"></a>RadioSetMaxPayloadLength</STRONG> (Thumb, 36 bytes, Stack size 0 bytes, radio.o(.text.RadioSetMaxPayloadLength))
<BR><BR>[Stack]<UL><LI>Max Depth = 108<LI>Call Chain = RadioSetMaxPayloadLength &rArr; SUBGRF_SetPacketParams &rArr; SUBGRF_SetPacketType &rArr; SUBGRF_WriteRegister &rArr; HAL_SUBGHZ_WriteRegisters &rArr; OUTLINED_FUNCTION_8 &rArr; SUBGHZSPI_Transmit
</UL>
<BR>[Calls]<UL><LI><a href="#[1e6]">&gt;&gt;</a>&nbsp;&nbsp;&nbsp;SUBGRF_SetPacketParams
</UL>
<BR>[Address Reference Count : 1]<UL><LI> radio.o(.rodata.Radio)
</UL>
<P><STRONG><a name="[83]"></a>RadioIrqProcess</STRONG> (Thumb, 480 bytes, Stack size 24 bytes, radio.o(.text.RadioIrqProcess))
<BR><BR>[Stack]<UL><LI>Max Depth = 184<LI>Call Chain = RadioIrqProcess &rArr; UTIL_ADV_TRACE_COND_FSend &rArr; tiny_vsnprintf_like
</UL>
<BR>[Calls]<UL><LI><a href="#[5a]">&gt;&gt;</a>&nbsp;&nbsp;&nbsp;UTIL_ADV_TRACE_COND_FSend
<LI><a href="#[1d6]">&gt;&gt;</a>&nbsp;&nbsp;&nbsp;UTIL_TIMER_Stop
<LI><a href="#[1a3]">&gt;&gt;</a>&nbsp;&nbsp;&nbsp;OUTLINED_FUNCTION_2
<LI><a href="#[19f]">&gt;&gt;</a>&nbsp;&nbsp;&nbsp;OUTLINED_FUNCTION_1
<LI><a href="#[1dc]">&gt;&gt;</a>&nbsp;&nbsp;&nbsp;RFW_ReceivePayload
<LI><a href="#[1d8]">&gt;&gt;</a>&nbsp;&nbsp;&nbsp;RFW_DeInit_TxLongPacket
<LI><a href="#[1d7]">&gt;&gt;</a>&nbsp;&nbsp;&nbsp;RFW_Is_LongPacketModeEnabled
<LI><a href="#[1db]">&gt;&gt;</a>&nbsp;&nbsp;&nbsp;RFW_Is_Init
<LI><a href="#[1dd]">&gt;&gt;</a>&nbsp;&nbsp;&nbsp;SUBGRF_GetCFO
<LI><a href="#[1da]">&gt;&gt;</a>&nbsp;&nbsp;&nbsp;SUBGRF_GetPacketStatus
<LI><a href="#[1d9]">&gt;&gt;</a>&nbsp;&nbsp;&nbsp;SUBGRF_GetPayload
<LI><a href="#[1cf]">&gt;&gt;</a>&nbsp;&nbsp;&nbsp;SUBGRF_GetOperatingMode
<LI><a href="#[58]">&gt;&gt;</a>&nbsp;&nbsp;&nbsp;SUBGRF_ReadRegister
<LI><a href="#[57]">&gt;&gt;</a>&nbsp;&nbsp;&nbsp;SUBGRF_WriteRegister
</UL>
<BR>[Called By]<UL><LI><a href="#[54]">&gt;&gt;</a>&nbsp;&nbsp;&nbsp;RadioOnDioIrq
</UL>
<BR>[Address Reference Count : 1]<UL><LI> radio.o(.rodata.Radio)
</UL>
<P><STRONG><a name="[1a3]"></a>OUTLINED_FUNCTION_2</STRONG> (Thumb, 6 bytes, Stack size 0 bytes, radio.o(.text.OUTLINED_FUNCTION_2))
<BR><BR>[Stack]<UL><LI>Max Depth = 60<LI>Call Chain = OUTLINED_FUNCTION_2 &rArr; SUBGRF_SetStandby &rArr; OUTLINED_FUNCTION_1 &rArr; SUBGRF_WriteCommand &rArr; HAL_SUBGHZ_ExecSetCmd &rArr; SUBGHZSPI_Transmit
</UL>
<BR>[Calls]<UL><LI><a href="#[1a4]">&gt;&gt;</a>&nbsp;&nbsp;&nbsp;SUBGRF_SetStandby
</UL>
<BR>[Called By]<UL><LI><a href="#[83]">&gt;&gt;</a>&nbsp;&nbsp;&nbsp;RadioIrqProcess
</UL>

<P><STRONG><a name="[84]"></a>RadioRxBoosted</STRONG> (Thumb, 72 bytes, Stack size 16 bytes, radio.o(.text.RadioRxBoosted))
<BR><BR>[Stack]<UL><LI>Max Depth = 100<LI>Call Chain = RadioRxBoosted &rArr; OUTLINED_FUNCTION_9 &rArr; SUBGRF_SetSwitch &rArr; Radio_SMPS_Set &rArr; SUBGRF_ReadRegister &rArr; HAL_SUBGHZ_ReadRegisters &rArr; OUTLINED_FUNCTION_6 &rArr; SUBGHZSPI_Receive
</UL>
<BR>[Calls]<UL><LI><a href="#[1b9]">&gt;&gt;</a>&nbsp;&nbsp;&nbsp;UTIL_TIMER_Start
<LI><a href="#[1b4]">&gt;&gt;</a>&nbsp;&nbsp;&nbsp;OUTLINED_FUNCTION_9
<LI><a href="#[1af]">&gt;&gt;</a>&nbsp;&nbsp;&nbsp;OUTLINED_FUNCTION_6
<LI><a href="#[198]">&gt;&gt;</a>&nbsp;&nbsp;&nbsp;OUTLINED_FUNCTION_0
<LI><a href="#[1cd]">&gt;&gt;</a>&nbsp;&nbsp;&nbsp;RFW_ReceiveInit
<LI><a href="#[1db]">&gt;&gt;</a>&nbsp;&nbsp;&nbsp;RFW_Is_Init
<LI><a href="#[1e5]">&gt;&gt;</a>&nbsp;&nbsp;&nbsp;SUBGRF_SetRxBoosted
</UL>
<BR>[Address Reference Count : 1]<UL><LI> radio.o(.rodata.Radio)
</UL>
<P><STRONG><a name="[85]"></a>RadioSetRxDutyCycle</STRONG> (Thumb, 28 bytes, Stack size 16 bytes, radio.o(.text.RadioSetRxDutyCycle))
<BR><BR>[Stack]<UL><LI>Max Depth = 100<LI>Call Chain = RadioSetRxDutyCycle &rArr; OUTLINED_FUNCTION_4 &rArr; SUBGRF_SetSwitch &rArr; Radio_SMPS_Set &rArr; SUBGRF_ReadRegister &rArr; HAL_SUBGHZ_ReadRegisters &rArr; OUTLINED_FUNCTION_6 &rArr; SUBGHZSPI_Receive
</UL>
<BR>[Calls]<UL><LI><a href="#[1aa]">&gt;&gt;</a>&nbsp;&nbsp;&nbsp;OUTLINED_FUNCTION_4
<LI><a href="#[1f1]">&gt;&gt;</a>&nbsp;&nbsp;&nbsp;SUBGRF_SetRxDutyCycle
</UL>
<BR>[Address Reference Count : 1]<UL><LI> radio.o(.rodata.Radio)
</UL>
<P><STRONG><a name="[86]"></a>RadioTxPrbs</STRONG> (Thumb, 36 bytes, Stack size 8 bytes, radio.o(.text.RadioTxPrbs))
<BR><BR>[Stack]<UL><LI>Max Depth = 92<LI>Call Chain = RadioTxPrbs &rArr; OUTLINED_FUNCTION_4 &rArr; SUBGRF_SetSwitch &rArr; Radio_SMPS_Set &rArr; SUBGRF_ReadRegister &rArr; HAL_SUBGHZ_ReadRegisters &rArr; OUTLINED_FUNCTION_6 &rArr; SUBGHZSPI_Receive
</UL>
<BR>[Calls]<UL><LI><a href="#[1aa]">&gt;&gt;</a>&nbsp;&nbsp;&nbsp;OUTLINED_FUNCTION_4
<LI><a href="#[1f8]">&gt;&gt;</a>&nbsp;&nbsp;&nbsp;SUBGRF_SetTxInfinitePreamble
<LI><a href="#[1f9]">&gt;&gt;</a>&nbsp;&nbsp;&nbsp;SUBGRF_SetTx
<LI><a href="#[57]">&gt;&gt;</a>&nbsp;&nbsp;&nbsp;SUBGRF_WriteRegister
</UL>
<BR>[Address Reference Count : 1]<UL><LI> radio.o(.rodata.Radio)
</UL>
<P><STRONG><a name="[87]"></a>RadioTxCw</STRONG> (Thumb, 20 bytes, Stack size 8 bytes, radio.o(.text.RadioTxCw))
<BR><BR>[Stack]<UL><LI>Max Depth = 116<LI>Call Chain = RadioTxCw &rArr; SUBGRF_SetRfTxPower &rArr; SUBGRF_SetTxParams &rArr; SUBGRF_ReadRegister &rArr; HAL_SUBGHZ_ReadRegisters &rArr; OUTLINED_FUNCTION_6 &rArr; SUBGHZSPI_Receive
</UL>
<BR>[Calls]<UL><LI><a href="#[1f3]">&gt;&gt;</a>&nbsp;&nbsp;&nbsp;SUBGRF_SetRfTxPower
<LI><a href="#[1ab]">&gt;&gt;</a>&nbsp;&nbsp;&nbsp;SUBGRF_SetSwitch
<LI><a href="#[1f5]">&gt;&gt;</a>&nbsp;&nbsp;&nbsp;SUBGRF_SetTxContinuousWave
</UL>
<BR>[Address Reference Count : 1]<UL><LI> radio.o(.rodata.Radio)
</UL>
<P><STRONG><a name="[88]"></a>RadioSetRxGenericConfig</STRONG> (Thumb, 528 bytes, Stack size 56 bytes, radio.o(.text.RadioSetRxGenericConfig))
<BR><BR>[Stack]<UL><LI>Max Depth = 164<LI>Call Chain = RadioSetRxGenericConfig &rArr; SUBGRF_SetPacketParams &rArr; SUBGRF_SetPacketType &rArr; SUBGRF_WriteRegister &rArr; HAL_SUBGHZ_WriteRegisters &rArr; OUTLINED_FUNCTION_8 &rArr; SUBGHZSPI_Transmit
</UL>
<BR>[Calls]<UL><LI><a href="#[1a7]">&gt;&gt;</a>&nbsp;&nbsp;&nbsp;OUTLINED_FUNCTION_3
<LI><a href="#[1b3]">&gt;&gt;</a>&nbsp;&nbsp;&nbsp;OUTLINED_FUNCTION_8
<LI><a href="#[77]">&gt;&gt;</a>&nbsp;&nbsp;&nbsp;RadioStandby
<LI><a href="#[6d]">&gt;&gt;</a>&nbsp;&nbsp;&nbsp;RadioSetModem
<LI><a href="#[1ea]">&gt;&gt;</a>&nbsp;&nbsp;&nbsp;RFW_DeInit
<LI><a href="#[1cb]">&gt;&gt;</a>&nbsp;&nbsp;&nbsp;RFW_Init
<LI><a href="#[1ec]">&gt;&gt;</a>&nbsp;&nbsp;&nbsp;SUBGRF_GetFskBandwidthRegValue
<LI><a href="#[1e6]">&gt;&gt;</a>&nbsp;&nbsp;&nbsp;SUBGRF_SetPacketParams
<LI><a href="#[1ed]">&gt;&gt;</a>&nbsp;&nbsp;&nbsp;SUBGRF_SetModulationParams
<LI><a href="#[1f0]">&gt;&gt;</a>&nbsp;&nbsp;&nbsp;SUBGRF_SetLoRaSymbNumTimeout
<LI><a href="#[1eb]">&gt;&gt;</a>&nbsp;&nbsp;&nbsp;SUBGRF_SetStopRxTimerOnPreambleDetect
<LI><a href="#[1ad]">&gt;&gt;</a>&nbsp;&nbsp;&nbsp;SUBGRF_SetWhiteningSeed
<LI><a href="#[1f2]">&gt;&gt;</a>&nbsp;&nbsp;&nbsp;SUBGRF_SetCrcPolynomial
<LI><a href="#[1ee]">&gt;&gt;</a>&nbsp;&nbsp;&nbsp;SUBGRF_SetSyncWord
<LI><a href="#[58]">&gt;&gt;</a>&nbsp;&nbsp;&nbsp;SUBGRF_ReadRegister
</UL>
<BR>[Address Reference Count : 1]<UL><LI> radio.o(.rodata.Radio)
</UL>
<P><STRONG><a name="[89]"></a>RadioSetTxGenericConfig</STRONG> (Thumb, 448 bytes, Stack size 48 bytes, radio.o(.text.RadioSetTxGenericConfig))
<BR><BR>[Stack]<UL><LI>Max Depth = 156<LI>Call Chain = RadioSetTxGenericConfig &rArr; SUBGRF_SetRfTxPower &rArr; SUBGRF_SetTxParams &rArr; SUBGRF_ReadRegister &rArr; HAL_SUBGHZ_ReadRegisters &rArr; OUTLINED_FUNCTION_6 &rArr; SUBGHZSPI_Receive
</UL>
<BR>[Calls]<UL><LI><a href="#[1b3]">&gt;&gt;</a>&nbsp;&nbsp;&nbsp;OUTLINED_FUNCTION_8
<LI><a href="#[77]">&gt;&gt;</a>&nbsp;&nbsp;&nbsp;RadioStandby
<LI><a href="#[6d]">&gt;&gt;</a>&nbsp;&nbsp;&nbsp;RadioSetModem
<LI><a href="#[1f4]">&gt;&gt;</a>&nbsp;&nbsp;&nbsp;RFW_SetAntSwitch
<LI><a href="#[1ea]">&gt;&gt;</a>&nbsp;&nbsp;&nbsp;RFW_DeInit
<LI><a href="#[1cb]">&gt;&gt;</a>&nbsp;&nbsp;&nbsp;RFW_Init
<LI><a href="#[1ec]">&gt;&gt;</a>&nbsp;&nbsp;&nbsp;SUBGRF_GetFskBandwidthRegValue
<LI><a href="#[1f3]">&gt;&gt;</a>&nbsp;&nbsp;&nbsp;SUBGRF_SetRfTxPower
<LI><a href="#[1e6]">&gt;&gt;</a>&nbsp;&nbsp;&nbsp;SUBGRF_SetPacketParams
<LI><a href="#[1ed]">&gt;&gt;</a>&nbsp;&nbsp;&nbsp;SUBGRF_SetModulationParams
<LI><a href="#[1ad]">&gt;&gt;</a>&nbsp;&nbsp;&nbsp;SUBGRF_SetWhiteningSeed
<LI><a href="#[1f2]">&gt;&gt;</a>&nbsp;&nbsp;&nbsp;SUBGRF_SetCrcPolynomial
<LI><a href="#[1ee]">&gt;&gt;</a>&nbsp;&nbsp;&nbsp;SUBGRF_SetSyncWord
<LI><a href="#[58]">&gt;&gt;</a>&nbsp;&nbsp;&nbsp;SUBGRF_ReadRegister
<LI><a href="#[57]">&gt;&gt;</a>&nbsp;&nbsp;&nbsp;SUBGRF_WriteRegister
</UL>
<BR>[Address Reference Count : 1]<UL><LI> radio.o(.rodata.Radio)
</UL>
<P><STRONG><a name="[69]"></a>TRACE_TxCpltCallback</STRONG> (Thumb, 132 bytes, Stack size 16 bytes, stm32_adv_trace.o(.text.TRACE_TxCpltCallback))
<BR><BR>[Stack]<UL><LI>Max Depth = 16<LI>Call Chain = TRACE_TxCpltCallback
</UL>
<BR>[Calls]<UL><LI><a href="#[21d]">&gt;&gt;</a>&nbsp;&nbsp;&nbsp;UTIL_ADV_TRACE_PostSendHook
<LI><a href="#[21b]">&gt;&gt;</a>&nbsp;&nbsp;&nbsp;TRACE_UnLock
</UL>
<BR>[Address Reference Count : 1]<UL><LI> stm32_adv_trace.o(.text.UTIL_ADV_TRACE_Init)
</UL>
<P><STRONG><a name="[21b]"></a>TRACE_UnLock</STRONG> (Thumb, 24 bytes, Stack size 0 bytes, stm32_adv_trace.o(.text.TRACE_UnLock))
<BR><BR>[Called By]<UL><LI><a href="#[5a]">&gt;&gt;</a>&nbsp;&nbsp;&nbsp;UTIL_ADV_TRACE_COND_FSend
<LI><a href="#[219]">&gt;&gt;</a>&nbsp;&nbsp;&nbsp;TRACE_Send
<LI><a href="#[69]">&gt;&gt;</a>&nbsp;&nbsp;&nbsp;TRACE_TxCpltCallback
</UL>

<P><STRONG><a name="[21a]"></a>TRACE_Lock</STRONG> (Thumb, 24 bytes, Stack size 0 bytes, stm32_adv_trace.o(.text.TRACE_Lock))
<BR><BR>[Called By]<UL><LI><a href="#[5a]">&gt;&gt;</a>&nbsp;&nbsp;&nbsp;UTIL_ADV_TRACE_COND_FSend
<LI><a href="#[219]">&gt;&gt;</a>&nbsp;&nbsp;&nbsp;TRACE_Send
</UL>

<P><STRONG><a name="[233]"></a>TRACE_AllocateBufer</STRONG> (Thumb, 124 bytes, Stack size 20 bytes, stm32_adv_trace.o(.text.TRACE_AllocateBufer))
<BR><BR>[Stack]<UL><LI>Max Depth = 20<LI>Call Chain = TRACE_AllocateBufer
</UL>
<BR>[Called By]<UL><LI><a href="#[5a]">&gt;&gt;</a>&nbsp;&nbsp;&nbsp;UTIL_ADV_TRACE_COND_FSend
</UL>

<P><STRONG><a name="[219]"></a>TRACE_Send</STRONG> (Thumb, 120 bytes, Stack size 16 bytes, stm32_adv_trace.o(.text.TRACE_Send))
<BR><BR>[Stack]<UL><LI>Max Depth = 16<LI>Call Chain = TRACE_Send
</UL>
<BR>[Calls]<UL><LI><a href="#[21c]">&gt;&gt;</a>&nbsp;&nbsp;&nbsp;UTIL_ADV_TRACE_PreSendHook
<LI><a href="#[21a]">&gt;&gt;</a>&nbsp;&nbsp;&nbsp;TRACE_Lock
<LI><a href="#[21b]">&gt;&gt;</a>&nbsp;&nbsp;&nbsp;TRACE_UnLock
</UL>
<BR>[Called By]<UL><LI><a href="#[5a]">&gt;&gt;</a>&nbsp;&nbsp;&nbsp;UTIL_ADV_TRACE_COND_FSend
</UL>

<P><STRONG><a name="[241]"></a>_printf_core</STRONG> (Thumb, 214 bytes, Stack size 40 bytes, printf2.o(i._printf_core), UNUSED)
<BR><BR>[Called By]<UL><LI><a href="#[240]">&gt;&gt;</a>&nbsp;&nbsp;&nbsp;__0printf$2
</UL>
<P>
<H3>
Undefined Global Symbols
</H3><HR></body></html>
