<html>
<body>
<pre>
<h1>µVision Build Log</h1>
<h2>Tool Versions:</h2>
IDE-Version: µVision V5.37.0.0
Copyright (C) 2022 ARM Ltd and ARM Germany GmbH. All rights reserved.
License Information: Seven02 Science, 7 Science, LIC=----
 
Tool Versions:
Toolchain:       MDK-Lite  Version: 5.37.0.0
Toolchain Path:  C:\Keil_v5\ARM\ARMCLANG\Bin
C Compiler:      ArmClang.exe V6.18
Assembler:       Armasm.exe V6.18
Linker/Locator:  ArmLink.exe V6.18
Library Manager: ArmAr.exe V6.18
Hex Converter:   FromElf.exe V6.18
CPU DLL:         SARMCM3.DLL V5.37.0.0
Dialog DLL:      DCM.DLL V1.17.5.0
Target DLL:      STLink\ST-LINKIII-KEIL_SWO.dll V3.0.9.0
Dialog DLL:      TCM.DLL V1.56.1.0
 
<h2>Project:</h2>
D:\STM32Cube_FW_WL_V1.1.0\Projects\NUCLEO-WL55JC\Applications\SubGHz_Phy\SubGHz_Phy_PingPong_WiP\MDK-ARM\SubGHz_Phy_PingPong.uvprojx
Project File Date:  07/29/2022

<h2>Output:</h2>
*** Using Compiler 'V6.18', folder: 'C:\Keil_v5\ARM\ARMCLANG\Bin'
Rebuild target 'SubGHz_Phy_PingPong'
assembling startup_stm32wl55xx_cm4.s...
compiling cmd_processing.c...
compiling app_subghz_phy.c...
compiling subghz.c...
compiling rtc.c...
compiling stm32wlxx_hal_msp.c...
compiling main.c...
compiling stm32wlxx_it.c...
compiling sys_app.c...
compiling dma.c...
compiling sys_debug.c...
compiling stm32_lpm_if.c...
compiling usart.c...
compiling usart_if.c...
compiling timer_if.c...
compiling subghz_phy_app.c...
compiling radio_board_if.c...
compiling stm32wlxx_nucleo_radio.c...
compiling stm32wlxx_nucleo.c...
compiling stm32wlxx_hal_flash.c...
compiling stm32wlxx_hal_gpio.c...
compiling stm32wlxx_hal_dma_ex.c...
compiling stm32wlxx_hal_pwr.c...
compiling stm32wlxx_hal_flash_ex.c...
compiling stm32wlxx_hal_dma.c...
compiling stm32wlxx_hal_cortex.c...
compiling stm32wlxx_hal_rcc_ex.c...
compiling stm32wlxx_hal_exti.c...
compiling stm32wlxx_hal.c...
compiling stm32wlxx_hal_pwr_ex.c...
compiling stm32wlxx_hal_rcc.c...
compiling stm32wlxx_hal_rtc.c...
compiling stm32_mem.c...
compiling stm32wlxx_hal_subghz.c...
compiling stm32wlxx_hal_usart.c...
compiling stm32_adv_trace.c...
compiling stm32wlxx_hal_usart_ex.c...
compiling system_stm32wlxx.c...
compiling stm32wlxx_hal_uart_ex.c...
compiling stm32wlxx_hal_rtc_ex.c...
compiling radio_fw.c...
compiling stm32_systime.c...
compiling stm32_tiny_sscanf.c...
compiling stm32_lpm.c...
compiling stm32_seq.c...
compiling stm32_timer.c...
compiling stm32wlxx_hal_tim_ex.c...
compiling stm32_tiny_vsnprintf.c...
compiling radio_driver.c...
compiling radio.c...
compiling stm32wlxx_hal_uart.c...
compiling stm32wlxx_hal_tim.c...
linking...
Program Size: Code=29164 RO-data=1324 RW-data=40 ZI-data=38136  
FromELF: creating hex file...
"SubGHz_Phy_PingPong\SubGHz_Phy_PingPong.axf" - 0 Error(s), 0 Warning(s).

<h2>Software Packages used:</h2>

Package Vendor: ARM
                http://www.keil.com/pack/ARM.CMSIS.5.9.0.pack
                ARM.CMSIS.5.9.0
                CMSIS (Common Microcontroller Software Interface Standard)
   * Component: CORE Version: 5.6.0

Package Vendor: Keil
                http://www.keil.com/pack/Keil.STM32WLxx_DFP.1.1.0.pack
                Keil.STM32WLxx_DFP.1.1.0
                STMicroelectronics STM32WL Series Device Support

<h2>Collection of Component include folders:</h2>
  ./RTE/_SubGHz_Phy_PingPong
  C:/Users/JoaoPaulo/AppData/Local/Arm/Packs/ARM/CMSIS/5.9.0/CMSIS/Core/Include
  C:/Users/JoaoPaulo/AppData/Local/Arm/Packs/Keil/STM32WLxx_DFP/1.1.0/Drivers/CMSIS/Device/ST/STM32WLxx/Include

<h2>Collection of Component Files used:</h2>

   * Component: ARM::CMSIS:CORE:5.6.0
      Include file:  CMSIS/Core/Include/tz_context.h
Build Time Elapsed:  00:00:02
</pre>
</body>
</html>
